<!doctype html public "-//w3c//dtd html 4.0 transitional//en">
<html><head>
<title>Static Call Graph - [.\Objects\LAB_004.axf]</title></head>
<body><HR>
<H1>Static Call Graph for image .\Objects\LAB_004.axf</H1><HR>
<BR><P>#&#060CALLGRAPH&#062# ARM Linker, 5060750: Last Updated: Sat Nov 17 19:12:32 2018
<BR><P>
<H3>Maximum Stack Usage =        184 bytes + Unknown(Cycles, Untraceable Function Pointers)</H3><H3>
Call chain for Maximum Stack Depth:</H3>
main &rArr; init &rArr; Car_Init &rArr; Motor_Init &rArr; Motor_Direction_Init &rArr; Motor_Controller &rArr; PWM0_Write &rArr; __aeabi_dmul &rArr; _double_epilogue &rArr; _double_round
<P>
<H3>
Mutually Recursive functions
</H3> <LI><a href="#[1]">NMI_Handler</a>&nbsp;&nbsp;&nbsp;&rArr;&nbsp;&nbsp;&nbsp;<a href="#[1]">NMI_Handler</a><BR>
 <LI><a href="#[2]">HardFault_Handler</a>&nbsp;&nbsp;&nbsp;&rArr;&nbsp;&nbsp;&nbsp;<a href="#[2]">HardFault_Handler</a><BR>
 <LI><a href="#[3]">MemManage_Handler</a>&nbsp;&nbsp;&nbsp;&rArr;&nbsp;&nbsp;&nbsp;<a href="#[3]">MemManage_Handler</a><BR>
 <LI><a href="#[4]">BusFault_Handler</a>&nbsp;&nbsp;&nbsp;&rArr;&nbsp;&nbsp;&nbsp;<a href="#[4]">BusFault_Handler</a><BR>
 <LI><a href="#[5]">UsageFault_Handler</a>&nbsp;&nbsp;&nbsp;&rArr;&nbsp;&nbsp;&nbsp;<a href="#[5]">UsageFault_Handler</a><BR>
 <LI><a href="#[6]">SVC_Handler</a>&nbsp;&nbsp;&nbsp;&rArr;&nbsp;&nbsp;&nbsp;<a href="#[6]">SVC_Handler</a><BR>
 <LI><a href="#[7]">DebugMon_Handler</a>&nbsp;&nbsp;&nbsp;&rArr;&nbsp;&nbsp;&nbsp;<a href="#[7]">DebugMon_Handler</a><BR>
 <LI><a href="#[8]">PendSV_Handler</a>&nbsp;&nbsp;&nbsp;&rArr;&nbsp;&nbsp;&nbsp;<a href="#[8]">PendSV_Handler</a><BR>
 <LI><a href="#[9]">SysTick_Handler</a>&nbsp;&nbsp;&nbsp;&rArr;&nbsp;&nbsp;&nbsp;<a href="#[9]">SysTick_Handler</a><BR>
 <LI><a href="#[1f]">ADC_IRQHandler</a>&nbsp;&nbsp;&nbsp;&rArr;&nbsp;&nbsp;&nbsp;<a href="#[1f]">ADC_IRQHandler</a><BR>
</UL>
<P>
<H3>
Function Pointers
</H3><UL>
 <LI><a href="#[1f]">ADC_IRQHandler</a> from startup_lpc407x_8x_177x_8x.o(.text) referenced from startup_lpc407x_8x_177x_8x.o(RESET)
 <LI><a href="#[20]">BOD_IRQHandler</a> from startup_lpc407x_8x_177x_8x.o(.text) referenced from startup_lpc407x_8x_177x_8x.o(RESET)
 <LI><a href="#[4]">BusFault_Handler</a> from startup_lpc407x_8x_177x_8x.o(.text) referenced from startup_lpc407x_8x_177x_8x.o(RESET)
 <LI><a href="#[2b]">CANActivity_IRQHandler</a> from startup_lpc407x_8x_177x_8x.o(.text) referenced from startup_lpc407x_8x_177x_8x.o(RESET)
 <LI><a href="#[22]">CAN_IRQHandler</a> from startup_lpc407x_8x_177x_8x.o(.text) referenced from startup_lpc407x_8x_177x_8x.o(RESET)
 <LI><a href="#[23]">DMA_IRQHandler</a> from startup_lpc407x_8x_177x_8x.o(.text) referenced from startup_lpc407x_8x_177x_8x.o(RESET)
 <LI><a href="#[7]">DebugMon_Handler</a> from startup_lpc407x_8x_177x_8x.o(.text) referenced from startup_lpc407x_8x_177x_8x.o(RESET)
 <LI><a href="#[31]">EEPROM_IRQHandler</a> from startup_lpc407x_8x_177x_8x.o(.text) referenced from startup_lpc407x_8x_177x_8x.o(RESET)
 <LI><a href="#[1b]">EINT0_IRQHandler</a> from startup_lpc407x_8x_177x_8x.o(.text) referenced from startup_lpc407x_8x_177x_8x.o(RESET)
 <LI><a href="#[1c]">EINT1_IRQHandler</a> from startup_lpc407x_8x_177x_8x.o(.text) referenced from startup_lpc407x_8x_177x_8x.o(RESET)
 <LI><a href="#[1d]">EINT2_IRQHandler</a> from startup_lpc407x_8x_177x_8x.o(.text) referenced from startup_lpc407x_8x_177x_8x.o(RESET)
 <LI><a href="#[1e]">EINT3_IRQHandler</a> from startup_lpc407x_8x_177x_8x.o(.text) referenced from startup_lpc407x_8x_177x_8x.o(RESET)
 <LI><a href="#[25]">ENET_IRQHandler</a> from startup_lpc407x_8x_177x_8x.o(.text) referenced from startup_lpc407x_8x_177x_8x.o(RESET)
 <LI><a href="#[2f]">GPIO_IRQHandler</a> from startup_lpc407x_8x_177x_8x.o(.text) referenced from startup_lpc407x_8x_177x_8x.o(RESET)
 <LI><a href="#[2]">HardFault_Handler</a> from startup_lpc407x_8x_177x_8x.o(.text) referenced from startup_lpc407x_8x_177x_8x.o(RESET)
 <LI><a href="#[14]">I2C0_IRQHandler</a> from startup_lpc407x_8x_177x_8x.o(.text) referenced from startup_lpc407x_8x_177x_8x.o(RESET)
 <LI><a href="#[15]">I2C1_IRQHandler</a> from startup_lpc407x_8x_177x_8x.o(.text) referenced from startup_lpc407x_8x_177x_8x.o(RESET)
 <LI><a href="#[16]">I2C2_IRQHandler</a> from startup_lpc407x_8x_177x_8x.o(.text) referenced from startup_lpc407x_8x_177x_8x.o(RESET)
 <LI><a href="#[24]">I2S_IRQHandler</a> from startup_lpc407x_8x_177x_8x.o(.text) referenced from startup_lpc407x_8x_177x_8x.o(RESET)
 <LI><a href="#[2e]">LCD_IRQHandler</a> from startup_lpc407x_8x_177x_8x.o(.text) referenced from startup_lpc407x_8x_177x_8x.o(RESET)
 <LI><a href="#[26]">MCI_IRQHandler</a> from startup_lpc407x_8x_177x_8x.o(.text) referenced from startup_lpc407x_8x_177x_8x.o(RESET)
 <LI><a href="#[27]">MCPWM_IRQHandler</a> from startup_lpc407x_8x_177x_8x.o(.text) referenced from startup_lpc407x_8x_177x_8x.o(RESET)
 <LI><a href="#[3]">MemManage_Handler</a> from startup_lpc407x_8x_177x_8x.o(.text) referenced from startup_lpc407x_8x_177x_8x.o(RESET)
 <LI><a href="#[1]">NMI_Handler</a> from startup_lpc407x_8x_177x_8x.o(.text) referenced from startup_lpc407x_8x_177x_8x.o(RESET)
 <LI><a href="#[19]">PLL0_IRQHandler</a> from startup_lpc407x_8x_177x_8x.o(.text) referenced from startup_lpc407x_8x_177x_8x.o(RESET)
 <LI><a href="#[29]">PLL1_IRQHandler</a> from startup_lpc407x_8x_177x_8x.o(.text) referenced from startup_lpc407x_8x_177x_8x.o(RESET)
 <LI><a href="#[30]">PWM0_IRQHandler</a> from startup_lpc407x_8x_177x_8x.o(.text) referenced from startup_lpc407x_8x_177x_8x.o(RESET)
 <LI><a href="#[13]">PWM1_IRQHandler</a> from startup_lpc407x_8x_177x_8x.o(.text) referenced from startup_lpc407x_8x_177x_8x.o(RESET)
 <LI><a href="#[8]">PendSV_Handler</a> from startup_lpc407x_8x_177x_8x.o(.text) referenced from startup_lpc407x_8x_177x_8x.o(RESET)
 <LI><a href="#[28]">QEI_IRQHandler</a> from startup_lpc407x_8x_177x_8x.o(.text) referenced from startup_lpc407x_8x_177x_8x.o(RESET)
 <LI><a href="#[1a]">RTC_IRQHandler</a> from startup_lpc407x_8x_177x_8x.o(.text) referenced from startup_lpc407x_8x_177x_8x.o(RESET)
 <LI><a href="#[35]">Reset_Handler</a> from startup_lpc407x_8x_177x_8x.o(.text) referenced from startup_lpc407x_8x_177x_8x.o(RESET)
 <LI><a href="#[17]">SSP0_IRQHandler</a> from startup_lpc407x_8x_177x_8x.o(.text) referenced from startup_lpc407x_8x_177x_8x.o(RESET)
 <LI><a href="#[18]">SSP1_IRQHandler</a> from startup_lpc407x_8x_177x_8x.o(.text) referenced from startup_lpc407x_8x_177x_8x.o(RESET)
 <LI><a href="#[2d]">SSP2_IRQHandler</a> from startup_lpc407x_8x_177x_8x.o(.text) referenced from startup_lpc407x_8x_177x_8x.o(RESET)
 <LI><a href="#[6]">SVC_Handler</a> from startup_lpc407x_8x_177x_8x.o(.text) referenced from startup_lpc407x_8x_177x_8x.o(RESET)
 <LI><a href="#[9]">SysTick_Handler</a> from startup_lpc407x_8x_177x_8x.o(.text) referenced from startup_lpc407x_8x_177x_8x.o(RESET)
 <LI><a href="#[33]">SystemInit</a> from system_lpc407x_8x_177x_8x.o(i.SystemInit) referenced from startup_lpc407x_8x_177x_8x.o(.text)
 <LI><a href="#[b]">TIMER0_IRQHandler</a> from startup_lpc407x_8x_177x_8x.o(.text) referenced from startup_lpc407x_8x_177x_8x.o(RESET)
 <LI><a href="#[c]">TIMER1_IRQHandler</a> from startup_lpc407x_8x_177x_8x.o(.text) referenced from startup_lpc407x_8x_177x_8x.o(RESET)
 <LI><a href="#[d]">TIMER2_IRQHandler</a> from startup_lpc407x_8x_177x_8x.o(.text) referenced from startup_lpc407x_8x_177x_8x.o(RESET)
 <LI><a href="#[e]">TIMER3_IRQHandler</a> from startup_lpc407x_8x_177x_8x.o(.text) referenced from startup_lpc407x_8x_177x_8x.o(RESET)
 <LI><a href="#[f]">UART0_IRQHandler</a> from startup_lpc407x_8x_177x_8x.o(.text) referenced from startup_lpc407x_8x_177x_8x.o(RESET)
 <LI><a href="#[10]">UART1_IRQHandler</a> from startup_lpc407x_8x_177x_8x.o(.text) referenced from startup_lpc407x_8x_177x_8x.o(RESET)
 <LI><a href="#[11]">UART2_IRQHandler</a> from startup_lpc407x_8x_177x_8x.o(.text) referenced from startup_lpc407x_8x_177x_8x.o(RESET)
 <LI><a href="#[12]">UART3_IRQHandler</a> from startup_lpc407x_8x_177x_8x.o(.text) referenced from startup_lpc407x_8x_177x_8x.o(RESET)
 <LI><a href="#[2c]">UART4_IRQHandler</a> from startup_lpc407x_8x_177x_8x.o(.text) referenced from startup_lpc407x_8x_177x_8x.o(RESET)
 <LI><a href="#[2a]">USBActivity_IRQHandler</a> from startup_lpc407x_8x_177x_8x.o(.text) referenced from startup_lpc407x_8x_177x_8x.o(RESET)
 <LI><a href="#[21]">USB_IRQHandler</a> from startup_lpc407x_8x_177x_8x.o(.text) referenced from startup_lpc407x_8x_177x_8x.o(RESET)
 <LI><a href="#[5]">UsageFault_Handler</a> from startup_lpc407x_8x_177x_8x.o(.text) referenced from startup_lpc407x_8x_177x_8x.o(RESET)
 <LI><a href="#[a]">WDT_IRQHandler</a> from startup_lpc407x_8x_177x_8x.o(.text) referenced from startup_lpc407x_8x_177x_8x.o(RESET)
 <LI><a href="#[34]">__main</a> from entry.o(.ARM.Collect$$$$00000000) referenced from startup_lpc407x_8x_177x_8x.o(.text)
 <LI><a href="#[32]">main</a> from main.o(i.main) referenced from entry9a.o(.ARM.Collect$$$$0000000B)
</UL>
<P>
<H3>
Global Symbols
</H3>
<P><STRONG><a name="[34]"></a>__main</STRONG> (Thumb, 0 bytes, Stack size unknown bytes, entry.o(.ARM.Collect$$$$00000000))
<BR>[Address Reference Count : 1]<UL><LI> startup_lpc407x_8x_177x_8x.o(.text)
</UL>
<P><STRONG><a name="[64]"></a>_main_stk</STRONG> (Thumb, 0 bytes, Stack size unknown bytes, entry2.o(.ARM.Collect$$$$00000001))

<P><STRONG><a name="[36]"></a>_main_scatterload</STRONG> (Thumb, 0 bytes, Stack size unknown bytes, entry5.o(.ARM.Collect$$$$00000004))
<BR><BR>[Calls]<UL><LI><a href="#[37]">&gt;&gt;</a>&nbsp;&nbsp;&nbsp;__scatterload
</UL>

<P><STRONG><a name="[40]"></a>__main_after_scatterload</STRONG> (Thumb, 0 bytes, Stack size unknown bytes, entry5.o(.ARM.Collect$$$$00000004))
<BR><BR>[Called By]<UL><LI><a href="#[37]">&gt;&gt;</a>&nbsp;&nbsp;&nbsp;__scatterload
</UL>

<P><STRONG><a name="[65]"></a>_main_clock</STRONG> (Thumb, 0 bytes, Stack size unknown bytes, entry7b.o(.ARM.Collect$$$$00000008))

<P><STRONG><a name="[66]"></a>_main_cpp_init</STRONG> (Thumb, 0 bytes, Stack size unknown bytes, entry8b.o(.ARM.Collect$$$$0000000A))

<P><STRONG><a name="[67]"></a>_main_init</STRONG> (Thumb, 0 bytes, Stack size unknown bytes, entry9a.o(.ARM.Collect$$$$0000000B))

<P><STRONG><a name="[68]"></a>__rt_final_cpp</STRONG> (Thumb, 0 bytes, Stack size unknown bytes, entry10a.o(.ARM.Collect$$$$0000000D))

<P><STRONG><a name="[69]"></a>__rt_final_exit</STRONG> (Thumb, 0 bytes, Stack size unknown bytes, entry11a.o(.ARM.Collect$$$$0000000F))

<P><STRONG><a name="[35]"></a>Reset_Handler</STRONG> (Thumb, 8 bytes, Stack size 0 bytes, startup_lpc407x_8x_177x_8x.o(.text))

<P><STRONG><a name="[1]"></a>NMI_Handler</STRONG> (Thumb, 2 bytes, Stack size 0 bytes, startup_lpc407x_8x_177x_8x.o(.text))
<BR><BR>[Calls]<UL><LI><a href="#[1]">&gt;&gt;</a>&nbsp;&nbsp;&nbsp;NMI_Handler
</UL>
<BR>[Called By]<UL><LI><a href="#[1]">&gt;&gt;</a>&nbsp;&nbsp;&nbsp;NMI_Handler
</UL>
<BR>[Address Reference Count : 1]<UL><LI> startup_lpc407x_8x_177x_8x.o(RESET)
</UL>
<P><STRONG><a name="[2]"></a>HardFault_Handler</STRONG> (Thumb, 2 bytes, Stack size 0 bytes, startup_lpc407x_8x_177x_8x.o(.text))
<BR><BR>[Calls]<UL><LI><a href="#[2]">&gt;&gt;</a>&nbsp;&nbsp;&nbsp;HardFault_Handler
</UL>
<BR>[Called By]<UL><LI><a href="#[2]">&gt;&gt;</a>&nbsp;&nbsp;&nbsp;HardFault_Handler
</UL>
<BR>[Address Reference Count : 1]<UL><LI> startup_lpc407x_8x_177x_8x.o(RESET)
</UL>
<P><STRONG><a name="[3]"></a>MemManage_Handler</STRONG> (Thumb, 2 bytes, Stack size 0 bytes, startup_lpc407x_8x_177x_8x.o(.text))
<BR><BR>[Calls]<UL><LI><a href="#[3]">&gt;&gt;</a>&nbsp;&nbsp;&nbsp;MemManage_Handler
</UL>
<BR>[Called By]<UL><LI><a href="#[3]">&gt;&gt;</a>&nbsp;&nbsp;&nbsp;MemManage_Handler
</UL>
<BR>[Address Reference Count : 1]<UL><LI> startup_lpc407x_8x_177x_8x.o(RESET)
</UL>
<P><STRONG><a name="[4]"></a>BusFault_Handler</STRONG> (Thumb, 2 bytes, Stack size 0 bytes, startup_lpc407x_8x_177x_8x.o(.text))
<BR><BR>[Calls]<UL><LI><a href="#[4]">&gt;&gt;</a>&nbsp;&nbsp;&nbsp;BusFault_Handler
</UL>
<BR>[Called By]<UL><LI><a href="#[4]">&gt;&gt;</a>&nbsp;&nbsp;&nbsp;BusFault_Handler
</UL>
<BR>[Address Reference Count : 1]<UL><LI> startup_lpc407x_8x_177x_8x.o(RESET)
</UL>
<P><STRONG><a name="[5]"></a>UsageFault_Handler</STRONG> (Thumb, 2 bytes, Stack size 0 bytes, startup_lpc407x_8x_177x_8x.o(.text))
<BR><BR>[Calls]<UL><LI><a href="#[5]">&gt;&gt;</a>&nbsp;&nbsp;&nbsp;UsageFault_Handler
</UL>
<BR>[Called By]<UL><LI><a href="#[5]">&gt;&gt;</a>&nbsp;&nbsp;&nbsp;UsageFault_Handler
</UL>
<BR>[Address Reference Count : 1]<UL><LI> startup_lpc407x_8x_177x_8x.o(RESET)
</UL>
<P><STRONG><a name="[6]"></a>SVC_Handler</STRONG> (Thumb, 2 bytes, Stack size 0 bytes, startup_lpc407x_8x_177x_8x.o(.text))
<BR><BR>[Calls]<UL><LI><a href="#[6]">&gt;&gt;</a>&nbsp;&nbsp;&nbsp;SVC_Handler
</UL>
<BR>[Called By]<UL><LI><a href="#[6]">&gt;&gt;</a>&nbsp;&nbsp;&nbsp;SVC_Handler
</UL>
<BR>[Address Reference Count : 1]<UL><LI> startup_lpc407x_8x_177x_8x.o(RESET)
</UL>
<P><STRONG><a name="[7]"></a>DebugMon_Handler</STRONG> (Thumb, 2 bytes, Stack size 0 bytes, startup_lpc407x_8x_177x_8x.o(.text))
<BR><BR>[Calls]<UL><LI><a href="#[7]">&gt;&gt;</a>&nbsp;&nbsp;&nbsp;DebugMon_Handler
</UL>
<BR>[Called By]<UL><LI><a href="#[7]">&gt;&gt;</a>&nbsp;&nbsp;&nbsp;DebugMon_Handler
</UL>
<BR>[Address Reference Count : 1]<UL><LI> startup_lpc407x_8x_177x_8x.o(RESET)
</UL>
<P><STRONG><a name="[8]"></a>PendSV_Handler</STRONG> (Thumb, 2 bytes, Stack size 0 bytes, startup_lpc407x_8x_177x_8x.o(.text))
<BR><BR>[Calls]<UL><LI><a href="#[8]">&gt;&gt;</a>&nbsp;&nbsp;&nbsp;PendSV_Handler
</UL>
<BR>[Called By]<UL><LI><a href="#[8]">&gt;&gt;</a>&nbsp;&nbsp;&nbsp;PendSV_Handler
</UL>
<BR>[Address Reference Count : 1]<UL><LI> startup_lpc407x_8x_177x_8x.o(RESET)
</UL>
<P><STRONG><a name="[9]"></a>SysTick_Handler</STRONG> (Thumb, 2 bytes, Stack size 0 bytes, startup_lpc407x_8x_177x_8x.o(.text))
<BR><BR>[Calls]<UL><LI><a href="#[9]">&gt;&gt;</a>&nbsp;&nbsp;&nbsp;SysTick_Handler
</UL>
<BR>[Called By]<UL><LI><a href="#[9]">&gt;&gt;</a>&nbsp;&nbsp;&nbsp;SysTick_Handler
</UL>
<BR>[Address Reference Count : 1]<UL><LI> startup_lpc407x_8x_177x_8x.o(RESET)
</UL>
<P><STRONG><a name="[1f]"></a>ADC_IRQHandler</STRONG> (Thumb, 0 bytes, Stack size 0 bytes, startup_lpc407x_8x_177x_8x.o(.text))
<BR><BR>[Calls]<UL><LI><a href="#[1f]">&gt;&gt;</a>&nbsp;&nbsp;&nbsp;ADC_IRQHandler
</UL>
<BR>[Called By]<UL><LI><a href="#[1f]">&gt;&gt;</a>&nbsp;&nbsp;&nbsp;ADC_IRQHandler
</UL>
<BR>[Address Reference Count : 1]<UL><LI> startup_lpc407x_8x_177x_8x.o(RESET)
</UL>
<P><STRONG><a name="[20]"></a>BOD_IRQHandler</STRONG> (Thumb, 0 bytes, Stack size 0 bytes, startup_lpc407x_8x_177x_8x.o(.text))
<BR>[Address Reference Count : 1]<UL><LI> startup_lpc407x_8x_177x_8x.o(RESET)
</UL>
<P><STRONG><a name="[2b]"></a>CANActivity_IRQHandler</STRONG> (Thumb, 0 bytes, Stack size 0 bytes, startup_lpc407x_8x_177x_8x.o(.text))
<BR>[Address Reference Count : 1]<UL><LI> startup_lpc407x_8x_177x_8x.o(RESET)
</UL>
<P><STRONG><a name="[22]"></a>CAN_IRQHandler</STRONG> (Thumb, 0 bytes, Stack size 0 bytes, startup_lpc407x_8x_177x_8x.o(.text))
<BR>[Address Reference Count : 1]<UL><LI> startup_lpc407x_8x_177x_8x.o(RESET)
</UL>
<P><STRONG><a name="[23]"></a>DMA_IRQHandler</STRONG> (Thumb, 0 bytes, Stack size 0 bytes, startup_lpc407x_8x_177x_8x.o(.text))
<BR>[Address Reference Count : 1]<UL><LI> startup_lpc407x_8x_177x_8x.o(RESET)
</UL>
<P><STRONG><a name="[31]"></a>EEPROM_IRQHandler</STRONG> (Thumb, 0 bytes, Stack size 0 bytes, startup_lpc407x_8x_177x_8x.o(.text))
<BR>[Address Reference Count : 1]<UL><LI> startup_lpc407x_8x_177x_8x.o(RESET)
</UL>
<P><STRONG><a name="[1b]"></a>EINT0_IRQHandler</STRONG> (Thumb, 0 bytes, Stack size 0 bytes, startup_lpc407x_8x_177x_8x.o(.text))
<BR>[Address Reference Count : 1]<UL><LI> startup_lpc407x_8x_177x_8x.o(RESET)
</UL>
<P><STRONG><a name="[1c]"></a>EINT1_IRQHandler</STRONG> (Thumb, 0 bytes, Stack size 0 bytes, startup_lpc407x_8x_177x_8x.o(.text))
<BR>[Address Reference Count : 1]<UL><LI> startup_lpc407x_8x_177x_8x.o(RESET)
</UL>
<P><STRONG><a name="[1d]"></a>EINT2_IRQHandler</STRONG> (Thumb, 0 bytes, Stack size 0 bytes, startup_lpc407x_8x_177x_8x.o(.text))
<BR>[Address Reference Count : 1]<UL><LI> startup_lpc407x_8x_177x_8x.o(RESET)
</UL>
<P><STRONG><a name="[1e]"></a>EINT3_IRQHandler</STRONG> (Thumb, 0 bytes, Stack size 0 bytes, startup_lpc407x_8x_177x_8x.o(.text))
<BR>[Address Reference Count : 1]<UL><LI> startup_lpc407x_8x_177x_8x.o(RESET)
</UL>
<P><STRONG><a name="[25]"></a>ENET_IRQHandler</STRONG> (Thumb, 0 bytes, Stack size 0 bytes, startup_lpc407x_8x_177x_8x.o(.text))
<BR>[Address Reference Count : 1]<UL><LI> startup_lpc407x_8x_177x_8x.o(RESET)
</UL>
<P><STRONG><a name="[2f]"></a>GPIO_IRQHandler</STRONG> (Thumb, 0 bytes, Stack size 0 bytes, startup_lpc407x_8x_177x_8x.o(.text))
<BR>[Address Reference Count : 1]<UL><LI> startup_lpc407x_8x_177x_8x.o(RESET)
</UL>
<P><STRONG><a name="[14]"></a>I2C0_IRQHandler</STRONG> (Thumb, 0 bytes, Stack size 0 bytes, startup_lpc407x_8x_177x_8x.o(.text))
<BR>[Address Reference Count : 1]<UL><LI> startup_lpc407x_8x_177x_8x.o(RESET)
</UL>
<P><STRONG><a name="[15]"></a>I2C1_IRQHandler</STRONG> (Thumb, 0 bytes, Stack size 0 bytes, startup_lpc407x_8x_177x_8x.o(.text))
<BR>[Address Reference Count : 1]<UL><LI> startup_lpc407x_8x_177x_8x.o(RESET)
</UL>
<P><STRONG><a name="[16]"></a>I2C2_IRQHandler</STRONG> (Thumb, 0 bytes, Stack size 0 bytes, startup_lpc407x_8x_177x_8x.o(.text))
<BR>[Address Reference Count : 1]<UL><LI> startup_lpc407x_8x_177x_8x.o(RESET)
</UL>
<P><STRONG><a name="[24]"></a>I2S_IRQHandler</STRONG> (Thumb, 0 bytes, Stack size 0 bytes, startup_lpc407x_8x_177x_8x.o(.text))
<BR>[Address Reference Count : 1]<UL><LI> startup_lpc407x_8x_177x_8x.o(RESET)
</UL>
<P><STRONG><a name="[2e]"></a>LCD_IRQHandler</STRONG> (Thumb, 0 bytes, Stack size 0 bytes, startup_lpc407x_8x_177x_8x.o(.text))
<BR>[Address Reference Count : 1]<UL><LI> startup_lpc407x_8x_177x_8x.o(RESET)
</UL>
<P><STRONG><a name="[26]"></a>MCI_IRQHandler</STRONG> (Thumb, 0 bytes, Stack size 0 bytes, startup_lpc407x_8x_177x_8x.o(.text))
<BR>[Address Reference Count : 1]<UL><LI> startup_lpc407x_8x_177x_8x.o(RESET)
</UL>
<P><STRONG><a name="[27]"></a>MCPWM_IRQHandler</STRONG> (Thumb, 0 bytes, Stack size 0 bytes, startup_lpc407x_8x_177x_8x.o(.text))
<BR>[Address Reference Count : 1]<UL><LI> startup_lpc407x_8x_177x_8x.o(RESET)
</UL>
<P><STRONG><a name="[19]"></a>PLL0_IRQHandler</STRONG> (Thumb, 0 bytes, Stack size 0 bytes, startup_lpc407x_8x_177x_8x.o(.text))
<BR>[Address Reference Count : 1]<UL><LI> startup_lpc407x_8x_177x_8x.o(RESET)
</UL>
<P><STRONG><a name="[29]"></a>PLL1_IRQHandler</STRONG> (Thumb, 0 bytes, Stack size 0 bytes, startup_lpc407x_8x_177x_8x.o(.text))
<BR>[Address Reference Count : 1]<UL><LI> startup_lpc407x_8x_177x_8x.o(RESET)
</UL>
<P><STRONG><a name="[30]"></a>PWM0_IRQHandler</STRONG> (Thumb, 0 bytes, Stack size 0 bytes, startup_lpc407x_8x_177x_8x.o(.text))
<BR>[Address Reference Count : 1]<UL><LI> startup_lpc407x_8x_177x_8x.o(RESET)
</UL>
<P><STRONG><a name="[13]"></a>PWM1_IRQHandler</STRONG> (Thumb, 0 bytes, Stack size 0 bytes, startup_lpc407x_8x_177x_8x.o(.text))
<BR>[Address Reference Count : 1]<UL><LI> startup_lpc407x_8x_177x_8x.o(RESET)
</UL>
<P><STRONG><a name="[28]"></a>QEI_IRQHandler</STRONG> (Thumb, 0 bytes, Stack size 0 bytes, startup_lpc407x_8x_177x_8x.o(.text))
<BR>[Address Reference Count : 1]<UL><LI> startup_lpc407x_8x_177x_8x.o(RESET)
</UL>
<P><STRONG><a name="[1a]"></a>RTC_IRQHandler</STRONG> (Thumb, 0 bytes, Stack size 0 bytes, startup_lpc407x_8x_177x_8x.o(.text))
<BR>[Address Reference Count : 1]<UL><LI> startup_lpc407x_8x_177x_8x.o(RESET)
</UL>
<P><STRONG><a name="[17]"></a>SSP0_IRQHandler</STRONG> (Thumb, 0 bytes, Stack size 0 bytes, startup_lpc407x_8x_177x_8x.o(.text))
<BR>[Address Reference Count : 1]<UL><LI> startup_lpc407x_8x_177x_8x.o(RESET)
</UL>
<P><STRONG><a name="[18]"></a>SSP1_IRQHandler</STRONG> (Thumb, 0 bytes, Stack size 0 bytes, startup_lpc407x_8x_177x_8x.o(.text))
<BR>[Address Reference Count : 1]<UL><LI> startup_lpc407x_8x_177x_8x.o(RESET)
</UL>
<P><STRONG><a name="[2d]"></a>SSP2_IRQHandler</STRONG> (Thumb, 0 bytes, Stack size 0 bytes, startup_lpc407x_8x_177x_8x.o(.text))
<BR>[Address Reference Count : 1]<UL><LI> startup_lpc407x_8x_177x_8x.o(RESET)
</UL>
<P><STRONG><a name="[b]"></a>TIMER0_IRQHandler</STRONG> (Thumb, 0 bytes, Stack size 0 bytes, startup_lpc407x_8x_177x_8x.o(.text))
<BR>[Address Reference Count : 1]<UL><LI> startup_lpc407x_8x_177x_8x.o(RESET)
</UL>
<P><STRONG><a name="[c]"></a>TIMER1_IRQHandler</STRONG> (Thumb, 0 bytes, Stack size 0 bytes, startup_lpc407x_8x_177x_8x.o(.text))
<BR>[Address Reference Count : 1]<UL><LI> startup_lpc407x_8x_177x_8x.o(RESET)
</UL>
<P><STRONG><a name="[d]"></a>TIMER2_IRQHandler</STRONG> (Thumb, 0 bytes, Stack size 0 bytes, startup_lpc407x_8x_177x_8x.o(.text))
<BR>[Address Reference Count : 1]<UL><LI> startup_lpc407x_8x_177x_8x.o(RESET)
</UL>
<P><STRONG><a name="[e]"></a>TIMER3_IRQHandler</STRONG> (Thumb, 0 bytes, Stack size 0 bytes, startup_lpc407x_8x_177x_8x.o(.text))
<BR>[Address Reference Count : 1]<UL><LI> startup_lpc407x_8x_177x_8x.o(RESET)
</UL>
<P><STRONG><a name="[f]"></a>UART0_IRQHandler</STRONG> (Thumb, 0 bytes, Stack size 0 bytes, startup_lpc407x_8x_177x_8x.o(.text))
<BR>[Address Reference Count : 1]<UL><LI> startup_lpc407x_8x_177x_8x.o(RESET)
</UL>
<P><STRONG><a name="[10]"></a>UART1_IRQHandler</STRONG> (Thumb, 0 bytes, Stack size 0 bytes, startup_lpc407x_8x_177x_8x.o(.text))
<BR>[Address Reference Count : 1]<UL><LI> startup_lpc407x_8x_177x_8x.o(RESET)
</UL>
<P><STRONG><a name="[11]"></a>UART2_IRQHandler</STRONG> (Thumb, 0 bytes, Stack size 0 bytes, startup_lpc407x_8x_177x_8x.o(.text))
<BR>[Address Reference Count : 1]<UL><LI> startup_lpc407x_8x_177x_8x.o(RESET)
</UL>
<P><STRONG><a name="[12]"></a>UART3_IRQHandler</STRONG> (Thumb, 0 bytes, Stack size 0 bytes, startup_lpc407x_8x_177x_8x.o(.text))
<BR>[Address Reference Count : 1]<UL><LI> startup_lpc407x_8x_177x_8x.o(RESET)
</UL>
<P><STRONG><a name="[2c]"></a>UART4_IRQHandler</STRONG> (Thumb, 0 bytes, Stack size 0 bytes, startup_lpc407x_8x_177x_8x.o(.text))
<BR>[Address Reference Count : 1]<UL><LI> startup_lpc407x_8x_177x_8x.o(RESET)
</UL>
<P><STRONG><a name="[2a]"></a>USBActivity_IRQHandler</STRONG> (Thumb, 0 bytes, Stack size 0 bytes, startup_lpc407x_8x_177x_8x.o(.text))
<BR>[Address Reference Count : 1]<UL><LI> startup_lpc407x_8x_177x_8x.o(RESET)
</UL>
<P><STRONG><a name="[21]"></a>USB_IRQHandler</STRONG> (Thumb, 0 bytes, Stack size 0 bytes, startup_lpc407x_8x_177x_8x.o(.text))
<BR>[Address Reference Count : 1]<UL><LI> startup_lpc407x_8x_177x_8x.o(RESET)
</UL>
<P><STRONG><a name="[a]"></a>WDT_IRQHandler</STRONG> (Thumb, 0 bytes, Stack size 0 bytes, startup_lpc407x_8x_177x_8x.o(.text))
<BR>[Address Reference Count : 1]<UL><LI> startup_lpc407x_8x_177x_8x.o(RESET)
</UL>
<P><STRONG><a name="[38]"></a>__aeabi_dmul</STRONG> (Thumb, 228 bytes, Stack size 48 bytes, dmul.o(.text))
<BR><BR>[Stack]<UL><LI>Max Depth = 88<LI>Call Chain = __aeabi_dmul &rArr; _double_epilogue &rArr; _double_round
</UL>
<BR>[Calls]<UL><LI><a href="#[39]">&gt;&gt;</a>&nbsp;&nbsp;&nbsp;_double_epilogue
</UL>
<BR>[Called By]<UL><LI><a href="#[4f]">&gt;&gt;</a>&nbsp;&nbsp;&nbsp;PWM1_Write
<LI><a href="#[57]">&gt;&gt;</a>&nbsp;&nbsp;&nbsp;PWM0_Write
</UL>

<P><STRONG><a name="[3a]"></a>__aeabi_ddiv</STRONG> (Thumb, 222 bytes, Stack size 32 bytes, ddiv.o(.text))
<BR><BR>[Stack]<UL><LI>Max Depth = 40<LI>Call Chain = __aeabi_ddiv &rArr; _double_round
</UL>
<BR>[Calls]<UL><LI><a href="#[3b]">&gt;&gt;</a>&nbsp;&nbsp;&nbsp;_double_round
</UL>
<BR>[Called By]<UL><LI><a href="#[4f]">&gt;&gt;</a>&nbsp;&nbsp;&nbsp;PWM1_Write
<LI><a href="#[57]">&gt;&gt;</a>&nbsp;&nbsp;&nbsp;PWM0_Write
</UL>

<P><STRONG><a name="[3c]"></a>__aeabi_ui2d</STRONG> (Thumb, 26 bytes, Stack size 16 bytes, dfltui.o(.text))
<BR><BR>[Stack]<UL><LI>Max Depth = 56<LI>Call Chain = __aeabi_ui2d &rArr; _double_epilogue &rArr; _double_round
</UL>
<BR>[Calls]<UL><LI><a href="#[39]">&gt;&gt;</a>&nbsp;&nbsp;&nbsp;_double_epilogue
</UL>
<BR>[Called By]<UL><LI><a href="#[4f]">&gt;&gt;</a>&nbsp;&nbsp;&nbsp;PWM1_Write
<LI><a href="#[57]">&gt;&gt;</a>&nbsp;&nbsp;&nbsp;PWM0_Write
</UL>

<P><STRONG><a name="[6a]"></a>__I$use$fp</STRONG> (Thumb, 0 bytes, Stack size unknown bytes, iusefp.o(.text), UNUSED)

<P><STRONG><a name="[6b]"></a>__scatterload_null</STRONG> (Thumb, 2 bytes, Stack size unknown bytes, handlers.o(i.__scatterload_null), UNUSED)

<P><STRONG><a name="[3d]"></a>__aeabi_d2uiz</STRONG> (Thumb, 50 bytes, Stack size 8 bytes, dfixui.o(.text))
<BR><BR>[Stack]<UL><LI>Max Depth = 8<LI>Call Chain = __aeabi_d2uiz
</UL>
<BR>[Calls]<UL><LI><a href="#[3e]">&gt;&gt;</a>&nbsp;&nbsp;&nbsp;__aeabi_llsr
</UL>
<BR>[Called By]<UL><LI><a href="#[4f]">&gt;&gt;</a>&nbsp;&nbsp;&nbsp;PWM1_Write
<LI><a href="#[57]">&gt;&gt;</a>&nbsp;&nbsp;&nbsp;PWM0_Write
</UL>

<P><STRONG><a name="[3e]"></a>__aeabi_llsr</STRONG> (Thumb, 32 bytes, Stack size 0 bytes, llushr.o(.text))
<BR><BR>[Called By]<UL><LI><a href="#[39]">&gt;&gt;</a>&nbsp;&nbsp;&nbsp;_double_epilogue
<LI><a href="#[3d]">&gt;&gt;</a>&nbsp;&nbsp;&nbsp;__aeabi_d2uiz
</UL>

<P><STRONG><a name="[6c]"></a>_ll_ushift_r</STRONG> (Thumb, 0 bytes, Stack size 0 bytes, llushr.o(.text), UNUSED)

<P><STRONG><a name="[3b]"></a>_double_round</STRONG> (Thumb, 30 bytes, Stack size 8 bytes, depilogue.o(.text))
<BR><BR>[Stack]<UL><LI>Max Depth = 8<LI>Call Chain = _double_round
</UL>
<BR>[Called By]<UL><LI><a href="#[39]">&gt;&gt;</a>&nbsp;&nbsp;&nbsp;_double_epilogue
<LI><a href="#[3a]">&gt;&gt;</a>&nbsp;&nbsp;&nbsp;__aeabi_ddiv
</UL>

<P><STRONG><a name="[39]"></a>_double_epilogue</STRONG> (Thumb, 156 bytes, Stack size 32 bytes, depilogue.o(.text))
<BR><BR>[Stack]<UL><LI>Max Depth = 40<LI>Call Chain = _double_epilogue &rArr; _double_round
</UL>
<BR>[Calls]<UL><LI><a href="#[3f]">&gt;&gt;</a>&nbsp;&nbsp;&nbsp;__aeabi_llsl
<LI><a href="#[3e]">&gt;&gt;</a>&nbsp;&nbsp;&nbsp;__aeabi_llsr
<LI><a href="#[3b]">&gt;&gt;</a>&nbsp;&nbsp;&nbsp;_double_round
</UL>
<BR>[Called By]<UL><LI><a href="#[3c]">&gt;&gt;</a>&nbsp;&nbsp;&nbsp;__aeabi_ui2d
<LI><a href="#[38]">&gt;&gt;</a>&nbsp;&nbsp;&nbsp;__aeabi_dmul
</UL>

<P><STRONG><a name="[37]"></a>__scatterload</STRONG> (Thumb, 28 bytes, Stack size 0 bytes, init.o(.text))
<BR><BR>[Calls]<UL><LI><a href="#[40]">&gt;&gt;</a>&nbsp;&nbsp;&nbsp;__main_after_scatterload
</UL>
<BR>[Called By]<UL><LI><a href="#[36]">&gt;&gt;</a>&nbsp;&nbsp;&nbsp;_main_scatterload
</UL>

<P><STRONG><a name="[6d]"></a>__scatterload_rt2</STRONG> (Thumb, 0 bytes, Stack size 0 bytes, init.o(.text), UNUSED)

<P><STRONG><a name="[3f]"></a>__aeabi_llsl</STRONG> (Thumb, 30 bytes, Stack size 0 bytes, llshl.o(.text))
<BR><BR>[Called By]<UL><LI><a href="#[39]">&gt;&gt;</a>&nbsp;&nbsp;&nbsp;_double_epilogue
</UL>

<P><STRONG><a name="[6e]"></a>_ll_shift_l</STRONG> (Thumb, 0 bytes, Stack size 0 bytes, llshl.o(.text), UNUSED)

<P><STRONG><a name="[41]"></a>Car_Init</STRONG> (Thumb, 20 bytes, Stack size 8 bytes, car.o(i.Car_Init))
<BR><BR>[Stack]<UL><LI>Max Depth = 176<LI>Call Chain = Car_Init &rArr; Motor_Init &rArr; Motor_Direction_Init &rArr; Motor_Controller &rArr; PWM0_Write &rArr; __aeabi_dmul &rArr; _double_epilogue &rArr; _double_round
</UL>
<BR>[Calls]<UL><LI><a href="#[45]">&gt;&gt;</a>&nbsp;&nbsp;&nbsp;Speedometer_Init
<LI><a href="#[43]">&gt;&gt;</a>&nbsp;&nbsp;&nbsp;Motor_Init
<LI><a href="#[44]">&gt;&gt;</a>&nbsp;&nbsp;&nbsp;LED_Init
<LI><a href="#[42]">&gt;&gt;</a>&nbsp;&nbsp;&nbsp;Joystick_Init
</UL>
<BR>[Called By]<UL><LI><a href="#[5f]">&gt;&gt;</a>&nbsp;&nbsp;&nbsp;init
</UL>

<P><STRONG><a name="[49]"></a>GPIO_DIR_Write</STRONG> (Thumb, 18 bytes, Stack size 0 bytes, gpio.o(i.GPIO_DIR_Write))
<BR><BR>[Called By]<UL><LI><a href="#[58]">&gt;&gt;</a>&nbsp;&nbsp;&nbsp;Motor_Direction_Init
<LI><a href="#[53]">&gt;&gt;</a>&nbsp;&nbsp;&nbsp;LED_Set
<LI><a href="#[42]">&gt;&gt;</a>&nbsp;&nbsp;&nbsp;Joystick_Init
</UL>

<P><STRONG><a name="[47]"></a>GPIO_PIN_Read</STRONG> (Thumb, 10 bytes, Stack size 0 bytes, gpio.o(i.GPIO_PIN_Read))
<BR><BR>[Called By]<UL><LI><a href="#[4c]">&gt;&gt;</a>&nbsp;&nbsp;&nbsp;Joystick_Up_Pressed
<LI><a href="#[4b]">&gt;&gt;</a>&nbsp;&nbsp;&nbsp;Joystick_Right_Pressed
<LI><a href="#[4a]">&gt;&gt;</a>&nbsp;&nbsp;&nbsp;Joystick_Left_Pressed
<LI><a href="#[48]">&gt;&gt;</a>&nbsp;&nbsp;&nbsp;Joystick_Down_Pressed
<LI><a href="#[46]">&gt;&gt;</a>&nbsp;&nbsp;&nbsp;Joystick_Center_Pressed
</UL>

<P><STRONG><a name="[54]"></a>GPIO_PIN_Write</STRONG> (Thumb, 18 bytes, Stack size 0 bytes, gpio.o(i.GPIO_PIN_Write))
<BR><BR>[Called By]<UL><LI><a href="#[56]">&gt;&gt;</a>&nbsp;&nbsp;&nbsp;Motor_Handle
<LI><a href="#[51]">&gt;&gt;</a>&nbsp;&nbsp;&nbsp;LED_On
<LI><a href="#[52]">&gt;&gt;</a>&nbsp;&nbsp;&nbsp;LED_Off
</UL>

<P><STRONG><a name="[46]"></a>Joystick_Center_Pressed</STRONG> (Thumb, 20 bytes, Stack size 8 bytes, joystick.o(i.Joystick_Center_Pressed))
<BR><BR>[Stack]<UL><LI>Max Depth = 8<LI>Call Chain = Joystick_Center_Pressed
</UL>
<BR>[Calls]<UL><LI><a href="#[47]">&gt;&gt;</a>&nbsp;&nbsp;&nbsp;GPIO_PIN_Read
</UL>
<BR>[Called By]<UL><LI><a href="#[60]">&gt;&gt;</a>&nbsp;&nbsp;&nbsp;update
</UL>

<P><STRONG><a name="[48]"></a>Joystick_Down_Pressed</STRONG> (Thumb, 20 bytes, Stack size 8 bytes, joystick.o(i.Joystick_Down_Pressed))
<BR><BR>[Stack]<UL><LI>Max Depth = 8<LI>Call Chain = Joystick_Down_Pressed
</UL>
<BR>[Calls]<UL><LI><a href="#[47]">&gt;&gt;</a>&nbsp;&nbsp;&nbsp;GPIO_PIN_Read
</UL>
<BR>[Called By]<UL><LI><a href="#[60]">&gt;&gt;</a>&nbsp;&nbsp;&nbsp;update
</UL>

<P><STRONG><a name="[42]"></a>Joystick_Init</STRONG> (Thumb, 54 bytes, Stack size 8 bytes, joystick.o(i.Joystick_Init))
<BR><BR>[Stack]<UL><LI>Max Depth = 8<LI>Call Chain = Joystick_Init
</UL>
<BR>[Calls]<UL><LI><a href="#[49]">&gt;&gt;</a>&nbsp;&nbsp;&nbsp;GPIO_DIR_Write
</UL>
<BR>[Called By]<UL><LI><a href="#[41]">&gt;&gt;</a>&nbsp;&nbsp;&nbsp;Car_Init
</UL>

<P><STRONG><a name="[4a]"></a>Joystick_Left_Pressed</STRONG> (Thumb, 20 bytes, Stack size 8 bytes, joystick.o(i.Joystick_Left_Pressed))
<BR><BR>[Stack]<UL><LI>Max Depth = 8<LI>Call Chain = Joystick_Left_Pressed
</UL>
<BR>[Calls]<UL><LI><a href="#[47]">&gt;&gt;</a>&nbsp;&nbsp;&nbsp;GPIO_PIN_Read
</UL>
<BR>[Called By]<UL><LI><a href="#[60]">&gt;&gt;</a>&nbsp;&nbsp;&nbsp;update
</UL>

<P><STRONG><a name="[4b]"></a>Joystick_Right_Pressed</STRONG> (Thumb, 20 bytes, Stack size 8 bytes, joystick.o(i.Joystick_Right_Pressed))
<BR><BR>[Stack]<UL><LI>Max Depth = 8<LI>Call Chain = Joystick_Right_Pressed
</UL>
<BR>[Calls]<UL><LI><a href="#[47]">&gt;&gt;</a>&nbsp;&nbsp;&nbsp;GPIO_PIN_Read
</UL>
<BR>[Called By]<UL><LI><a href="#[60]">&gt;&gt;</a>&nbsp;&nbsp;&nbsp;update
</UL>

<P><STRONG><a name="[4c]"></a>Joystick_Up_Pressed</STRONG> (Thumb, 20 bytes, Stack size 8 bytes, joystick.o(i.Joystick_Up_Pressed))
<BR><BR>[Stack]<UL><LI>Max Depth = 8<LI>Call Chain = Joystick_Up_Pressed
</UL>
<BR>[Calls]<UL><LI><a href="#[47]">&gt;&gt;</a>&nbsp;&nbsp;&nbsp;GPIO_PIN_Read
</UL>
<BR>[Called By]<UL><LI><a href="#[60]">&gt;&gt;</a>&nbsp;&nbsp;&nbsp;update
</UL>

<P><STRONG><a name="[4d]"></a>LED_Controller</STRONG> (Thumb, 116 bytes, Stack size 24 bytes, led.o(i.LED_Controller))
<BR><BR>[Stack]<UL><LI>Max Depth = 152<LI>Call Chain = LED_Controller &rArr; PWM1_Write &rArr; __aeabi_dmul &rArr; _double_epilogue &rArr; _double_round
</UL>
<BR>[Calls]<UL><LI><a href="#[4e]">&gt;&gt;</a>&nbsp;&nbsp;&nbsp;LED_Handle
<LI><a href="#[4f]">&gt;&gt;</a>&nbsp;&nbsp;&nbsp;PWM1_Write
<LI><a href="#[50]">&gt;&gt;</a>&nbsp;&nbsp;&nbsp;PWM1_Cycle_Rate
</UL>
<BR>[Called By]<UL><LI><a href="#[63]">&gt;&gt;</a>&nbsp;&nbsp;&nbsp;turnRight
<LI><a href="#[62]">&gt;&gt;</a>&nbsp;&nbsp;&nbsp;turnLeft
<LI><a href="#[61]">&gt;&gt;</a>&nbsp;&nbsp;&nbsp;stopCar
<LI><a href="#[5e]">&gt;&gt;</a>&nbsp;&nbsp;&nbsp;goForward
<LI><a href="#[5c]">&gt;&gt;</a>&nbsp;&nbsp;&nbsp;goBackward
</UL>

<P><STRONG><a name="[4e]"></a>LED_Handle</STRONG> (Thumb, 34 bytes, Stack size 16 bytes, led.o(i.LED_Handle))
<BR><BR>[Stack]<UL><LI>Max Depth = 32<LI>Call Chain = LED_Handle &rArr; LED_On
</UL>
<BR>[Calls]<UL><LI><a href="#[51]">&gt;&gt;</a>&nbsp;&nbsp;&nbsp;LED_On
<LI><a href="#[52]">&gt;&gt;</a>&nbsp;&nbsp;&nbsp;LED_Off
</UL>
<BR>[Called By]<UL><LI><a href="#[4d]">&gt;&gt;</a>&nbsp;&nbsp;&nbsp;LED_Controller
</UL>

<P><STRONG><a name="[44]"></a>LED_Init</STRONG> (Thumb, 164 bytes, Stack size 8 bytes, led.o(i.LED_Init))
<BR><BR>[Stack]<UL><LI>Max Depth = 136<LI>Call Chain = LED_Init &rArr; PWM1_Write &rArr; __aeabi_dmul &rArr; _double_epilogue &rArr; _double_round
</UL>
<BR>[Calls]<UL><LI><a href="#[53]">&gt;&gt;</a>&nbsp;&nbsp;&nbsp;LED_Set
<LI><a href="#[4f]">&gt;&gt;</a>&nbsp;&nbsp;&nbsp;PWM1_Write
</UL>
<BR>[Called By]<UL><LI><a href="#[41]">&gt;&gt;</a>&nbsp;&nbsp;&nbsp;Car_Init
</UL>

<P><STRONG><a name="[52]"></a>LED_Off</STRONG> (Thumb, 18 bytes, Stack size 16 bytes, led.o(i.LED_Off))
<BR><BR>[Stack]<UL><LI>Max Depth = 16<LI>Call Chain = LED_Off
</UL>
<BR>[Calls]<UL><LI><a href="#[54]">&gt;&gt;</a>&nbsp;&nbsp;&nbsp;GPIO_PIN_Write
</UL>
<BR>[Called By]<UL><LI><a href="#[4e]">&gt;&gt;</a>&nbsp;&nbsp;&nbsp;LED_Handle
</UL>

<P><STRONG><a name="[51]"></a>LED_On</STRONG> (Thumb, 18 bytes, Stack size 16 bytes, led.o(i.LED_On))
<BR><BR>[Stack]<UL><LI>Max Depth = 16<LI>Call Chain = LED_On
</UL>
<BR>[Calls]<UL><LI><a href="#[54]">&gt;&gt;</a>&nbsp;&nbsp;&nbsp;GPIO_PIN_Write
</UL>
<BR>[Called By]<UL><LI><a href="#[4e]">&gt;&gt;</a>&nbsp;&nbsp;&nbsp;LED_Handle
</UL>

<P><STRONG><a name="[53]"></a>LED_Set</STRONG> (Thumb, 20 bytes, Stack size 16 bytes, led.o(i.LED_Set))
<BR><BR>[Stack]<UL><LI>Max Depth = 16<LI>Call Chain = LED_Set
</UL>
<BR>[Calls]<UL><LI><a href="#[49]">&gt;&gt;</a>&nbsp;&nbsp;&nbsp;GPIO_DIR_Write
</UL>
<BR>[Called By]<UL><LI><a href="#[44]">&gt;&gt;</a>&nbsp;&nbsp;&nbsp;LED_Init
</UL>

<P><STRONG><a name="[55]"></a>Motor_Controller</STRONG> (Thumb, 54 bytes, Stack size 24 bytes, motor.o(i.Motor_Controller))
<BR><BR>[Stack]<UL><LI>Max Depth = 152<LI>Call Chain = Motor_Controller &rArr; PWM0_Write &rArr; __aeabi_dmul &rArr; _double_epilogue &rArr; _double_round
</UL>
<BR>[Calls]<UL><LI><a href="#[56]">&gt;&gt;</a>&nbsp;&nbsp;&nbsp;Motor_Handle
<LI><a href="#[57]">&gt;&gt;</a>&nbsp;&nbsp;&nbsp;PWM0_Write
</UL>
<BR>[Called By]<UL><LI><a href="#[58]">&gt;&gt;</a>&nbsp;&nbsp;&nbsp;Motor_Direction_Init
<LI><a href="#[63]">&gt;&gt;</a>&nbsp;&nbsp;&nbsp;turnRight
<LI><a href="#[62]">&gt;&gt;</a>&nbsp;&nbsp;&nbsp;turnLeft
<LI><a href="#[61]">&gt;&gt;</a>&nbsp;&nbsp;&nbsp;stopCar
<LI><a href="#[5e]">&gt;&gt;</a>&nbsp;&nbsp;&nbsp;goForward
<LI><a href="#[5c]">&gt;&gt;</a>&nbsp;&nbsp;&nbsp;goBackward
</UL>

<P><STRONG><a name="[58]"></a>Motor_Direction_Init</STRONG> (Thumb, 56 bytes, Stack size 8 bytes, motor.o(i.Motor_Direction_Init))
<BR><BR>[Stack]<UL><LI>Max Depth = 160<LI>Call Chain = Motor_Direction_Init &rArr; Motor_Controller &rArr; PWM0_Write &rArr; __aeabi_dmul &rArr; _double_epilogue &rArr; _double_round
</UL>
<BR>[Calls]<UL><LI><a href="#[55]">&gt;&gt;</a>&nbsp;&nbsp;&nbsp;Motor_Controller
<LI><a href="#[49]">&gt;&gt;</a>&nbsp;&nbsp;&nbsp;GPIO_DIR_Write
</UL>
<BR>[Called By]<UL><LI><a href="#[43]">&gt;&gt;</a>&nbsp;&nbsp;&nbsp;Motor_Init
</UL>

<P><STRONG><a name="[56]"></a>Motor_Handle</STRONG> (Thumb, 94 bytes, Stack size 24 bytes, motor.o(i.Motor_Handle))
<BR><BR>[Stack]<UL><LI>Max Depth = 24<LI>Call Chain = Motor_Handle
</UL>
<BR>[Calls]<UL><LI><a href="#[54]">&gt;&gt;</a>&nbsp;&nbsp;&nbsp;GPIO_PIN_Write
</UL>
<BR>[Called By]<UL><LI><a href="#[55]">&gt;&gt;</a>&nbsp;&nbsp;&nbsp;Motor_Controller
</UL>

<P><STRONG><a name="[43]"></a>Motor_Init</STRONG> (Thumb, 12 bytes, Stack size 8 bytes, motor.o(i.Motor_Init))
<BR><BR>[Stack]<UL><LI>Max Depth = 168<LI>Call Chain = Motor_Init &rArr; Motor_Direction_Init &rArr; Motor_Controller &rArr; PWM0_Write &rArr; __aeabi_dmul &rArr; _double_epilogue &rArr; _double_round
</UL>
<BR>[Calls]<UL><LI><a href="#[59]">&gt;&gt;</a>&nbsp;&nbsp;&nbsp;Motor_PWM_Init
<LI><a href="#[58]">&gt;&gt;</a>&nbsp;&nbsp;&nbsp;Motor_Direction_Init
</UL>
<BR>[Called By]<UL><LI><a href="#[41]">&gt;&gt;</a>&nbsp;&nbsp;&nbsp;Car_Init
</UL>

<P><STRONG><a name="[59]"></a>Motor_PWM_Init</STRONG> (Thumb, 98 bytes, Stack size 16 bytes, motor.o(i.Motor_PWM_Init))
<BR><BR>[Stack]<UL><LI>Max Depth = 144<LI>Call Chain = Motor_PWM_Init &rArr; PWM0_Write &rArr; __aeabi_dmul &rArr; _double_epilogue &rArr; _double_round
</UL>
<BR>[Calls]<UL><LI><a href="#[57]">&gt;&gt;</a>&nbsp;&nbsp;&nbsp;PWM0_Write
</UL>
<BR>[Called By]<UL><LI><a href="#[43]">&gt;&gt;</a>&nbsp;&nbsp;&nbsp;Motor_Init
</UL>

<P><STRONG><a name="[57]"></a>PWM0_Write</STRONG> (Thumb, 100 bytes, Stack size 40 bytes, pwm.o(i.PWM0_Write))
<BR><BR>[Stack]<UL><LI>Max Depth = 128<LI>Call Chain = PWM0_Write &rArr; __aeabi_dmul &rArr; _double_epilogue &rArr; _double_round
</UL>
<BR>[Calls]<UL><LI><a href="#[3c]">&gt;&gt;</a>&nbsp;&nbsp;&nbsp;__aeabi_ui2d
<LI><a href="#[38]">&gt;&gt;</a>&nbsp;&nbsp;&nbsp;__aeabi_dmul
<LI><a href="#[3a]">&gt;&gt;</a>&nbsp;&nbsp;&nbsp;__aeabi_ddiv
<LI><a href="#[3d]">&gt;&gt;</a>&nbsp;&nbsp;&nbsp;__aeabi_d2uiz
</UL>
<BR>[Called By]<UL><LI><a href="#[59]">&gt;&gt;</a>&nbsp;&nbsp;&nbsp;Motor_PWM_Init
<LI><a href="#[55]">&gt;&gt;</a>&nbsp;&nbsp;&nbsp;Motor_Controller
</UL>

<P><STRONG><a name="[50]"></a>PWM1_Cycle_Rate</STRONG> (Thumb, 28 bytes, Stack size 0 bytes, pwm.o(i.PWM1_Cycle_Rate))
<BR><BR>[Called By]<UL><LI><a href="#[4d]">&gt;&gt;</a>&nbsp;&nbsp;&nbsp;LED_Controller
</UL>

<P><STRONG><a name="[4f]"></a>PWM1_Write</STRONG> (Thumb, 112 bytes, Stack size 40 bytes, pwm.o(i.PWM1_Write))
<BR><BR>[Stack]<UL><LI>Max Depth = 128<LI>Call Chain = PWM1_Write &rArr; __aeabi_dmul &rArr; _double_epilogue &rArr; _double_round
</UL>
<BR>[Calls]<UL><LI><a href="#[3c]">&gt;&gt;</a>&nbsp;&nbsp;&nbsp;__aeabi_ui2d
<LI><a href="#[38]">&gt;&gt;</a>&nbsp;&nbsp;&nbsp;__aeabi_dmul
<LI><a href="#[3a]">&gt;&gt;</a>&nbsp;&nbsp;&nbsp;__aeabi_ddiv
<LI><a href="#[3d]">&gt;&gt;</a>&nbsp;&nbsp;&nbsp;__aeabi_d2uiz
</UL>
<BR>[Called By]<UL><LI><a href="#[44]">&gt;&gt;</a>&nbsp;&nbsp;&nbsp;LED_Init
<LI><a href="#[4d]">&gt;&gt;</a>&nbsp;&nbsp;&nbsp;LED_Controller
</UL>

<P><STRONG><a name="[45]"></a>Speedometer_Init</STRONG> (Thumb, 90 bytes, Stack size 12 bytes, speedometer.o(i.Speedometer_Init))
<BR><BR>[Stack]<UL><LI>Max Depth = 12<LI>Call Chain = Speedometer_Init
</UL>
<BR>[Called By]<UL><LI><a href="#[41]">&gt;&gt;</a>&nbsp;&nbsp;&nbsp;Car_Init
</UL>

<P><STRONG><a name="[5b]"></a>SystemCoreClockUpdate</STRONG> (Thumb, 696 bytes, Stack size 12 bytes, system_lpc407x_8x_177x_8x.o(i.SystemCoreClockUpdate))
<BR><BR>[Stack]<UL><LI>Max Depth = 12<LI>Call Chain = SystemCoreClockUpdate
</UL>
<BR>[Called By]<UL><LI><a href="#[33]">&gt;&gt;</a>&nbsp;&nbsp;&nbsp;SystemInit
</UL>

<P><STRONG><a name="[33]"></a>SystemInit</STRONG> (Thumb, 220 bytes, Stack size 4 bytes, system_lpc407x_8x_177x_8x.o(i.SystemInit))
<BR><BR>[Stack]<UL><LI>Max Depth = 28<LI>Call Chain = SystemInit &rArr; fpu_init
</UL>
<BR>[Calls]<UL><LI><a href="#[5a]">&gt;&gt;</a>&nbsp;&nbsp;&nbsp;fpu_init
<LI><a href="#[5b]">&gt;&gt;</a>&nbsp;&nbsp;&nbsp;SystemCoreClockUpdate
</UL>
<BR>[Address Reference Count : 1]<UL><LI> startup_lpc407x_8x_177x_8x.o(.text)
</UL>
<P><STRONG><a name="[6f]"></a>__scatterload_copy</STRONG> (Thumb, 14 bytes, Stack size unknown bytes, handlers.o(i.__scatterload_copy), UNUSED)

<P><STRONG><a name="[70]"></a>__scatterload_zeroinit</STRONG> (Thumb, 14 bytes, Stack size unknown bytes, handlers.o(i.__scatterload_zeroinit), UNUSED)

<P><STRONG><a name="[5a]"></a>fpu_init</STRONG> (Thumb, 62 bytes, Stack size 24 bytes, system_lpc407x_8x_177x_8x.o(i.fpu_init))
<BR><BR>[Stack]<UL><LI>Max Depth = 24<LI>Call Chain = fpu_init
</UL>
<BR>[Called By]<UL><LI><a href="#[33]">&gt;&gt;</a>&nbsp;&nbsp;&nbsp;SystemInit
</UL>

<P><STRONG><a name="[5c]"></a>goBackward</STRONG> (Thumb, 40 bytes, Stack size 8 bytes, car.o(i.goBackward))
<BR><BR>[Stack]<UL><LI>Max Depth = 160<LI>Call Chain = goBackward &rArr; Motor_Controller &rArr; PWM0_Write &rArr; __aeabi_dmul &rArr; _double_epilogue &rArr; _double_round
</UL>
<BR>[Calls]<UL><LI><a href="#[5d]">&gt;&gt;</a>&nbsp;&nbsp;&nbsp;setFlags
<LI><a href="#[55]">&gt;&gt;</a>&nbsp;&nbsp;&nbsp;Motor_Controller
<LI><a href="#[4d]">&gt;&gt;</a>&nbsp;&nbsp;&nbsp;LED_Controller
</UL>
<BR>[Called By]<UL><LI><a href="#[60]">&gt;&gt;</a>&nbsp;&nbsp;&nbsp;update
</UL>

<P><STRONG><a name="[5e]"></a>goForward</STRONG> (Thumb, 42 bytes, Stack size 8 bytes, car.o(i.goForward))
<BR><BR>[Stack]<UL><LI>Max Depth = 160<LI>Call Chain = goForward &rArr; Motor_Controller &rArr; PWM0_Write &rArr; __aeabi_dmul &rArr; _double_epilogue &rArr; _double_round
</UL>
<BR>[Calls]<UL><LI><a href="#[5d]">&gt;&gt;</a>&nbsp;&nbsp;&nbsp;setFlags
<LI><a href="#[55]">&gt;&gt;</a>&nbsp;&nbsp;&nbsp;Motor_Controller
<LI><a href="#[4d]">&gt;&gt;</a>&nbsp;&nbsp;&nbsp;LED_Controller
</UL>
<BR>[Called By]<UL><LI><a href="#[60]">&gt;&gt;</a>&nbsp;&nbsp;&nbsp;update
</UL>

<P><STRONG><a name="[5f]"></a>init</STRONG> (Thumb, 8 bytes, Stack size 8 bytes, main.o(i.init))
<BR><BR>[Stack]<UL><LI>Max Depth = 184<LI>Call Chain = init &rArr; Car_Init &rArr; Motor_Init &rArr; Motor_Direction_Init &rArr; Motor_Controller &rArr; PWM0_Write &rArr; __aeabi_dmul &rArr; _double_epilogue &rArr; _double_round
</UL>
<BR>[Calls]<UL><LI><a href="#[41]">&gt;&gt;</a>&nbsp;&nbsp;&nbsp;Car_Init
</UL>
<BR>[Called By]<UL><LI><a href="#[32]">&gt;&gt;</a>&nbsp;&nbsp;&nbsp;main
</UL>

<P><STRONG><a name="[32]"></a>main</STRONG> (Thumb, 12 bytes, Stack size 0 bytes, main.o(i.main))
<BR><BR>[Stack]<UL><LI>Max Depth = 184<LI>Call Chain = main &rArr; init &rArr; Car_Init &rArr; Motor_Init &rArr; Motor_Direction_Init &rArr; Motor_Controller &rArr; PWM0_Write &rArr; __aeabi_dmul &rArr; _double_epilogue &rArr; _double_round
</UL>
<BR>[Calls]<UL><LI><a href="#[60]">&gt;&gt;</a>&nbsp;&nbsp;&nbsp;update
<LI><a href="#[5f]">&gt;&gt;</a>&nbsp;&nbsp;&nbsp;init
</UL>
<BR>[Address Reference Count : 1]<UL><LI> entry9a.o(.ARM.Collect$$$$0000000B)
</UL>
<P><STRONG><a name="[5d]"></a>setFlags</STRONG> (Thumb, 20 bytes, Stack size 8 bytes, car.o(i.setFlags))
<BR><BR>[Stack]<UL><LI>Max Depth = 8<LI>Call Chain = setFlags
</UL>
<BR>[Called By]<UL><LI><a href="#[63]">&gt;&gt;</a>&nbsp;&nbsp;&nbsp;turnRight
<LI><a href="#[62]">&gt;&gt;</a>&nbsp;&nbsp;&nbsp;turnLeft
<LI><a href="#[61]">&gt;&gt;</a>&nbsp;&nbsp;&nbsp;stopCar
<LI><a href="#[5e]">&gt;&gt;</a>&nbsp;&nbsp;&nbsp;goForward
<LI><a href="#[5c]">&gt;&gt;</a>&nbsp;&nbsp;&nbsp;goBackward
</UL>

<P><STRONG><a name="[61]"></a>stopCar</STRONG> (Thumb, 42 bytes, Stack size 8 bytes, car.o(i.stopCar))
<BR><BR>[Stack]<UL><LI>Max Depth = 160<LI>Call Chain = stopCar &rArr; Motor_Controller &rArr; PWM0_Write &rArr; __aeabi_dmul &rArr; _double_epilogue &rArr; _double_round
</UL>
<BR>[Calls]<UL><LI><a href="#[5d]">&gt;&gt;</a>&nbsp;&nbsp;&nbsp;setFlags
<LI><a href="#[55]">&gt;&gt;</a>&nbsp;&nbsp;&nbsp;Motor_Controller
<LI><a href="#[4d]">&gt;&gt;</a>&nbsp;&nbsp;&nbsp;LED_Controller
</UL>
<BR>[Called By]<UL><LI><a href="#[60]">&gt;&gt;</a>&nbsp;&nbsp;&nbsp;update
</UL>

<P><STRONG><a name="[62]"></a>turnLeft</STRONG> (Thumb, 40 bytes, Stack size 8 bytes, car.o(i.turnLeft))
<BR><BR>[Stack]<UL><LI>Max Depth = 160<LI>Call Chain = turnLeft &rArr; Motor_Controller &rArr; PWM0_Write &rArr; __aeabi_dmul &rArr; _double_epilogue &rArr; _double_round
</UL>
<BR>[Calls]<UL><LI><a href="#[5d]">&gt;&gt;</a>&nbsp;&nbsp;&nbsp;setFlags
<LI><a href="#[55]">&gt;&gt;</a>&nbsp;&nbsp;&nbsp;Motor_Controller
<LI><a href="#[4d]">&gt;&gt;</a>&nbsp;&nbsp;&nbsp;LED_Controller
</UL>
<BR>[Called By]<UL><LI><a href="#[60]">&gt;&gt;</a>&nbsp;&nbsp;&nbsp;update
</UL>

<P><STRONG><a name="[63]"></a>turnRight</STRONG> (Thumb, 42 bytes, Stack size 8 bytes, car.o(i.turnRight))
<BR><BR>[Stack]<UL><LI>Max Depth = 160<LI>Call Chain = turnRight &rArr; Motor_Controller &rArr; PWM0_Write &rArr; __aeabi_dmul &rArr; _double_epilogue &rArr; _double_round
</UL>
<BR>[Calls]<UL><LI><a href="#[5d]">&gt;&gt;</a>&nbsp;&nbsp;&nbsp;setFlags
<LI><a href="#[55]">&gt;&gt;</a>&nbsp;&nbsp;&nbsp;Motor_Controller
<LI><a href="#[4d]">&gt;&gt;</a>&nbsp;&nbsp;&nbsp;LED_Controller
</UL>
<BR>[Called By]<UL><LI><a href="#[60]">&gt;&gt;</a>&nbsp;&nbsp;&nbsp;update
</UL>

<P><STRONG><a name="[60]"></a>update</STRONG> (Thumb, 158 bytes, Stack size 8 bytes, main.o(i.update))
<BR><BR>[Stack]<UL><LI>Max Depth = 168<LI>Call Chain = update &rArr; turnRight &rArr; Motor_Controller &rArr; PWM0_Write &rArr; __aeabi_dmul &rArr; _double_epilogue &rArr; _double_round
</UL>
<BR>[Calls]<UL><LI><a href="#[63]">&gt;&gt;</a>&nbsp;&nbsp;&nbsp;turnRight
<LI><a href="#[62]">&gt;&gt;</a>&nbsp;&nbsp;&nbsp;turnLeft
<LI><a href="#[61]">&gt;&gt;</a>&nbsp;&nbsp;&nbsp;stopCar
<LI><a href="#[5e]">&gt;&gt;</a>&nbsp;&nbsp;&nbsp;goForward
<LI><a href="#[5c]">&gt;&gt;</a>&nbsp;&nbsp;&nbsp;goBackward
<LI><a href="#[4c]">&gt;&gt;</a>&nbsp;&nbsp;&nbsp;Joystick_Up_Pressed
<LI><a href="#[4b]">&gt;&gt;</a>&nbsp;&nbsp;&nbsp;Joystick_Right_Pressed
<LI><a href="#[4a]">&gt;&gt;</a>&nbsp;&nbsp;&nbsp;Joystick_Left_Pressed
<LI><a href="#[48]">&gt;&gt;</a>&nbsp;&nbsp;&nbsp;Joystick_Down_Pressed
<LI><a href="#[46]">&gt;&gt;</a>&nbsp;&nbsp;&nbsp;Joystick_Center_Pressed
</UL>
<BR>[Called By]<UL><LI><a href="#[32]">&gt;&gt;</a>&nbsp;&nbsp;&nbsp;main
</UL>
<P>
<H3>
Local Symbols
</H3><P>
<H3>
Undefined Global Symbols
</H3><HR></body></html>
