Component: ARM Compiler 5.06 update 6 (build 750) Tool: armlink [4d35ed]

==============================================================================

Section Cross References

    main.o(i.init) refers to car.o(i.Car_Init) for Car_Init
    main.o(i.main) refers to main.o(i.init) for init
    main.o(i.main) refers to main.o(i.update) for update
    main.o(i.update) refers to joystick.o(i.Joystick_Center_Pressed) for Joystick_Center_Pressed
    main.o(i.update) refers to car.o(i.stopCar) for stopCar
    main.o(i.update) refers to joystick.o(i.Joystick_Up_Pressed) for Joystick_Up_Pressed
    main.o(i.update) refers to car.o(i.goForward) for goForward
    main.o(i.update) refers to joystick.o(i.Joystick_Down_Pressed) for Joystick_Down_Pressed
    main.o(i.update) refers to car.o(i.goBackward) for goBackward
    main.o(i.update) refers to joystick.o(i.Joystick_Left_Pressed) for Joystick_Left_Pressed
    main.o(i.update) refers to car.o(i.turnLeft) for turnLeft
    main.o(i.update) refers to joystick.o(i.Joystick_Right_Pressed) for Joystick_Right_Pressed
    main.o(i.update) refers to car.o(i.turnRight) for turnRight
    main.o(i.update) refers to speedometer.o(.data) for current
    main.o(i.update) refers to car.o(.data) for TURN_LEFT_FLAG
    main.o(i.update) refers to main.o(.data) for countHole
    joystick.o(i.Joystick_Center_Pressed) refers to gpio.o(i.GPIO_PIN_Read) for GPIO_PIN_Read
    joystick.o(i.Joystick_Down_Pressed) refers to gpio.o(i.GPIO_PIN_Read) for GPIO_PIN_Read
    joystick.o(i.Joystick_Init) refers to gpio.o(i.GPIO_DIR_Write) for GPIO_DIR_Write
    joystick.o(i.Joystick_Left_Pressed) refers to gpio.o(i.GPIO_PIN_Read) for GPIO_PIN_Read
    joystick.o(i.Joystick_Right_Pressed) refers to gpio.o(i.GPIO_PIN_Read) for GPIO_PIN_Read
    joystick.o(i.Joystick_Up_Pressed) refers to gpio.o(i.GPIO_PIN_Read) for GPIO_PIN_Read
    pwm.o(i.PWM0_Write) refers to dfltui.o(.text) for __aeabi_ui2d
    pwm.o(i.PWM0_Write) refers to ddiv.o(.text) for __aeabi_ddiv
    pwm.o(i.PWM0_Write) refers to dmul.o(.text) for __aeabi_dmul
    pwm.o(i.PWM0_Write) refers to dfixui.o(.text) for __aeabi_d2uiz
    pwm.o(i.PWM1_Write) refers to dfltui.o(.text) for __aeabi_ui2d
    pwm.o(i.PWM1_Write) refers to ddiv.o(.text) for __aeabi_ddiv
    pwm.o(i.PWM1_Write) refers to dmul.o(.text) for __aeabi_dmul
    pwm.o(i.PWM1_Write) refers to dfixui.o(.text) for __aeabi_d2uiz
    led.o(i.LED_Controller) refers to led.o(i.LED_Handle) for LED_Handle
    led.o(i.LED_Controller) refers to pwm.o(i.PWM1_Write) for PWM1_Write
    led.o(i.LED_Controller) refers to pwm.o(i.PWM1_Cycle_Rate) for PWM1_Cycle_Rate
    led.o(i.LED_Handle) refers to led.o(i.LED_On) for LED_On
    led.o(i.LED_Handle) refers to led.o(i.LED_Off) for LED_Off
    led.o(i.LED_Init) refers to led.o(i.LED_Set) for LED_Set
    led.o(i.LED_Init) refers to pwm.o(i.PWM1_Write) for PWM1_Write
    led.o(i.LED_Off) refers to gpio.o(i.GPIO_PIN_Write) for GPIO_PIN_Write
    led.o(i.LED_On) refers to gpio.o(i.GPIO_PIN_Write) for GPIO_PIN_Write
    led.o(i.LED_Set) refers to gpio.o(i.GPIO_DIR_Write) for GPIO_DIR_Write
    motor.o(i.Motor_Controller) refers to motor.o(i.Motor_Handle) for Motor_Handle
    motor.o(i.Motor_Controller) refers to pwm.o(i.PWM0_Write) for PWM0_Write
    motor.o(i.Motor_Direction_Init) refers to gpio.o(i.GPIO_DIR_Write) for GPIO_DIR_Write
    motor.o(i.Motor_Direction_Init) refers to motor.o(i.Motor_Controller) for Motor_Controller
    motor.o(i.Motor_Handle) refers to gpio.o(i.GPIO_PIN_Write) for GPIO_PIN_Write
    motor.o(i.Motor_Init) refers to motor.o(i.Motor_PWM_Init) for Motor_PWM_Init
    motor.o(i.Motor_Init) refers to motor.o(i.Motor_Direction_Init) for Motor_Direction_Init
    motor.o(i.Motor_PWM_Init) refers to pwm.o(i.PWM0_Write) for PWM0_Write
    car.o(i.Car_Init) refers to joystick.o(i.Joystick_Init) for Joystick_Init
    car.o(i.Car_Init) refers to motor.o(i.Motor_Init) for Motor_Init
    car.o(i.Car_Init) refers to led.o(i.LED_Init) for LED_Init
    car.o(i.Car_Init) refers to speedometer.o(i.Speedometer_Init) for Speedometer_Init
    car.o(i.goBackward) refers to led.o(i.LED_Controller) for LED_Controller
    car.o(i.goBackward) refers to motor.o(i.Motor_Controller) for Motor_Controller
    car.o(i.goBackward) refers to car.o(i.setFlags) for setFlags
    car.o(i.goForward) refers to led.o(i.LED_Controller) for LED_Controller
    car.o(i.goForward) refers to motor.o(i.Motor_Controller) for Motor_Controller
    car.o(i.goForward) refers to car.o(i.setFlags) for setFlags
    car.o(i.setFlags) refers to car.o(.data) for TURN_LEFT_FLAG
    car.o(i.stopCar) refers to led.o(i.LED_Controller) for LED_Controller
    car.o(i.stopCar) refers to motor.o(i.Motor_Controller) for Motor_Controller
    car.o(i.stopCar) refers to car.o(i.setFlags) for setFlags
    car.o(i.turnLeft) refers to led.o(i.LED_Controller) for LED_Controller
    car.o(i.turnLeft) refers to motor.o(i.Motor_Controller) for Motor_Controller
    car.o(i.turnLeft) refers to car.o(i.setFlags) for setFlags
    car.o(i.turnRight) refers to led.o(i.LED_Controller) for LED_Controller
    car.o(i.turnRight) refers to motor.o(i.Motor_Controller) for Motor_Controller
    car.o(i.turnRight) refers to car.o(i.setFlags) for setFlags
    startup_lpc407x_8x_177x_8x.o(RESET) refers to startup_lpc407x_8x_177x_8x.o(STACK) for __initial_sp
    startup_lpc407x_8x_177x_8x.o(RESET) refers to startup_lpc407x_8x_177x_8x.o(.text) for Reset_Handler
    startup_lpc407x_8x_177x_8x.o(.text) refers to system_lpc407x_8x_177x_8x.o(i.SystemInit) for SystemInit
    startup_lpc407x_8x_177x_8x.o(.text) refers to entry.o(.ARM.Collect$$$$00000000) for __main
    system_lpc407x_8x_177x_8x.o(i.SystemCoreClockUpdate) refers to system_lpc407x_8x_177x_8x.o(.data) for SystemCoreClock
    system_lpc407x_8x_177x_8x.o(i.SystemInit) refers to system_lpc407x_8x_177x_8x.o(i.fpu_init) for fpu_init
    system_lpc407x_8x_177x_8x.o(i.SystemInit) refers to system_lpc407x_8x_177x_8x.o(i.SystemCoreClockUpdate) for SystemCoreClockUpdate
    entry.o(.ARM.Collect$$$$00000000) refers (Special) to entry10a.o(.ARM.Collect$$$$0000000D) for __rt_final_cpp
    entry.o(.ARM.Collect$$$$00000000) refers (Special) to entry11a.o(.ARM.Collect$$$$0000000F) for __rt_final_exit
    entry.o(.ARM.Collect$$$$00000000) refers (Special) to entry7b.o(.ARM.Collect$$$$00000008) for _main_clock
    entry.o(.ARM.Collect$$$$00000000) refers (Special) to entry8b.o(.ARM.Collect$$$$0000000A) for _main_cpp_init
    entry.o(.ARM.Collect$$$$00000000) refers (Special) to entry9a.o(.ARM.Collect$$$$0000000B) for _main_init
    entry.o(.ARM.Collect$$$$00000000) refers (Special) to entry5.o(.ARM.Collect$$$$00000004) for _main_scatterload
    entry.o(.ARM.Collect$$$$00000000) refers (Special) to entry2.o(.ARM.Collect$$$$00000001) for _main_stk
    dmul.o(.text) refers (Special) to iusefp.o(.text) for __I$use$fp
    dmul.o(.text) refers to depilogue.o(.text) for _double_epilogue
    ddiv.o(.text) refers (Special) to iusefp.o(.text) for __I$use$fp
    ddiv.o(.text) refers to depilogue.o(.text) for _double_round
    dfltui.o(.text) refers (Special) to iusefp.o(.text) for __I$use$fp
    dfltui.o(.text) refers to depilogue.o(.text) for _double_epilogue
    dfixui.o(.text) refers (Special) to iusefp.o(.text) for __I$use$fp
    dfixui.o(.text) refers to llushr.o(.text) for __aeabi_llsr
    entry2.o(.ARM.Collect$$$$00000001) refers to entry2.o(.ARM.Collect$$$$00002712) for __lit__00000000
    entry2.o(.ARM.Collect$$$$00002712) refers to startup_lpc407x_8x_177x_8x.o(STACK) for __initial_sp
    entry2.o(__vectab_stack_and_reset_area) refers to startup_lpc407x_8x_177x_8x.o(STACK) for __initial_sp
    entry2.o(__vectab_stack_and_reset_area) refers to entry.o(.ARM.Collect$$$$00000000) for __main
    entry5.o(.ARM.Collect$$$$00000004) refers to init.o(.text) for __scatterload
    entry9a.o(.ARM.Collect$$$$0000000B) refers to main.o(i.main) for main
    entry9b.o(.ARM.Collect$$$$0000000C) refers to main.o(i.main) for main
    depilogue.o(.text) refers to llshl.o(.text) for __aeabi_llsl
    depilogue.o(.text) refers to llushr.o(.text) for __aeabi_llsr
    init.o(.text) refers to entry5.o(.ARM.Collect$$$$00000004) for __main_after_scatterload


==============================================================================

Removing Unused input sections from the image.

    Removing main.o(.rev16_text), (4 bytes).
    Removing main.o(.revsh_text), (4 bytes).
    Removing main.o(.rrx_text), (6 bytes).
    Removing gpio.o(.rev16_text), (4 bytes).
    Removing gpio.o(.revsh_text), (4 bytes).
    Removing gpio.o(.rrx_text), (6 bytes).
    Removing joystick.o(.rev16_text), (4 bytes).
    Removing joystick.o(.revsh_text), (4 bytes).
    Removing joystick.o(.rrx_text), (6 bytes).
    Removing pwm.o(.rev16_text), (4 bytes).
    Removing pwm.o(.revsh_text), (4 bytes).
    Removing pwm.o(.rrx_text), (6 bytes).
    Removing pwm.o(i.PWM0_Cycle_Rate), (32 bytes).
    Removing pwm.o(i.PWM_Init), (2 bytes).
    Removing led.o(.rev16_text), (4 bytes).
    Removing led.o(.revsh_text), (4 bytes).
    Removing led.o(.rrx_text), (6 bytes).
    Removing motor.o(.rev16_text), (4 bytes).
    Removing motor.o(.revsh_text), (4 bytes).
    Removing motor.o(.rrx_text), (6 bytes).
    Removing timer.o(.rev16_text), (4 bytes).
    Removing timer.o(.revsh_text), (4 bytes).
    Removing timer.o(.rrx_text), (6 bytes).
    Removing wait.o(.rev16_text), (4 bytes).
    Removing wait.o(.revsh_text), (4 bytes).
    Removing wait.o(.rrx_text), (6 bytes).
    Removing wait.o(i.wait), (20 bytes).
    Removing wait.o(i.waitMicroseconds), (18 bytes).
    Removing speedometer.o(.rev16_text), (4 bytes).
    Removing speedometer.o(.revsh_text), (4 bytes).
    Removing speedometer.o(.rrx_text), (6 bytes).
    Removing car.o(.rev16_text), (4 bytes).
    Removing car.o(.revsh_text), (4 bytes).
    Removing car.o(.rrx_text), (6 bytes).
    Removing startup_lpc407x_8x_177x_8x.o(HEAP), (0 bytes).
    Removing system_lpc407x_8x_177x_8x.o(.rev16_text), (4 bytes).
    Removing system_lpc407x_8x_177x_8x.o(.revsh_text), (4 bytes).
    Removing system_lpc407x_8x_177x_8x.o(.rrx_text), (6 bytes).

38 unused section(s) (total 226 bytes) removed from the image.

==============================================================================

Image Symbol Table

    Local Symbols

    Symbol Name                              Value     Ov Type        Size  Object(Section)

    RESET                                    0x00000000   Section      228  startup_lpc407x_8x_177x_8x.o(RESET)
    ../clib/microlib/init/entry.s            0x00000000   Number         0  entry7b.o ABSOLUTE
    ../clib/microlib/init/entry.s            0x00000000   Number         0  entry7a.o ABSOLUTE
    ../clib/microlib/init/entry.s            0x00000000   Number         0  entry.o ABSOLUTE
    ../clib/microlib/init/entry.s            0x00000000   Number         0  entry5.o ABSOLUTE
    ../clib/microlib/init/entry.s            0x00000000   Number         0  entry11b.o ABSOLUTE
    ../clib/microlib/init/entry.s            0x00000000   Number         0  entry2.o ABSOLUTE
    ../clib/microlib/init/entry.s            0x00000000   Number         0  entry11a.o ABSOLUTE
    ../clib/microlib/init/entry.s            0x00000000   Number         0  entry10b.o ABSOLUTE
    ../clib/microlib/init/entry.s            0x00000000   Number         0  entry10a.o ABSOLUTE
    ../clib/microlib/init/entry.s            0x00000000   Number         0  entry9b.o ABSOLUTE
    ../clib/microlib/init/entry.s            0x00000000   Number         0  entry9a.o ABSOLUTE
    ../clib/microlib/init/entry.s            0x00000000   Number         0  entry8b.o ABSOLUTE
    ../clib/microlib/init/entry.s            0x00000000   Number         0  entry8a.o ABSOLUTE
    ../clib/microlib/longlong.c              0x00000000   Number         0  llshl.o ABSOLUTE
    ../clib/microlib/longlong.c              0x00000000   Number         0  llushr.o ABSOLUTE
    ../clib/microlib/stubs.s                 0x00000000   Number         0  iusefp.o ABSOLUTE
    ../fplib/microlib/fpdiv.c                0x00000000   Number         0  ddiv.o ABSOLUTE
    ../fplib/microlib/fpepilogue.c           0x00000000   Number         0  depilogue.o ABSOLUTE
    ../fplib/microlib/fpfix.c                0x00000000   Number         0  dfixui.o ABSOLUTE
    ../fplib/microlib/fpflt.c                0x00000000   Number         0  dfltui.o ABSOLUTE
    ../fplib/microlib/fpmul.c                0x00000000   Number         0  dmul.o ABSOLUTE
    Library\Car.c                            0x00000000   Number         0  car.o ABSOLUTE
    Library\GPIO.c                           0x00000000   Number         0  gpio.o ABSOLUTE
    Library\Joystick.c                       0x00000000   Number         0  joystick.o ABSOLUTE
    Library\LED.c                            0x00000000   Number         0  led.o ABSOLUTE
    Library\Motor.c                          0x00000000   Number         0  motor.o ABSOLUTE
    Library\PWM.c                            0x00000000   Number         0  pwm.o ABSOLUTE
    Library\Speedometer.c                    0x00000000   Number         0  speedometer.o ABSOLUTE
    Library\Timer.c                          0x00000000   Number         0  timer.o ABSOLUTE
    Library\Wait.c                           0x00000000   Number         0  wait.o ABSOLUTE
    Library\\Car.c                           0x00000000   Number         0  car.o ABSOLUTE
    Library\\GPIO.c                          0x00000000   Number         0  gpio.o ABSOLUTE
    Library\\Joystick.c                      0x00000000   Number         0  joystick.o ABSOLUTE
    Library\\LED.c                           0x00000000   Number         0  led.o ABSOLUTE
    Library\\Motor.c                         0x00000000   Number         0  motor.o ABSOLUTE
    Library\\PWM.c                           0x00000000   Number         0  pwm.o ABSOLUTE
    Library\\Speedometer.c                   0x00000000   Number         0  speedometer.o ABSOLUTE
    Library\\Timer.c                         0x00000000   Number         0  timer.o ABSOLUTE
    Library\\Wait.c                          0x00000000   Number         0  wait.o ABSOLUTE
    RTE\Device\LPC4088FET208\startup_LPC407x_8x_177x_8x.s 0x00000000   Number         0  startup_lpc407x_8x_177x_8x.o ABSOLUTE
    RTE\Device\LPC4088FET208\system_LPC407x_8x_177x_8x.c 0x00000000   Number         0  system_lpc407x_8x_177x_8x.o ABSOLUTE
    RTE\\Device\\LPC4088FET208\\system_LPC407x_8x_177x_8x.c 0x00000000   Number         0  system_lpc407x_8x_177x_8x.o ABSOLUTE
    dc.s                                     0x00000000   Number         0  dc.o ABSOLUTE
    handlers.s                               0x00000000   Number         0  handlers.o ABSOLUTE
    init.s                                   0x00000000   Number         0  init.o ABSOLUTE
    main.c                                   0x00000000   Number         0  main.o ABSOLUTE
    main.c                                   0x00000000   Number         0  main.o ABSOLUTE
    .ARM.Collect$$$$00000000                 0x000000e4   Section        0  entry.o(.ARM.Collect$$$$00000000)
    .ARM.Collect$$$$00000001                 0x000000e4   Section        4  entry2.o(.ARM.Collect$$$$00000001)
    .ARM.Collect$$$$00000004                 0x000000e8   Section        4  entry5.o(.ARM.Collect$$$$00000004)
    .ARM.Collect$$$$00000008                 0x000000ec   Section        0  entry7b.o(.ARM.Collect$$$$00000008)
    .ARM.Collect$$$$0000000A                 0x000000ec   Section        0  entry8b.o(.ARM.Collect$$$$0000000A)
    .ARM.Collect$$$$0000000B                 0x000000ec   Section        8  entry9a.o(.ARM.Collect$$$$0000000B)
    .ARM.Collect$$$$0000000D                 0x000000f4   Section        0  entry10a.o(.ARM.Collect$$$$0000000D)
    .ARM.Collect$$$$0000000F                 0x000000f4   Section        0  entry11a.o(.ARM.Collect$$$$0000000F)
    .ARM.Collect$$$$00002712                 0x000000f4   Section        4  entry2.o(.ARM.Collect$$$$00002712)
    __lit__00000000                          0x000000f4   Data           4  entry2.o(.ARM.Collect$$$$00002712)
    .text                                    0x000000f8   Section       36  startup_lpc407x_8x_177x_8x.o(.text)
    $v0                                      0x000000f8   Number         0  startup_lpc407x_8x_177x_8x.o(.text)
    .text                                    0x0000011c   Section        0  dmul.o(.text)
    .text                                    0x00000200   Section        0  ddiv.o(.text)
    .text                                    0x000002de   Section        0  dfltui.o(.text)
    .text                                    0x000002f8   Section        0  iusefp.o(.text)
    i.__scatterload_null                     0x000002f8   Section        2  handlers.o(i.__scatterload_null)
    .ARM.__at_0x02FC                         0x000002fc   Section        4  startup_lpc407x_8x_177x_8x.o(.ARM.__at_0x02FC)
    .text                                    0x00000300   Section        0  dfixui.o(.text)
    .text                                    0x00000332   Section        0  llushr.o(.text)
    .text                                    0x00000352   Section        0  depilogue.o(.text)
    .text                                    0x0000040c   Section       36  init.o(.text)
    .text                                    0x00000430   Section        0  llshl.o(.text)
    i.Car_Init                               0x0000044e   Section        0  car.o(i.Car_Init)
    i.GPIO_DIR_Write                         0x00000462   Section        0  gpio.o(i.GPIO_DIR_Write)
    i.GPIO_PIN_Read                          0x00000474   Section        0  gpio.o(i.GPIO_PIN_Read)
    i.GPIO_PIN_Write                         0x0000047e   Section        0  gpio.o(i.GPIO_PIN_Write)
    i.Joystick_Center_Pressed                0x00000490   Section        0  joystick.o(i.Joystick_Center_Pressed)
    i.Joystick_Down_Pressed                  0x000004a8   Section        0  joystick.o(i.Joystick_Down_Pressed)
    i.Joystick_Init                          0x000004c0   Section        0  joystick.o(i.Joystick_Init)
    i.Joystick_Left_Pressed                  0x000004fc   Section        0  joystick.o(i.Joystick_Left_Pressed)
    i.Joystick_Right_Pressed                 0x00000514   Section        0  joystick.o(i.Joystick_Right_Pressed)
    i.Joystick_Up_Pressed                    0x0000052c   Section        0  joystick.o(i.Joystick_Up_Pressed)
    i.LED_Controller                         0x00000544   Section        0  led.o(i.LED_Controller)
    i.LED_Handle                             0x000005bc   Section        0  led.o(i.LED_Handle)
    i.LED_Init                               0x000005e0   Section        0  led.o(i.LED_Init)
    i.LED_Off                                0x00000698   Section        0  led.o(i.LED_Off)
    i.LED_On                                 0x000006aa   Section        0  led.o(i.LED_On)
    i.LED_Set                                0x000006bc   Section        0  led.o(i.LED_Set)
    i.Motor_Controller                       0x000006d0   Section        0  motor.o(i.Motor_Controller)
    i.Motor_Direction_Init                   0x0000070c   Section        0  motor.o(i.Motor_Direction_Init)
    i.Motor_Handle                           0x00000748   Section        0  motor.o(i.Motor_Handle)
    i.Motor_Init                             0x000007a6   Section        0  motor.o(i.Motor_Init)
    i.Motor_PWM_Init                         0x000007b4   Section        0  motor.o(i.Motor_PWM_Init)
    i.PWM0_Write                             0x00000828   Section        0  pwm.o(i.PWM0_Write)
    i.PWM1_Cycle_Rate                        0x00000898   Section        0  pwm.o(i.PWM1_Cycle_Rate)
    i.PWM1_Write                             0x000008b8   Section        0  pwm.o(i.PWM1_Write)
    i.Speedometer_Init                       0x00000934   Section        0  speedometer.o(i.Speedometer_Init)
    i.SystemCoreClockUpdate                  0x0000099c   Section        0  system_lpc407x_8x_177x_8x.o(i.SystemCoreClockUpdate)
    i.SystemInit                             0x00000c70   Section        0  system_lpc407x_8x_177x_8x.o(i.SystemInit)
    i.__scatterload_copy                     0x00000d5c   Section       14  handlers.o(i.__scatterload_copy)
    i.__scatterload_zeroinit                 0x00000d6a   Section       14  handlers.o(i.__scatterload_zeroinit)
    i.fpu_init                               0x00000d78   Section        0  system_lpc407x_8x_177x_8x.o(i.fpu_init)
    i.goBackward                             0x00000dc8   Section        0  car.o(i.goBackward)
    i.goForward                              0x00000df0   Section        0  car.o(i.goForward)
    i.init                                   0x00000e1a   Section        0  main.o(i.init)
    i.main                                   0x00000e22   Section        0  main.o(i.main)
    i.setFlags                               0x00000e30   Section        0  car.o(i.setFlags)
    i.stopCar                                0x00000e54   Section        0  car.o(i.stopCar)
    i.turnLeft                               0x00000e7e   Section        0  car.o(i.turnLeft)
    i.turnRight                              0x00000ea6   Section        0  car.o(i.turnRight)
    i.update                                 0x00000ed0   Section        0  main.o(i.update)
    .data                                    0x10000000   Section        4  main.o(.data)
    .data                                    0x10000004   Section       12  speedometer.o(.data)
    .data                                    0x10000010   Section       16  car.o(.data)
    .data                                    0x10000020   Section       16  system_lpc407x_8x_177x_8x.o(.data)
    STACK                                    0x10000030   Section     1024  startup_lpc407x_8x_177x_8x.o(STACK)

    Global Symbols

    Symbol Name                              Value     Ov Type        Size  Object(Section)

    BuildAttributes$$THM_ISAv4$E$P$D$K$B$S$7EM$VFPi3$EXTD16$VFPS$VFMA$PE$A:L22UL41UL21$X:L11$S22US41US21$IEEE1$IW$USESV6$~STKCKD$USESV7$~SHL$OSPACE$ROPI$EBA8$MICROLIB$REQ8$PRES8$EABIv2 0x00000000   Number         0  anon$$obj.o ABSOLUTE
    __ARM_use_no_argv                        0x00000000   Number         0  main.o ABSOLUTE
    __Vectors                                0x00000000   Data           4  startup_lpc407x_8x_177x_8x.o(RESET)
    __cpp_initialize__aeabi_                  - Undefined Weak Reference
    __cxa_finalize                            - Undefined Weak Reference
    __decompress                              - Undefined Weak Reference
    _clock_init                               - Undefined Weak Reference
    _microlib_exit                            - Undefined Weak Reference
    __main                                   0x000000e5   Thumb Code     0  entry.o(.ARM.Collect$$$$00000000)
    _main_stk                                0x000000e5   Thumb Code     0  entry2.o(.ARM.Collect$$$$00000001)
    _main_scatterload                        0x000000e9   Thumb Code     0  entry5.o(.ARM.Collect$$$$00000004)
    __main_after_scatterload                 0x000000ed   Thumb Code     0  entry5.o(.ARM.Collect$$$$00000004)
    _main_clock                              0x000000ed   Thumb Code     0  entry7b.o(.ARM.Collect$$$$00000008)
    _main_cpp_init                           0x000000ed   Thumb Code     0  entry8b.o(.ARM.Collect$$$$0000000A)
    _main_init                               0x000000ed   Thumb Code     0  entry9a.o(.ARM.Collect$$$$0000000B)
    __rt_final_cpp                           0x000000f5   Thumb Code     0  entry10a.o(.ARM.Collect$$$$0000000D)
    __rt_final_exit                          0x000000f5   Thumb Code     0  entry11a.o(.ARM.Collect$$$$0000000F)
    Reset_Handler                            0x000000f9   Thumb Code     8  startup_lpc407x_8x_177x_8x.o(.text)
    NMI_Handler                              0x00000101   Thumb Code     2  startup_lpc407x_8x_177x_8x.o(.text)
    HardFault_Handler                        0x00000103   Thumb Code     2  startup_lpc407x_8x_177x_8x.o(.text)
    MemManage_Handler                        0x00000105   Thumb Code     2  startup_lpc407x_8x_177x_8x.o(.text)
    BusFault_Handler                         0x00000107   Thumb Code     2  startup_lpc407x_8x_177x_8x.o(.text)
    UsageFault_Handler                       0x00000109   Thumb Code     2  startup_lpc407x_8x_177x_8x.o(.text)
    SVC_Handler                              0x0000010b   Thumb Code     2  startup_lpc407x_8x_177x_8x.o(.text)
    DebugMon_Handler                         0x0000010d   Thumb Code     2  startup_lpc407x_8x_177x_8x.o(.text)
    PendSV_Handler                           0x0000010f   Thumb Code     2  startup_lpc407x_8x_177x_8x.o(.text)
    SysTick_Handler                          0x00000111   Thumb Code     2  startup_lpc407x_8x_177x_8x.o(.text)
    ADC_IRQHandler                           0x00000113   Thumb Code     0  startup_lpc407x_8x_177x_8x.o(.text)
    BOD_IRQHandler                           0x00000113   Thumb Code     0  startup_lpc407x_8x_177x_8x.o(.text)
    CANActivity_IRQHandler                   0x00000113   Thumb Code     0  startup_lpc407x_8x_177x_8x.o(.text)
    CAN_IRQHandler                           0x00000113   Thumb Code     0  startup_lpc407x_8x_177x_8x.o(.text)
    DMA_IRQHandler                           0x00000113   Thumb Code     0  startup_lpc407x_8x_177x_8x.o(.text)
    EEPROM_IRQHandler                        0x00000113   Thumb Code     0  startup_lpc407x_8x_177x_8x.o(.text)
    EINT0_IRQHandler                         0x00000113   Thumb Code     0  startup_lpc407x_8x_177x_8x.o(.text)
    EINT1_IRQHandler                         0x00000113   Thumb Code     0  startup_lpc407x_8x_177x_8x.o(.text)
    EINT2_IRQHandler                         0x00000113   Thumb Code     0  startup_lpc407x_8x_177x_8x.o(.text)
    EINT3_IRQHandler                         0x00000113   Thumb Code     0  startup_lpc407x_8x_177x_8x.o(.text)
    ENET_IRQHandler                          0x00000113   Thumb Code     0  startup_lpc407x_8x_177x_8x.o(.text)
    GPIO_IRQHandler                          0x00000113   Thumb Code     0  startup_lpc407x_8x_177x_8x.o(.text)
    I2C0_IRQHandler                          0x00000113   Thumb Code     0  startup_lpc407x_8x_177x_8x.o(.text)
    I2C1_IRQHandler                          0x00000113   Thumb Code     0  startup_lpc407x_8x_177x_8x.o(.text)
    I2C2_IRQHandler                          0x00000113   Thumb Code     0  startup_lpc407x_8x_177x_8x.o(.text)
    I2S_IRQHandler                           0x00000113   Thumb Code     0  startup_lpc407x_8x_177x_8x.o(.text)
    LCD_IRQHandler                           0x00000113   Thumb Code     0  startup_lpc407x_8x_177x_8x.o(.text)
    MCI_IRQHandler                           0x00000113   Thumb Code     0  startup_lpc407x_8x_177x_8x.o(.text)
    MCPWM_IRQHandler                         0x00000113   Thumb Code     0  startup_lpc407x_8x_177x_8x.o(.text)
    PLL0_IRQHandler                          0x00000113   Thumb Code     0  startup_lpc407x_8x_177x_8x.o(.text)
    PLL1_IRQHandler                          0x00000113   Thumb Code     0  startup_lpc407x_8x_177x_8x.o(.text)
    PWM0_IRQHandler                          0x00000113   Thumb Code     0  startup_lpc407x_8x_177x_8x.o(.text)
    PWM1_IRQHandler                          0x00000113   Thumb Code     0  startup_lpc407x_8x_177x_8x.o(.text)
    QEI_IRQHandler                           0x00000113   Thumb Code     0  startup_lpc407x_8x_177x_8x.o(.text)
    RTC_IRQHandler                           0x00000113   Thumb Code     0  startup_lpc407x_8x_177x_8x.o(.text)
    SSP0_IRQHandler                          0x00000113   Thumb Code     0  startup_lpc407x_8x_177x_8x.o(.text)
    SSP1_IRQHandler                          0x00000113   Thumb Code     0  startup_lpc407x_8x_177x_8x.o(.text)
    SSP2_IRQHandler                          0x00000113   Thumb Code     0  startup_lpc407x_8x_177x_8x.o(.text)
    TIMER0_IRQHandler                        0x00000113   Thumb Code     0  startup_lpc407x_8x_177x_8x.o(.text)
    TIMER1_IRQHandler                        0x00000113   Thumb Code     0  startup_lpc407x_8x_177x_8x.o(.text)
    TIMER2_IRQHandler                        0x00000113   Thumb Code     0  startup_lpc407x_8x_177x_8x.o(.text)
    TIMER3_IRQHandler                        0x00000113   Thumb Code     0  startup_lpc407x_8x_177x_8x.o(.text)
    UART0_IRQHandler                         0x00000113   Thumb Code     0  startup_lpc407x_8x_177x_8x.o(.text)
    UART1_IRQHandler                         0x00000113   Thumb Code     0  startup_lpc407x_8x_177x_8x.o(.text)
    UART2_IRQHandler                         0x00000113   Thumb Code     0  startup_lpc407x_8x_177x_8x.o(.text)
    UART3_IRQHandler                         0x00000113   Thumb Code     0  startup_lpc407x_8x_177x_8x.o(.text)
    UART4_IRQHandler                         0x00000113   Thumb Code     0  startup_lpc407x_8x_177x_8x.o(.text)
    USBActivity_IRQHandler                   0x00000113   Thumb Code     0  startup_lpc407x_8x_177x_8x.o(.text)
    USB_IRQHandler                           0x00000113   Thumb Code     0  startup_lpc407x_8x_177x_8x.o(.text)
    WDT_IRQHandler                           0x00000113   Thumb Code     0  startup_lpc407x_8x_177x_8x.o(.text)
    __aeabi_dmul                             0x0000011d   Thumb Code   228  dmul.o(.text)
    __aeabi_ddiv                             0x00000201   Thumb Code   222  ddiv.o(.text)
    __aeabi_ui2d                             0x000002df   Thumb Code    26  dfltui.o(.text)
    __I$use$fp                               0x000002f9   Thumb Code     0  iusefp.o(.text)
    __scatterload_null                       0x000002f9   Thumb Code     2  handlers.o(i.__scatterload_null)
    __aeabi_d2uiz                            0x00000301   Thumb Code    50  dfixui.o(.text)
    __aeabi_llsr                             0x00000333   Thumb Code    32  llushr.o(.text)
    _ll_ushift_r                             0x00000333   Thumb Code     0  llushr.o(.text)
    _double_round                            0x00000353   Thumb Code    30  depilogue.o(.text)
    _double_epilogue                         0x00000371   Thumb Code   156  depilogue.o(.text)
    __scatterload                            0x0000040d   Thumb Code    28  init.o(.text)
    __scatterload_rt2                        0x0000040d   Thumb Code     0  init.o(.text)
    __aeabi_llsl                             0x00000431   Thumb Code    30  llshl.o(.text)
    _ll_shift_l                              0x00000431   Thumb Code     0  llshl.o(.text)
    Car_Init                                 0x0000044f   Thumb Code    20  car.o(i.Car_Init)
    GPIO_DIR_Write                           0x00000463   Thumb Code    18  gpio.o(i.GPIO_DIR_Write)
    GPIO_PIN_Read                            0x00000475   Thumb Code    10  gpio.o(i.GPIO_PIN_Read)
    GPIO_PIN_Write                           0x0000047f   Thumb Code    18  gpio.o(i.GPIO_PIN_Write)
    Joystick_Center_Pressed                  0x00000491   Thumb Code    20  joystick.o(i.Joystick_Center_Pressed)
    Joystick_Down_Pressed                    0x000004a9   Thumb Code    20  joystick.o(i.Joystick_Down_Pressed)
    Joystick_Init                            0x000004c1   Thumb Code    54  joystick.o(i.Joystick_Init)
    Joystick_Left_Pressed                    0x000004fd   Thumb Code    20  joystick.o(i.Joystick_Left_Pressed)
    Joystick_Right_Pressed                   0x00000515   Thumb Code    20  joystick.o(i.Joystick_Right_Pressed)
    Joystick_Up_Pressed                      0x0000052d   Thumb Code    20  joystick.o(i.Joystick_Up_Pressed)
    LED_Controller                           0x00000545   Thumb Code   116  led.o(i.LED_Controller)
    LED_Handle                               0x000005bd   Thumb Code    34  led.o(i.LED_Handle)
    LED_Init                                 0x000005e1   Thumb Code   164  led.o(i.LED_Init)
    LED_Off                                  0x00000699   Thumb Code    18  led.o(i.LED_Off)
    LED_On                                   0x000006ab   Thumb Code    18  led.o(i.LED_On)
    LED_Set                                  0x000006bd   Thumb Code    20  led.o(i.LED_Set)
    Motor_Controller                         0x000006d1   Thumb Code    54  motor.o(i.Motor_Controller)
    Motor_Direction_Init                     0x0000070d   Thumb Code    56  motor.o(i.Motor_Direction_Init)
    Motor_Handle                             0x00000749   Thumb Code    94  motor.o(i.Motor_Handle)
    Motor_Init                               0x000007a7   Thumb Code    12  motor.o(i.Motor_Init)
    Motor_PWM_Init                           0x000007b5   Thumb Code    98  motor.o(i.Motor_PWM_Init)
    PWM0_Write                               0x00000829   Thumb Code   100  pwm.o(i.PWM0_Write)
    PWM1_Cycle_Rate                          0x00000899   Thumb Code    28  pwm.o(i.PWM1_Cycle_Rate)
    PWM1_Write                               0x000008b9   Thumb Code   112  pwm.o(i.PWM1_Write)
    Speedometer_Init                         0x00000935   Thumb Code    90  speedometer.o(i.Speedometer_Init)
    SystemCoreClockUpdate                    0x0000099d   Thumb Code   696  system_lpc407x_8x_177x_8x.o(i.SystemCoreClockUpdate)
    SystemInit                               0x00000c71   Thumb Code   220  system_lpc407x_8x_177x_8x.o(i.SystemInit)
    __scatterload_copy                       0x00000d5d   Thumb Code    14  handlers.o(i.__scatterload_copy)
    __scatterload_zeroinit                   0x00000d6b   Thumb Code    14  handlers.o(i.__scatterload_zeroinit)
    fpu_init                                 0x00000d79   Thumb Code    62  system_lpc407x_8x_177x_8x.o(i.fpu_init)
    goBackward                               0x00000dc9   Thumb Code    40  car.o(i.goBackward)
    goForward                                0x00000df1   Thumb Code    42  car.o(i.goForward)
    init                                     0x00000e1b   Thumb Code     8  main.o(i.init)
    main                                     0x00000e23   Thumb Code    12  main.o(i.main)
    setFlags                                 0x00000e31   Thumb Code    20  car.o(i.setFlags)
    stopCar                                  0x00000e55   Thumb Code    42  car.o(i.stopCar)
    turnLeft                                 0x00000e7f   Thumb Code    40  car.o(i.turnLeft)
    turnRight                                0x00000ea7   Thumb Code    42  car.o(i.turnRight)
    update                                   0x00000ed1   Thumb Code   158  main.o(i.update)
    Region$$Table$$Base                      0x00000f8c   Number         0  anon$$obj.o(Region$$Table)
    Region$$Table$$Limit                     0x00000fac   Number         0  anon$$obj.o(Region$$Table)
    countHole                                0x10000000   Data           4  main.o(.data)
    current                                  0x10000004   Data           4  speedometer.o(.data)
    capture                                  0x10000008   Data           4  speedometer.o(.data)
    previous                                 0x1000000c   Data           4  speedometer.o(.data)
    TURN_LEFT_FLAG                           0x10000010   Data           4  car.o(.data)
    TURN_RIGHT_FLAG                          0x10000014   Data           4  car.o(.data)
    FORWARD_FLAG                             0x10000018   Data           4  car.o(.data)
    BACKWARD_FLAG                            0x1000001c   Data           4  car.o(.data)
    SystemCoreClock                          0x10000020   Data           4  system_lpc407x_8x_177x_8x.o(.data)
    PeripheralClock                          0x10000024   Data           4  system_lpc407x_8x_177x_8x.o(.data)
    EMCClock                                 0x10000028   Data           4  system_lpc407x_8x_177x_8x.o(.data)
    USBClock                                 0x1000002c   Data           4  system_lpc407x_8x_177x_8x.o(.data)
    __initial_sp                             0x10000430   Data           0  startup_lpc407x_8x_177x_8x.o(STACK)



==============================================================================

Memory Map of the image

  Image Entry point : 0x000000f9

  Load Region LR_1 (Base: 0x00000000, Size: 0x00000fdc, Max: 0xffffffff, ABSOLUTE)

    Execution Region ER_RO (Exec base: 0x00000000, Load base: 0x00000000, Size: 0x00000fac, Max: 0xffffffff, ABSOLUTE)

    Exec Addr    Load Addr    Size         Type   Attr      Idx    E Section Name        Object

    0x00000000   0x00000000   0x000000e4   Data   RO          520    RESET               startup_lpc407x_8x_177x_8x.o
    0x000000e4   0x000000e4   0x00000000   Code   RO          570  * .ARM.Collect$$$$00000000  mc_w.l(entry.o)
    0x000000e4   0x000000e4   0x00000004   Code   RO          581    .ARM.Collect$$$$00000001  mc_w.l(entry2.o)
    0x000000e8   0x000000e8   0x00000004   Code   RO          584    .ARM.Collect$$$$00000004  mc_w.l(entry5.o)
    0x000000ec   0x000000ec   0x00000000   Code   RO          586    .ARM.Collect$$$$00000008  mc_w.l(entry7b.o)
    0x000000ec   0x000000ec   0x00000000   Code   RO          588    .ARM.Collect$$$$0000000A  mc_w.l(entry8b.o)
    0x000000ec   0x000000ec   0x00000008   Code   RO          589    .ARM.Collect$$$$0000000B  mc_w.l(entry9a.o)
    0x000000f4   0x000000f4   0x00000000   Code   RO          591    .ARM.Collect$$$$0000000D  mc_w.l(entry10a.o)
    0x000000f4   0x000000f4   0x00000000   Code   RO          593    .ARM.Collect$$$$0000000F  mc_w.l(entry11a.o)
    0x000000f4   0x000000f4   0x00000004   Code   RO          582    .ARM.Collect$$$$00002712  mc_w.l(entry2.o)
    0x000000f8   0x000000f8   0x00000024   Code   RO          522  * .text               startup_lpc407x_8x_177x_8x.o
    0x0000011c   0x0000011c   0x000000e4   Code   RO          573    .text               mf_w.l(dmul.o)
    0x00000200   0x00000200   0x000000de   Code   RO          575    .text               mf_w.l(ddiv.o)
    0x000002de   0x000002de   0x0000001a   Code   RO          577    .text               mf_w.l(dfltui.o)
    0x000002f8   0x000002f8   0x00000000   Code   RO          597    .text               mc_w.l(iusefp.o)
    0x000002f8   0x000002f8   0x00000002   Code   RO          607    i.__scatterload_null  mc_w.l(handlers.o)
    0x000002fa   0x000002fa   0x00000002   PAD
    0x000002fc   0x000002fc   0x00000004   Code   RO          521    .ARM.__at_0x02FC    startup_lpc407x_8x_177x_8x.o
    0x00000300   0x00000300   0x00000032   Code   RO          579    .text               mf_w.l(dfixui.o)
    0x00000332   0x00000332   0x00000020   Code   RO          595    .text               mc_w.l(llushr.o)
    0x00000352   0x00000352   0x000000ba   Code   RO          598    .text               mf_w.l(depilogue.o)
    0x0000040c   0x0000040c   0x00000024   Code   RO          600    .text               mc_w.l(init.o)
    0x00000430   0x00000430   0x0000001e   Code   RO          602    .text               mc_w.l(llshl.o)
    0x0000044e   0x0000044e   0x00000014   Code   RO          447    i.Car_Init          car.o
    0x00000462   0x00000462   0x00000012   Code   RO          105    i.GPIO_DIR_Write    gpio.o
    0x00000474   0x00000474   0x0000000a   Code   RO          106    i.GPIO_PIN_Read     gpio.o
    0x0000047e   0x0000047e   0x00000012   Code   RO          107    i.GPIO_PIN_Write    gpio.o
    0x00000490   0x00000490   0x00000018   Code   RO          144    i.Joystick_Center_Pressed  joystick.o
    0x000004a8   0x000004a8   0x00000018   Code   RO          145    i.Joystick_Down_Pressed  joystick.o
    0x000004c0   0x000004c0   0x0000003c   Code   RO          146    i.Joystick_Init     joystick.o
    0x000004fc   0x000004fc   0x00000018   Code   RO          147    i.Joystick_Left_Pressed  joystick.o
    0x00000514   0x00000514   0x00000018   Code   RO          148    i.Joystick_Right_Pressed  joystick.o
    0x0000052c   0x0000052c   0x00000018   Code   RO          149    i.Joystick_Up_Pressed  joystick.o
    0x00000544   0x00000544   0x00000078   Code   RO          255    i.LED_Controller    led.o
    0x000005bc   0x000005bc   0x00000022   Code   RO          256    i.LED_Handle        led.o
    0x000005de   0x000005de   0x00000002   PAD
    0x000005e0   0x000005e0   0x000000b8   Code   RO          257    i.LED_Init          led.o
    0x00000698   0x00000698   0x00000012   Code   RO          258    i.LED_Off           led.o
    0x000006aa   0x000006aa   0x00000012   Code   RO          259    i.LED_On            led.o
    0x000006bc   0x000006bc   0x00000014   Code   RO          260    i.LED_Set           led.o
    0x000006d0   0x000006d0   0x0000003c   Code   RO          312    i.Motor_Controller  motor.o
    0x0000070c   0x0000070c   0x0000003c   Code   RO          313    i.Motor_Direction_Init  motor.o
    0x00000748   0x00000748   0x0000005e   Code   RO          314    i.Motor_Handle      motor.o
    0x000007a6   0x000007a6   0x0000000c   Code   RO          315    i.Motor_Init        motor.o
    0x000007b2   0x000007b2   0x00000002   PAD
    0x000007b4   0x000007b4   0x00000074   Code   RO          316    i.Motor_PWM_Init    motor.o
    0x00000828   0x00000828   0x00000070   Code   RO          202    i.PWM0_Write        pwm.o
    0x00000898   0x00000898   0x00000020   Code   RO          203    i.PWM1_Cycle_Rate   pwm.o
    0x000008b8   0x000008b8   0x0000007c   Code   RO          204    i.PWM1_Write        pwm.o
    0x00000934   0x00000934   0x00000068   Code   RO          417    i.Speedometer_Init  speedometer.o
    0x0000099c   0x0000099c   0x000002d4   Code   RO          531    i.SystemCoreClockUpdate  system_lpc407x_8x_177x_8x.o
    0x00000c70   0x00000c70   0x000000ec   Code   RO          532    i.SystemInit        system_lpc407x_8x_177x_8x.o
    0x00000d5c   0x00000d5c   0x0000000e   Code   RO          606    i.__scatterload_copy  mc_w.l(handlers.o)
    0x00000d6a   0x00000d6a   0x0000000e   Code   RO          608    i.__scatterload_zeroinit  mc_w.l(handlers.o)
    0x00000d78   0x00000d78   0x00000050   Code   RO          533    i.fpu_init          system_lpc407x_8x_177x_8x.o
    0x00000dc8   0x00000dc8   0x00000028   Code   RO          448    i.goBackward        car.o
    0x00000df0   0x00000df0   0x0000002a   Code   RO          449    i.goForward         car.o
    0x00000e1a   0x00000e1a   0x00000008   Code   RO            4    i.init              main.o
    0x00000e22   0x00000e22   0x0000000c   Code   RO            5    i.main              main.o
    0x00000e2e   0x00000e2e   0x00000002   PAD
    0x00000e30   0x00000e30   0x00000024   Code   RO          450    i.setFlags          car.o
    0x00000e54   0x00000e54   0x0000002a   Code   RO          451    i.stopCar           car.o
    0x00000e7e   0x00000e7e   0x00000028   Code   RO          452    i.turnLeft          car.o
    0x00000ea6   0x00000ea6   0x0000002a   Code   RO          453    i.turnRight         car.o
    0x00000ed0   0x00000ed0   0x000000bc   Code   RO            6    i.update            main.o
    0x00000f8c   0x00000f8c   0x00000020   Data   RO          604    Region$$Table       anon$$obj.o


    Execution Region ER_RW (Exec base: 0x10000000, Load base: 0x00000fac, Size: 0x00000030, Max: 0xffffffff, ABSOLUTE)

    Exec Addr    Load Addr    Size         Type   Attr      Idx    E Section Name        Object

    0x10000000   0x00000fac   0x00000004   Data   RW            7    .data               main.o
    0x10000004   0x00000fb0   0x0000000c   Data   RW          418    .data               speedometer.o
    0x10000010   0x00000fbc   0x00000010   Data   RW          454    .data               car.o
    0x10000020   0x00000fcc   0x00000010   Data   RW          534    .data               system_lpc407x_8x_177x_8x.o


    Execution Region ER_ZI (Exec base: 0x10000030, Load base: 0x00000fdc, Size: 0x00000400, Max: 0xffffffff, ABSOLUTE)

    Exec Addr    Load Addr    Size         Type   Attr      Idx    E Section Name        Object

    0x10000030        -       0x00000400   Zero   RW          518    STACK               startup_lpc407x_8x_177x_8x.o


==============================================================================

Image component sizes


      Code (inc. data)   RO Data    RW Data    ZI Data      Debug   Object Name

       262         16          0         16          0       3728   car.o
        46          0          0          0          0       2878   gpio.o
       180         26          0          0          0       3205   joystick.o
       394         24          0          0          0       3850   led.o
       208         30          0          4          0       6151   main.o
       342         28          0          0          0       3167   motor.o
       268         28          0          0          0       1692   pwm.o
       104         14          0         12          0        898   speedometer.o
        40         12        228          0       1024       1104   startup_lpc407x_8x_177x_8x.o
      1040         62          0         16          0       4604   system_lpc407x_8x_177x_8x.o

    ----------------------------------------------------------------------
      2890        240        260         48       1024      31277   Object Totals
         0          0         32          0          0          0   (incl. Generated)
         6          0          0          0          0          0   (incl. Padding)

    ----------------------------------------------------------------------

      Code (inc. data)   RO Data    RW Data    ZI Data      Debug   Library Member Name

         0          0          0          0          0          0   entry.o
         0          0          0          0          0          0   entry10a.o
         0          0          0          0          0          0   entry11a.o
         8          4          0          0          0          0   entry2.o
         4          0          0          0          0          0   entry5.o
         0          0          0          0          0          0   entry7b.o
         0          0          0          0          0          0   entry8b.o
         8          4          0          0          0          0   entry9a.o
        30          0          0          0          0          0   handlers.o
        36          8          0          0          0         68   init.o
         0          0          0          0          0          0   iusefp.o
        30          0          0          0          0         68   llshl.o
        32          0          0          0          0         68   llushr.o
       222          0          0          0          0        100   ddiv.o
       186          0          0          0          0        176   depilogue.o
        50          0          0          0          0         76   dfixui.o
        26          0          0          0          0         76   dfltui.o
       228          0          0          0          0         96   dmul.o

    ----------------------------------------------------------------------
       862         16          0          0          0        728   Library Totals
         2          0          0          0          0          0   (incl. Padding)

    ----------------------------------------------------------------------

      Code (inc. data)   RO Data    RW Data    ZI Data      Debug   Library Name

       148         16          0          0          0        204   mc_w.l
       712          0          0          0          0        524   mf_w.l

    ----------------------------------------------------------------------
       862         16          0          0          0        728   Library Totals

    ----------------------------------------------------------------------

==============================================================================


      Code (inc. data)   RO Data    RW Data    ZI Data      Debug   

      3752        256        260         48       1024      28497   Grand Totals
      3752        256        260         48       1024      28497   ELF Image Totals
      3752        256        260         48          0          0   ROM Totals

==============================================================================

    Total RO  Size (Code + RO Data)                 4012 (   3.92kB)
    Total RW  Size (RW Data + ZI Data)              1072 (   1.05kB)
    Total ROM Size (Code + RO Data + RW Data)       4060 (   3.96kB)

==============================================================================

