Component: ARM Compiler 5.06 update 6 (build 750) Tool: armlink [4d35ed]

==============================================================================

Section Cross References

    main.o(i.init) refers to car.o(i.Car_Init) for Car_Init
    main.o(i.main) refers to main.o(i.init) for init
    main.o(i.main) refers to car.o(i.updateSensorValues) for updateSensorValues
    main.o(i.main) refers to main.o(i.update) for update
    main.o(i.update) refers to main.o(i.update_auto) for update_auto
    main.o(i.update) refers to main.o(i.update_manual) for update_manual
    main.o(i.update) refers to car.o(.data) for mode
    main.o(i.update_auto) refers to joystick.o(i.Joystick_Center_Pressed) for Joystick_Center_Pressed
    main.o(i.update_auto) refers to joystick.o(i.Joystick_Up_Pressed) for Joystick_Up_Pressed
    main.o(i.update_auto) refers to car.o(i.stopCar) for stopCar
    main.o(i.update_auto) refers to car.o(i.turnLeft) for turnLeft
    main.o(i.update_auto) refers to car.o(i.turnRight) for turnRight
    main.o(i.update_auto) refers to car.o(i.goForward) for goForward
    main.o(i.update_auto) refers to car.o(.data) for active
    main.o(i.update_manual) refers to car.o(i.checkObstacle) for checkObstacle
    main.o(i.update_manual) refers to joystick.o(i.Joystick_Center_Pressed) for Joystick_Center_Pressed
    main.o(i.update_manual) refers to car.o(i.stopCar) for stopCar
    main.o(i.update_manual) refers to joystick.o(i.Joystick_Up_Pressed) for Joystick_Up_Pressed
    main.o(i.update_manual) refers to car.o(i.goForward) for goForward
    main.o(i.update_manual) refers to joystick.o(i.Joystick_Down_Pressed) for Joystick_Down_Pressed
    main.o(i.update_manual) refers to car.o(i.goBackward) for goBackward
    main.o(i.update_manual) refers to joystick.o(i.Joystick_Left_Pressed) for Joystick_Left_Pressed
    main.o(i.update_manual) refers to car.o(i.turnLeft) for turnLeft
    main.o(i.update_manual) refers to joystick.o(i.Joystick_Right_Pressed) for Joystick_Right_Pressed
    main.o(i.update_manual) refers to car.o(i.turnRight) for turnRight
    joystick.o(i.Joystick_Center_Pressed) refers to gpio.o(i.GPIO_PIN_Read) for GPIO_PIN_Read
    joystick.o(i.Joystick_Down_Pressed) refers to gpio.o(i.GPIO_PIN_Read) for GPIO_PIN_Read
    joystick.o(i.Joystick_Init) refers to gpio.o(i.GPIO_DIR_Write) for GPIO_DIR_Write
    joystick.o(i.Joystick_Left_Pressed) refers to gpio.o(i.GPIO_PIN_Read) for GPIO_PIN_Read
    joystick.o(i.Joystick_Right_Pressed) refers to gpio.o(i.GPIO_PIN_Read) for GPIO_PIN_Read
    joystick.o(i.Joystick_Up_Pressed) refers to gpio.o(i.GPIO_PIN_Read) for GPIO_PIN_Read
    pwm.o(i.PWM_Write) refers to dfltui.o(.text) for __aeabi_ui2d
    pwm.o(i.PWM_Write) refers to ddiv.o(.text) for __aeabi_ddiv
    pwm.o(i.PWM_Write) refers to dmul.o(.text) for __aeabi_dmul
    pwm.o(i.PWM_Write) refers to dfixui.o(.text) for __aeabi_d2uiz
    led.o(i.LED_Controller) refers to led.o(i.LED_On) for LED_On
    led.o(i.LED_Controller) refers to led.o(i.LED_Off) for LED_Off
    led.o(i.LED_Controller) refers to led.o(i.LED_Write) for LED_Write
    led.o(i.LED_Controller) refers to pwm.o(i.PWM_Cycle_Rate) for PWM_Cycle_Rate
    led.o(i.LED_Init) refers to gpio.o(i.GPIO_DIR_Write) for GPIO_DIR_Write
    led.o(i.LED_Init) refers to pwm.o(i.PWM_Init) for PWM_Init
    led.o(i.LED_Off) refers to gpio.o(i.GPIO_PIN_Write) for GPIO_PIN_Write
    led.o(i.LED_On) refers to gpio.o(i.GPIO_PIN_Write) for GPIO_PIN_Write
    led.o(i.LED_Write) refers to pwm.o(i.PWM_Write) for PWM_Write
    motor.o(i.Motor_Controller) refers to motor.o(i.Motor_Handle) for Motor_Handle
    motor.o(i.Motor_Controller) refers to motor.o(i.Motor_Write) for Motor_Write
    motor.o(i.Motor_Direction_Init) refers to gpio.o(i.GPIO_DIR_Write) for GPIO_DIR_Write
    motor.o(i.Motor_Direction_Init) refers to motor.o(i.Motor_Controller) for Motor_Controller
    motor.o(i.Motor_Handle) refers to gpio.o(i.GPIO_PIN_Write) for GPIO_PIN_Write
    motor.o(i.Motor_Init) refers to motor.o(i.Motor_PWM_Init) for Motor_PWM_Init
    motor.o(i.Motor_Init) refers to motor.o(i.Motor_Direction_Init) for Motor_Direction_Init
    motor.o(i.Motor_PWM_Init) refers to pwm.o(i.PWM_Init) for PWM_Init
    motor.o(i.Motor_Write) refers to pwm.o(i.PWM_Write) for PWM_Write
    car.o(i.Car_Init) refers to joystick.o(i.Joystick_Init) for Joystick_Init
    car.o(i.Car_Init) refers to motor.o(i.Motor_Init) for Motor_Init
    car.o(i.Car_Init) refers to led.o(i.LED_Init) for LED_Init
    car.o(i.Car_Init) refers to ultrasonic.o(i.Ultrasonic_Trigger_Timer_Init) for Ultrasonic_Trigger_Timer_Init
    car.o(i.Car_Init) refers to ultrasonic.o(i.Ultrasonic_Capture_Timer_Init) for Ultrasonic_Capture_Timer_Init
    car.o(i.Car_Init) refers to ultrasonic.o(i.Ultrasonic_Start_Trigger) for Ultrasonic_Start_Trigger
    car.o(i.Car_Init) refers to trimpot.o(i.Trimpot_Init) for Trimpot_Init
    car.o(i.Car_Init) refers to ldr.o(i.LDR_Init) for LDR_Init
    car.o(i.Car_Init) refers to led.o(i.LED_Controller) for LED_Controller
    car.o(i.checkObstacle) refers to car.o(i.startEscape) for startEscape
    car.o(i.checkObstacle) refers to car.o(i.endEscape) for endEscape
    car.o(i.checkObstacle) refers to car.o(.data) for distance
    car.o(i.endEscape) refers to car.o(i.goForward) for goForward
    car.o(i.endEscape) refers to car.o(.data) for IS_ESCAPING
    car.o(i.goBackward) refers to led.o(i.LED_Controller) for LED_Controller
    car.o(i.goBackward) refers to motor.o(i.Motor_Controller) for Motor_Controller
    car.o(i.goBackward) refers to car.o(i.setFlags) for setFlags
    car.o(i.goBackward) refers to car.o(.data) for speed
    car.o(i.goForward) refers to led.o(i.LED_Controller) for LED_Controller
    car.o(i.goForward) refers to motor.o(i.Motor_Controller) for Motor_Controller
    car.o(i.goForward) refers to car.o(i.setFlags) for setFlags
    car.o(i.goForward) refers to car.o(.data) for speed
    car.o(i.setFlags) refers to car.o(.data) for TURN_LEFT_FLAG
    car.o(i.startEscape) refers to car.o(i.goBackward) for goBackward
    car.o(i.startEscape) refers to car.o(.data) for IS_ESCAPING
    car.o(i.stopCar) refers to led.o(i.LED_Controller) for LED_Controller
    car.o(i.stopCar) refers to motor.o(i.Motor_Controller) for Motor_Controller
    car.o(i.stopCar) refers to car.o(i.setFlags) for setFlags
    car.o(i.toggleMode) refers to car.o(.data) for mode
    car.o(i.turnLeft) refers to led.o(i.LED_Controller) for LED_Controller
    car.o(i.turnLeft) refers to motor.o(i.Motor_Controller) for Motor_Controller
    car.o(i.turnLeft) refers to car.o(i.setFlags) for setFlags
    car.o(i.turnLeft) refers to car.o(.data) for speed
    car.o(i.turnRight) refers to led.o(i.LED_Controller) for LED_Controller
    car.o(i.turnRight) refers to motor.o(i.Motor_Controller) for Motor_Controller
    car.o(i.turnRight) refers to car.o(i.setFlags) for setFlags
    car.o(i.turnRight) refers to car.o(.data) for speed
    car.o(i.updateSensorValues) refers to trimpot.o(i.Trimpot_Read_Data) for Trimpot_Read_Data
    car.o(i.updateSensorValues) refers to ultrasonic.o(i.Ultrasonic_Get_Distance) for Ultrasonic_Get_Distance
    car.o(i.updateSensorValues) refers to ldr.o(i.LDR_Left_Read_Data) for LDR_Left_Read_Data
    car.o(i.updateSensorValues) refers to ldr.o(i.LDR_Right_Read_Data) for LDR_Right_Read_Data
    car.o(i.updateSensorValues) refers to car.o(.data) for speed
    adc.o(i.ADC_Read) refers to adc.o(i.ADC_Start) for ADC_Start
    adc.o(i.ADC_Read) refers to adc.o(i.ADC_Stop) for ADC_Stop
    external.o(i.EINT0_IRQHandler) refers to car.o(i.toggleMode) for toggleMode
    ldr.o(i.LDR_Init) refers to adc.o(i.ADC_Init) for ADC_Init
    ldr.o(i.LDR_Left_Read_Data) refers to adc.o(i.ADC_Read) for ADC_Read
    ldr.o(i.LDR_Right_Read_Data) refers to adc.o(i.ADC_Read) for ADC_Read
    trimpot.o(i.Trimpot_Init) refers to adc.o(i.ADC_Init) for ADC_Init
    trimpot.o(i.Trimpot_Read_Data) refers to adc.o(i.ADC_Read) for ADC_Read
    ultrasonic.o(i.TIMER2_IRQHandler) refers to ultrasonic.o(i.__NVIC_ClearPendingIRQ) for __NVIC_ClearPendingIRQ
    ultrasonic.o(i.TIMER2_IRQHandler) refers to ultrasonic.o(i.__NVIC_EnableIRQ) for __NVIC_EnableIRQ
    ultrasonic.o(i.TIMER2_IRQHandler) refers to ultrasonic.o(.data) for isUltrasonicSensorTriggerEnded
    ultrasonic.o(i.TIMER3_IRQHandler) refers to ultrasonic.o(i.__NVIC_ClearPendingIRQ) for __NVIC_ClearPendingIRQ
    ultrasonic.o(i.TIMER3_IRQHandler) refers to ultrasonic.o(.data) for ultrasonicSensorEdgeCount
    ultrasonic.o(i.Ultrasonic_Get_Distance) refers to ultrasonic.o(.data) for ultrasonicSensorFallingTime
    ultrasonic.o(i.Ultrasonic_Trigger_Timer_Init) refers to ultrasonic.o(i.__NVIC_EnableIRQ) for __NVIC_EnableIRQ
    ultrasonic.o(i.Ultrasonic_Trigger_Timer_Init) refers to ultrasonic.o(i.__NVIC_ClearPendingIRQ) for __NVIC_ClearPendingIRQ
    startup_lpc407x_8x_177x_8x.o(RESET) refers to startup_lpc407x_8x_177x_8x.o(STACK) for __initial_sp
    startup_lpc407x_8x_177x_8x.o(RESET) refers to startup_lpc407x_8x_177x_8x.o(.text) for Reset_Handler
    startup_lpc407x_8x_177x_8x.o(RESET) refers to ultrasonic.o(i.TIMER2_IRQHandler) for TIMER2_IRQHandler
    startup_lpc407x_8x_177x_8x.o(RESET) refers to ultrasonic.o(i.TIMER3_IRQHandler) for TIMER3_IRQHandler
    startup_lpc407x_8x_177x_8x.o(RESET) refers to external.o(i.EINT0_IRQHandler) for EINT0_IRQHandler
    startup_lpc407x_8x_177x_8x.o(.text) refers to system_lpc407x_8x_177x_8x.o(i.SystemInit) for SystemInit
    startup_lpc407x_8x_177x_8x.o(.text) refers to entry.o(.ARM.Collect$$$$00000000) for __main
    system_lpc407x_8x_177x_8x.o(i.SystemCoreClockUpdate) refers to system_lpc407x_8x_177x_8x.o(.data) for SystemCoreClock
    system_lpc407x_8x_177x_8x.o(i.SystemInit) refers to system_lpc407x_8x_177x_8x.o(i.fpu_init) for fpu_init
    system_lpc407x_8x_177x_8x.o(i.SystemInit) refers to system_lpc407x_8x_177x_8x.o(i.SystemCoreClockUpdate) for SystemCoreClockUpdate
    entry.o(.ARM.Collect$$$$00000000) refers (Special) to entry10a.o(.ARM.Collect$$$$0000000D) for __rt_final_cpp
    entry.o(.ARM.Collect$$$$00000000) refers (Special) to entry11a.o(.ARM.Collect$$$$0000000F) for __rt_final_exit
    entry.o(.ARM.Collect$$$$00000000) refers (Special) to entry7b.o(.ARM.Collect$$$$00000008) for _main_clock
    entry.o(.ARM.Collect$$$$00000000) refers (Special) to entry8b.o(.ARM.Collect$$$$0000000A) for _main_cpp_init
    entry.o(.ARM.Collect$$$$00000000) refers (Special) to entry9a.o(.ARM.Collect$$$$0000000B) for _main_init
    entry.o(.ARM.Collect$$$$00000000) refers (Special) to entry5.o(.ARM.Collect$$$$00000004) for _main_scatterload
    entry.o(.ARM.Collect$$$$00000000) refers (Special) to entry2.o(.ARM.Collect$$$$00000001) for _main_stk
    dmul.o(.text) refers (Special) to iusefp.o(.text) for __I$use$fp
    dmul.o(.text) refers to depilogue.o(.text) for _double_epilogue
    ddiv.o(.text) refers (Special) to iusefp.o(.text) for __I$use$fp
    ddiv.o(.text) refers to depilogue.o(.text) for _double_round
    dfltui.o(.text) refers (Special) to iusefp.o(.text) for __I$use$fp
    dfltui.o(.text) refers to depilogue.o(.text) for _double_epilogue
    dfixui.o(.text) refers (Special) to iusefp.o(.text) for __I$use$fp
    dfixui.o(.text) refers to llushr.o(.text) for __aeabi_llsr
    entry2.o(.ARM.Collect$$$$00000001) refers to entry2.o(.ARM.Collect$$$$00002712) for __lit__00000000
    entry2.o(.ARM.Collect$$$$00002712) refers to startup_lpc407x_8x_177x_8x.o(STACK) for __initial_sp
    entry2.o(__vectab_stack_and_reset_area) refers to startup_lpc407x_8x_177x_8x.o(STACK) for __initial_sp
    entry2.o(__vectab_stack_and_reset_area) refers to entry.o(.ARM.Collect$$$$00000000) for __main
    entry5.o(.ARM.Collect$$$$00000004) refers to init.o(.text) for __scatterload
    entry9a.o(.ARM.Collect$$$$0000000B) refers to main.o(i.main) for main
    entry9b.o(.ARM.Collect$$$$0000000C) refers to main.o(i.main) for main
    depilogue.o(.text) refers to llshl.o(.text) for __aeabi_llsl
    depilogue.o(.text) refers to llushr.o(.text) for __aeabi_llsr
    init.o(.text) refers to entry5.o(.ARM.Collect$$$$00000004) for __main_after_scatterload


==============================================================================

Removing Unused input sections from the image.

    Removing main.o(.rev16_text), (4 bytes).
    Removing main.o(.revsh_text), (4 bytes).
    Removing main.o(.rrx_text), (6 bytes).
    Removing gpio.o(.rev16_text), (4 bytes).
    Removing gpio.o(.revsh_text), (4 bytes).
    Removing gpio.o(.rrx_text), (6 bytes).
    Removing joystick.o(.rev16_text), (4 bytes).
    Removing joystick.o(.revsh_text), (4 bytes).
    Removing joystick.o(.rrx_text), (6 bytes).
    Removing pwm.o(.rev16_text), (4 bytes).
    Removing pwm.o(.revsh_text), (4 bytes).
    Removing pwm.o(.rrx_text), (6 bytes).
    Removing led.o(.rev16_text), (4 bytes).
    Removing led.o(.revsh_text), (4 bytes).
    Removing led.o(.rrx_text), (6 bytes).
    Removing motor.o(.rev16_text), (4 bytes).
    Removing motor.o(.revsh_text), (4 bytes).
    Removing motor.o(.rrx_text), (6 bytes).
    Removing timer.o(.rev16_text), (4 bytes).
    Removing timer.o(.revsh_text), (4 bytes).
    Removing timer.o(.rrx_text), (6 bytes).
    Removing wait.o(.rev16_text), (4 bytes).
    Removing wait.o(.revsh_text), (4 bytes).
    Removing wait.o(.rrx_text), (6 bytes).
    Removing wait.o(i.wait), (20 bytes).
    Removing wait.o(i.waitMicroseconds), (18 bytes).
    Removing car.o(.rev16_text), (4 bytes).
    Removing car.o(.revsh_text), (4 bytes).
    Removing car.o(.rrx_text), (6 bytes).
    Removing adc.o(.rev16_text), (4 bytes).
    Removing adc.o(.revsh_text), (4 bytes).
    Removing adc.o(.rrx_text), (6 bytes).
    Removing adc.o(.data), (5 bytes).
    Removing external.o(.rev16_text), (4 bytes).
    Removing external.o(.revsh_text), (4 bytes).
    Removing external.o(.rrx_text), (6 bytes).
    Removing external.o(i.External_Init), (72 bytes).
    Removing ldr.o(.rev16_text), (4 bytes).
    Removing ldr.o(.revsh_text), (4 bytes).
    Removing ldr.o(.rrx_text), (6 bytes).
    Removing trimpot.o(.rev16_text), (4 bytes).
    Removing trimpot.o(.revsh_text), (4 bytes).
    Removing trimpot.o(.rrx_text), (6 bytes).
    Removing ultrasonic.o(.rev16_text), (4 bytes).
    Removing ultrasonic.o(.revsh_text), (4 bytes).
    Removing ultrasonic.o(.rrx_text), (6 bytes).
    Removing startup_lpc407x_8x_177x_8x.o(HEAP), (0 bytes).
    Removing system_lpc407x_8x_177x_8x.o(.rev16_text), (4 bytes).
    Removing system_lpc407x_8x_177x_8x.o(.revsh_text), (4 bytes).
    Removing system_lpc407x_8x_177x_8x.o(.rrx_text), (6 bytes).

50 unused section(s) (total 325 bytes) removed from the image.

==============================================================================

Image Symbol Table

    Local Symbols

    Symbol Name                              Value     Ov Type        Size  Object(Section)

    RESET                                    0x00000000   Section      228  startup_lpc407x_8x_177x_8x.o(RESET)
    ../clib/microlib/init/entry.s            0x00000000   Number         0  entry8b.o ABSOLUTE
    ../clib/microlib/init/entry.s            0x00000000   Number         0  entry.o ABSOLUTE
    ../clib/microlib/init/entry.s            0x00000000   Number         0  entry9a.o ABSOLUTE
    ../clib/microlib/init/entry.s            0x00000000   Number         0  entry11a.o ABSOLUTE
    ../clib/microlib/init/entry.s            0x00000000   Number         0  entry9b.o ABSOLUTE
    ../clib/microlib/init/entry.s            0x00000000   Number         0  entry5.o ABSOLUTE
    ../clib/microlib/init/entry.s            0x00000000   Number         0  entry7a.o ABSOLUTE
    ../clib/microlib/init/entry.s            0x00000000   Number         0  entry10a.o ABSOLUTE
    ../clib/microlib/init/entry.s            0x00000000   Number         0  entry7b.o ABSOLUTE
    ../clib/microlib/init/entry.s            0x00000000   Number         0  entry8a.o ABSOLUTE
    ../clib/microlib/init/entry.s            0x00000000   Number         0  entry10b.o ABSOLUTE
    ../clib/microlib/init/entry.s            0x00000000   Number         0  entry2.o ABSOLUTE
    ../clib/microlib/init/entry.s            0x00000000   Number         0  entry11b.o ABSOLUTE
    ../clib/microlib/longlong.c              0x00000000   Number         0  llshl.o ABSOLUTE
    ../clib/microlib/longlong.c              0x00000000   Number         0  llushr.o ABSOLUTE
    ../clib/microlib/stubs.s                 0x00000000   Number         0  iusefp.o ABSOLUTE
    ../fplib/microlib/fpdiv.c                0x00000000   Number         0  ddiv.o ABSOLUTE
    ../fplib/microlib/fpepilogue.c           0x00000000   Number         0  depilogue.o ABSOLUTE
    ../fplib/microlib/fpfix.c                0x00000000   Number         0  dfixui.o ABSOLUTE
    ../fplib/microlib/fpflt.c                0x00000000   Number         0  dfltui.o ABSOLUTE
    ../fplib/microlib/fpmul.c                0x00000000   Number         0  dmul.o ABSOLUTE
    Library\ADC.c                            0x00000000   Number         0  adc.o ABSOLUTE
    Library\Car.c                            0x00000000   Number         0  car.o ABSOLUTE
    Library\External.c                       0x00000000   Number         0  external.o ABSOLUTE
    Library\GPIO.c                           0x00000000   Number         0  gpio.o ABSOLUTE
    Library\Joystick.c                       0x00000000   Number         0  joystick.o ABSOLUTE
    Library\LDR.c                            0x00000000   Number         0  ldr.o ABSOLUTE
    Library\LED.c                            0x00000000   Number         0  led.o ABSOLUTE
    Library\Motor.c                          0x00000000   Number         0  motor.o ABSOLUTE
    Library\PWM.c                            0x00000000   Number         0  pwm.o ABSOLUTE
    Library\Timer.c                          0x00000000   Number         0  timer.o ABSOLUTE
    Library\Trimpot.c                        0x00000000   Number         0  trimpot.o ABSOLUTE
    Library\Ultrasonic.c                     0x00000000   Number         0  ultrasonic.o ABSOLUTE
    Library\Wait.c                           0x00000000   Number         0  wait.o ABSOLUTE
    Library\\ADC.c                           0x00000000   Number         0  adc.o ABSOLUTE
    Library\\Car.c                           0x00000000   Number         0  car.o ABSOLUTE
    Library\\External.c                      0x00000000   Number         0  external.o ABSOLUTE
    Library\\GPIO.c                          0x00000000   Number         0  gpio.o ABSOLUTE
    Library\\Joystick.c                      0x00000000   Number         0  joystick.o ABSOLUTE
    Library\\LDR.c                           0x00000000   Number         0  ldr.o ABSOLUTE
    Library\\LED.c                           0x00000000   Number         0  led.o ABSOLUTE
    Library\\Motor.c                         0x00000000   Number         0  motor.o ABSOLUTE
    Library\\PWM.c                           0x00000000   Number         0  pwm.o ABSOLUTE
    Library\\Timer.c                         0x00000000   Number         0  timer.o ABSOLUTE
    Library\\Trimpot.c                       0x00000000   Number         0  trimpot.o ABSOLUTE
    Library\\Ultrasonic.c                    0x00000000   Number         0  ultrasonic.o ABSOLUTE
    Library\\Wait.c                          0x00000000   Number         0  wait.o ABSOLUTE
    RTE\Device\LPC4088FET208\startup_LPC407x_8x_177x_8x.s 0x00000000   Number         0  startup_lpc407x_8x_177x_8x.o ABSOLUTE
    RTE\Device\LPC4088FET208\system_LPC407x_8x_177x_8x.c 0x00000000   Number         0  system_lpc407x_8x_177x_8x.o ABSOLUTE
    RTE\\Device\\LPC4088FET208\\system_LPC407x_8x_177x_8x.c 0x00000000   Number         0  system_lpc407x_8x_177x_8x.o ABSOLUTE
    dc.s                                     0x00000000   Number         0  dc.o ABSOLUTE
    handlers.s                               0x00000000   Number         0  handlers.o ABSOLUTE
    init.s                                   0x00000000   Number         0  init.o ABSOLUTE
    main.c                                   0x00000000   Number         0  main.o ABSOLUTE
    main.c                                   0x00000000   Number         0  main.o ABSOLUTE
    .ARM.Collect$$$$00000000                 0x000000e4   Section        0  entry.o(.ARM.Collect$$$$00000000)
    .ARM.Collect$$$$00000001                 0x000000e4   Section        4  entry2.o(.ARM.Collect$$$$00000001)
    .ARM.Collect$$$$00000004                 0x000000e8   Section        4  entry5.o(.ARM.Collect$$$$00000004)
    .ARM.Collect$$$$00000008                 0x000000ec   Section        0  entry7b.o(.ARM.Collect$$$$00000008)
    .ARM.Collect$$$$0000000A                 0x000000ec   Section        0  entry8b.o(.ARM.Collect$$$$0000000A)
    .ARM.Collect$$$$0000000B                 0x000000ec   Section        8  entry9a.o(.ARM.Collect$$$$0000000B)
    .ARM.Collect$$$$0000000D                 0x000000f4   Section        0  entry10a.o(.ARM.Collect$$$$0000000D)
    .ARM.Collect$$$$0000000F                 0x000000f4   Section        0  entry11a.o(.ARM.Collect$$$$0000000F)
    .ARM.Collect$$$$00002712                 0x000000f4   Section        4  entry2.o(.ARM.Collect$$$$00002712)
    __lit__00000000                          0x000000f4   Data           4  entry2.o(.ARM.Collect$$$$00002712)
    .text                                    0x000000f8   Section       36  startup_lpc407x_8x_177x_8x.o(.text)
    $v0                                      0x000000f8   Number         0  startup_lpc407x_8x_177x_8x.o(.text)
    .text                                    0x0000011c   Section        0  dmul.o(.text)
    .text                                    0x00000200   Section        0  ddiv.o(.text)
    .text                                    0x000002de   Section        0  dfltui.o(.text)
    .text                                    0x000002f8   Section        0  iusefp.o(.text)
    i.__scatterload_null                     0x000002f8   Section        2  handlers.o(i.__scatterload_null)
    .ARM.__at_0x02FC                         0x000002fc   Section        4  startup_lpc407x_8x_177x_8x.o(.ARM.__at_0x02FC)
    .text                                    0x00000300   Section        0  dfixui.o(.text)
    .text                                    0x00000332   Section        0  llushr.o(.text)
    .text                                    0x00000352   Section        0  depilogue.o(.text)
    .text                                    0x0000040c   Section       36  init.o(.text)
    .text                                    0x00000430   Section        0  llshl.o(.text)
    i.ADC_Init                               0x00000450   Section        0  adc.o(i.ADC_Init)
    i.ADC_Read                               0x0000048c   Section        0  adc.o(i.ADC_Read)
    i.ADC_Start                              0x000004e4   Section        0  adc.o(i.ADC_Start)
    i.ADC_Stop                               0x000004f8   Section        0  adc.o(i.ADC_Stop)
    i.Car_Init                               0x0000050c   Section        0  car.o(i.Car_Init)
    i.EINT0_IRQHandler                       0x00000540   Section        0  external.o(i.EINT0_IRQHandler)
    i.GPIO_DIR_Write                         0x00000560   Section        0  gpio.o(i.GPIO_DIR_Write)
    i.GPIO_PIN_Read                          0x00000572   Section        0  gpio.o(i.GPIO_PIN_Read)
    i.GPIO_PIN_Write                         0x0000057c   Section        0  gpio.o(i.GPIO_PIN_Write)
    i.Joystick_Center_Pressed                0x00000590   Section        0  joystick.o(i.Joystick_Center_Pressed)
    i.Joystick_Down_Pressed                  0x000005a8   Section        0  joystick.o(i.Joystick_Down_Pressed)
    i.Joystick_Init                          0x000005c0   Section        0  joystick.o(i.Joystick_Init)
    i.Joystick_Left_Pressed                  0x000005fc   Section        0  joystick.o(i.Joystick_Left_Pressed)
    i.Joystick_Right_Pressed                 0x00000614   Section        0  joystick.o(i.Joystick_Right_Pressed)
    i.Joystick_Up_Pressed                    0x0000062c   Section        0  joystick.o(i.Joystick_Up_Pressed)
    i.LDR_Init                               0x00000644   Section        0  ldr.o(i.LDR_Init)
    i.LDR_Left_Read_Data                     0x00000660   Section        0  ldr.o(i.LDR_Left_Read_Data)
    i.LDR_Right_Read_Data                    0x0000066e   Section        0  ldr.o(i.LDR_Right_Read_Data)
    i.LED_Controller                         0x0000067c   Section        0  led.o(i.LED_Controller)
    i.LED_Init                               0x00000730   Section        0  led.o(i.LED_Init)
    i.LED_Off                                0x0000077c   Section        0  led.o(i.LED_Off)
    i.LED_On                                 0x0000078e   Section        0  led.o(i.LED_On)
    i.LED_Write                              0x000007a0   Section        0  led.o(i.LED_Write)
    i.Motor_Controller                       0x000007b4   Section        0  motor.o(i.Motor_Controller)
    i.Motor_Direction_Init                   0x0000080c   Section        0  motor.o(i.Motor_Direction_Init)
    i.Motor_Handle                           0x0000084c   Section        0  motor.o(i.Motor_Handle)
    i.Motor_Init                             0x000008aa   Section        0  motor.o(i.Motor_Init)
    i.Motor_PWM_Init                         0x000008b8   Section        0  motor.o(i.Motor_PWM_Init)
    i.Motor_Write                            0x000008e8   Section        0  motor.o(i.Motor_Write)
    i.PWM_Cycle_Rate                         0x00000900   Section        0  pwm.o(i.PWM_Cycle_Rate)
    i.PWM_Init                               0x00000918   Section        0  pwm.o(i.PWM_Init)
    i.PWM_Write                              0x0000097c   Section        0  pwm.o(i.PWM_Write)
    i.SystemCoreClockUpdate                  0x00000a14   Section        0  system_lpc407x_8x_177x_8x.o(i.SystemCoreClockUpdate)
    i.SystemInit                             0x00000ce8   Section        0  system_lpc407x_8x_177x_8x.o(i.SystemInit)
    i.TIMER2_IRQHandler                      0x00000dd4   Section        0  ultrasonic.o(i.TIMER2_IRQHandler)
    i.TIMER3_IRQHandler                      0x00000e28   Section        0  ultrasonic.o(i.TIMER3_IRQHandler)
    i.Trimpot_Init                           0x00000eb8   Section        0  trimpot.o(i.Trimpot_Init)
    i.Trimpot_Read_Data                      0x00000ec8   Section        0  trimpot.o(i.Trimpot_Read_Data)
    i.Ultrasonic_Capture_Timer_Init          0x00000ed4   Section        0  ultrasonic.o(i.Ultrasonic_Capture_Timer_Init)
    i.Ultrasonic_Get_Distance                0x00000f34   Section        0  ultrasonic.o(i.Ultrasonic_Get_Distance)
    i.Ultrasonic_Start_Trigger               0x00000f5c   Section        0  ultrasonic.o(i.Ultrasonic_Start_Trigger)
    i.Ultrasonic_Trigger_Timer_Init          0x00000f88   Section        0  ultrasonic.o(i.Ultrasonic_Trigger_Timer_Init)
    i.__NVIC_ClearPendingIRQ                 0x00001018   Section        0  ultrasonic.o(i.__NVIC_ClearPendingIRQ)
    __NVIC_ClearPendingIRQ                   0x00001019   Thumb Code    22  ultrasonic.o(i.__NVIC_ClearPendingIRQ)
    i.__NVIC_EnableIRQ                       0x00001034   Section        0  ultrasonic.o(i.__NVIC_EnableIRQ)
    __NVIC_EnableIRQ                         0x00001035   Thumb Code    26  ultrasonic.o(i.__NVIC_EnableIRQ)
    i.__scatterload_copy                     0x0000104e   Section       14  handlers.o(i.__scatterload_copy)
    i.__scatterload_zeroinit                 0x0000105c   Section       14  handlers.o(i.__scatterload_zeroinit)
    i.checkObstacle                          0x0000106c   Section        0  car.o(i.checkObstacle)
    i.endEscape                              0x0000109c   Section        0  car.o(i.endEscape)
    i.fpu_init                               0x000010b0   Section        0  system_lpc407x_8x_177x_8x.o(i.fpu_init)
    i.goBackward                             0x00001100   Section        0  car.o(i.goBackward)
    i.goForward                              0x00001130   Section        0  car.o(i.goForward)
    i.init                                   0x00001160   Section        0  main.o(i.init)
    i.main                                   0x00001168   Section        0  main.o(i.main)
    i.setFlags                               0x00001178   Section        0  car.o(i.setFlags)
    i.startEscape                            0x0000119c   Section        0  car.o(i.startEscape)
    i.stopCar                                0x000011b0   Section        0  car.o(i.stopCar)
    i.toggleMode                             0x000011dc   Section        0  car.o(i.toggleMode)
    i.turnLeft                               0x00001204   Section        0  car.o(i.turnLeft)
    i.turnRight                              0x00001238   Section        0  car.o(i.turnRight)
    i.update                                 0x00001270   Section        0  main.o(i.update)
    i.updateSensorValues                     0x00001294   Section        0  car.o(i.updateSensorValues)
    i.update_auto                            0x000012e4   Section        0  main.o(i.update_auto)
    i.update_manual                          0x00001374   Section        0  main.o(i.update_manual)
    .data                                    0x10000000   Section       52  car.o(.data)
    .data                                    0x10000034   Section       20  ultrasonic.o(.data)
    .data                                    0x10000048   Section       16  system_lpc407x_8x_177x_8x.o(.data)
    STACK                                    0x10000058   Section     1024  startup_lpc407x_8x_177x_8x.o(STACK)

    Global Symbols

    Symbol Name                              Value     Ov Type        Size  Object(Section)

    BuildAttributes$$THM_ISAv4$E$P$D$K$B$S$7EM$VFPi3$EXTD16$VFPS$VFMA$PE$A:L22UL41UL21$X:L11$S22US41US21$IEEE1$IW$USESV6$~STKCKD$USESV7$~SHL$OSPACE$ROPI$EBA8$MICROLIB$REQ8$PRES8$EABIv2 0x00000000   Number         0  anon$$obj.o ABSOLUTE
    __ARM_use_no_argv                        0x00000000   Number         0  main.o ABSOLUTE
    __Vectors                                0x00000000   Data           4  startup_lpc407x_8x_177x_8x.o(RESET)
    __cpp_initialize__aeabi_                  - Undefined Weak Reference
    __cxa_finalize                            - Undefined Weak Reference
    __decompress                              - Undefined Weak Reference
    _clock_init                               - Undefined Weak Reference
    _microlib_exit                            - Undefined Weak Reference
    __main                                   0x000000e5   Thumb Code     0  entry.o(.ARM.Collect$$$$00000000)
    _main_stk                                0x000000e5   Thumb Code     0  entry2.o(.ARM.Collect$$$$00000001)
    _main_scatterload                        0x000000e9   Thumb Code     0  entry5.o(.ARM.Collect$$$$00000004)
    __main_after_scatterload                 0x000000ed   Thumb Code     0  entry5.o(.ARM.Collect$$$$00000004)
    _main_clock                              0x000000ed   Thumb Code     0  entry7b.o(.ARM.Collect$$$$00000008)
    _main_cpp_init                           0x000000ed   Thumb Code     0  entry8b.o(.ARM.Collect$$$$0000000A)
    _main_init                               0x000000ed   Thumb Code     0  entry9a.o(.ARM.Collect$$$$0000000B)
    __rt_final_cpp                           0x000000f5   Thumb Code     0  entry10a.o(.ARM.Collect$$$$0000000D)
    __rt_final_exit                          0x000000f5   Thumb Code     0  entry11a.o(.ARM.Collect$$$$0000000F)
    Reset_Handler                            0x000000f9   Thumb Code     8  startup_lpc407x_8x_177x_8x.o(.text)
    NMI_Handler                              0x00000101   Thumb Code     2  startup_lpc407x_8x_177x_8x.o(.text)
    HardFault_Handler                        0x00000103   Thumb Code     2  startup_lpc407x_8x_177x_8x.o(.text)
    MemManage_Handler                        0x00000105   Thumb Code     2  startup_lpc407x_8x_177x_8x.o(.text)
    BusFault_Handler                         0x00000107   Thumb Code     2  startup_lpc407x_8x_177x_8x.o(.text)
    UsageFault_Handler                       0x00000109   Thumb Code     2  startup_lpc407x_8x_177x_8x.o(.text)
    SVC_Handler                              0x0000010b   Thumb Code     2  startup_lpc407x_8x_177x_8x.o(.text)
    DebugMon_Handler                         0x0000010d   Thumb Code     2  startup_lpc407x_8x_177x_8x.o(.text)
    PendSV_Handler                           0x0000010f   Thumb Code     2  startup_lpc407x_8x_177x_8x.o(.text)
    SysTick_Handler                          0x00000111   Thumb Code     2  startup_lpc407x_8x_177x_8x.o(.text)
    ADC_IRQHandler                           0x00000113   Thumb Code     0  startup_lpc407x_8x_177x_8x.o(.text)
    BOD_IRQHandler                           0x00000113   Thumb Code     0  startup_lpc407x_8x_177x_8x.o(.text)
    CANActivity_IRQHandler                   0x00000113   Thumb Code     0  startup_lpc407x_8x_177x_8x.o(.text)
    CAN_IRQHandler                           0x00000113   Thumb Code     0  startup_lpc407x_8x_177x_8x.o(.text)
    DMA_IRQHandler                           0x00000113   Thumb Code     0  startup_lpc407x_8x_177x_8x.o(.text)
    EEPROM_IRQHandler                        0x00000113   Thumb Code     0  startup_lpc407x_8x_177x_8x.o(.text)
    EINT1_IRQHandler                         0x00000113   Thumb Code     0  startup_lpc407x_8x_177x_8x.o(.text)
    EINT2_IRQHandler                         0x00000113   Thumb Code     0  startup_lpc407x_8x_177x_8x.o(.text)
    EINT3_IRQHandler                         0x00000113   Thumb Code     0  startup_lpc407x_8x_177x_8x.o(.text)
    ENET_IRQHandler                          0x00000113   Thumb Code     0  startup_lpc407x_8x_177x_8x.o(.text)
    GPIO_IRQHandler                          0x00000113   Thumb Code     0  startup_lpc407x_8x_177x_8x.o(.text)
    I2C0_IRQHandler                          0x00000113   Thumb Code     0  startup_lpc407x_8x_177x_8x.o(.text)
    I2C1_IRQHandler                          0x00000113   Thumb Code     0  startup_lpc407x_8x_177x_8x.o(.text)
    I2C2_IRQHandler                          0x00000113   Thumb Code     0  startup_lpc407x_8x_177x_8x.o(.text)
    I2S_IRQHandler                           0x00000113   Thumb Code     0  startup_lpc407x_8x_177x_8x.o(.text)
    LCD_IRQHandler                           0x00000113   Thumb Code     0  startup_lpc407x_8x_177x_8x.o(.text)
    MCI_IRQHandler                           0x00000113   Thumb Code     0  startup_lpc407x_8x_177x_8x.o(.text)
    MCPWM_IRQHandler                         0x00000113   Thumb Code     0  startup_lpc407x_8x_177x_8x.o(.text)
    PLL0_IRQHandler                          0x00000113   Thumb Code     0  startup_lpc407x_8x_177x_8x.o(.text)
    PLL1_IRQHandler                          0x00000113   Thumb Code     0  startup_lpc407x_8x_177x_8x.o(.text)
    PWM0_IRQHandler                          0x00000113   Thumb Code     0  startup_lpc407x_8x_177x_8x.o(.text)
    PWM1_IRQHandler                          0x00000113   Thumb Code     0  startup_lpc407x_8x_177x_8x.o(.text)
    QEI_IRQHandler                           0x00000113   Thumb Code     0  startup_lpc407x_8x_177x_8x.o(.text)
    RTC_IRQHandler                           0x00000113   Thumb Code     0  startup_lpc407x_8x_177x_8x.o(.text)
    SSP0_IRQHandler                          0x00000113   Thumb Code     0  startup_lpc407x_8x_177x_8x.o(.text)
    SSP1_IRQHandler                          0x00000113   Thumb Code     0  startup_lpc407x_8x_177x_8x.o(.text)
    SSP2_IRQHandler                          0x00000113   Thumb Code     0  startup_lpc407x_8x_177x_8x.o(.text)
    TIMER0_IRQHandler                        0x00000113   Thumb Code     0  startup_lpc407x_8x_177x_8x.o(.text)
    TIMER1_IRQHandler                        0x00000113   Thumb Code     0  startup_lpc407x_8x_177x_8x.o(.text)
    UART0_IRQHandler                         0x00000113   Thumb Code     0  startup_lpc407x_8x_177x_8x.o(.text)
    UART1_IRQHandler                         0x00000113   Thumb Code     0  startup_lpc407x_8x_177x_8x.o(.text)
    UART2_IRQHandler                         0x00000113   Thumb Code     0  startup_lpc407x_8x_177x_8x.o(.text)
    UART3_IRQHandler                         0x00000113   Thumb Code     0  startup_lpc407x_8x_177x_8x.o(.text)
    UART4_IRQHandler                         0x00000113   Thumb Code     0  startup_lpc407x_8x_177x_8x.o(.text)
    USBActivity_IRQHandler                   0x00000113   Thumb Code     0  startup_lpc407x_8x_177x_8x.o(.text)
    USB_IRQHandler                           0x00000113   Thumb Code     0  startup_lpc407x_8x_177x_8x.o(.text)
    WDT_IRQHandler                           0x00000113   Thumb Code     0  startup_lpc407x_8x_177x_8x.o(.text)
    __aeabi_dmul                             0x0000011d   Thumb Code   228  dmul.o(.text)
    __aeabi_ddiv                             0x00000201   Thumb Code   222  ddiv.o(.text)
    __aeabi_ui2d                             0x000002df   Thumb Code    26  dfltui.o(.text)
    __I$use$fp                               0x000002f9   Thumb Code     0  iusefp.o(.text)
    __scatterload_null                       0x000002f9   Thumb Code     2  handlers.o(i.__scatterload_null)
    __aeabi_d2uiz                            0x00000301   Thumb Code    50  dfixui.o(.text)
    __aeabi_llsr                             0x00000333   Thumb Code    32  llushr.o(.text)
    _ll_ushift_r                             0x00000333   Thumb Code     0  llushr.o(.text)
    _double_round                            0x00000353   Thumb Code    30  depilogue.o(.text)
    _double_epilogue                         0x00000371   Thumb Code   156  depilogue.o(.text)
    __scatterload                            0x0000040d   Thumb Code    28  init.o(.text)
    __scatterload_rt2                        0x0000040d   Thumb Code     0  init.o(.text)
    __aeabi_llsl                             0x00000431   Thumb Code    30  llshl.o(.text)
    _ll_shift_l                              0x00000431   Thumb Code     0  llshl.o(.text)
    ADC_Init                                 0x00000451   Thumb Code    46  adc.o(i.ADC_Init)
    ADC_Read                                 0x0000048d   Thumb Code    82  adc.o(i.ADC_Read)
    ADC_Start                                0x000004e5   Thumb Code    14  adc.o(i.ADC_Start)
    ADC_Stop                                 0x000004f9   Thumb Code    14  adc.o(i.ADC_Stop)
    Car_Init                                 0x0000050d   Thumb Code    50  car.o(i.Car_Init)
    EINT0_IRQHandler                         0x00000541   Thumb Code    22  external.o(i.EINT0_IRQHandler)
    GPIO_DIR_Write                           0x00000561   Thumb Code    18  gpio.o(i.GPIO_DIR_Write)
    GPIO_PIN_Read                            0x00000573   Thumb Code    10  gpio.o(i.GPIO_PIN_Read)
    GPIO_PIN_Write                           0x0000057d   Thumb Code    18  gpio.o(i.GPIO_PIN_Write)
    Joystick_Center_Pressed                  0x00000591   Thumb Code    20  joystick.o(i.Joystick_Center_Pressed)
    Joystick_Down_Pressed                    0x000005a9   Thumb Code    20  joystick.o(i.Joystick_Down_Pressed)
    Joystick_Init                            0x000005c1   Thumb Code    54  joystick.o(i.Joystick_Init)
    Joystick_Left_Pressed                    0x000005fd   Thumb Code    20  joystick.o(i.Joystick_Left_Pressed)
    Joystick_Right_Pressed                   0x00000615   Thumb Code    20  joystick.o(i.Joystick_Right_Pressed)
    Joystick_Up_Pressed                      0x0000062d   Thumb Code    20  joystick.o(i.Joystick_Up_Pressed)
    LDR_Init                                 0x00000645   Thumb Code    22  ldr.o(i.LDR_Init)
    LDR_Left_Read_Data                       0x00000661   Thumb Code    14  ldr.o(i.LDR_Left_Read_Data)
    LDR_Right_Read_Data                      0x0000066f   Thumb Code    14  ldr.o(i.LDR_Right_Read_Data)
    LED_Controller                           0x0000067d   Thumb Code   172  led.o(i.LED_Controller)
    LED_Init                                 0x00000731   Thumb Code    62  led.o(i.LED_Init)
    LED_Off                                  0x0000077d   Thumb Code    18  led.o(i.LED_Off)
    LED_On                                   0x0000078f   Thumb Code    18  led.o(i.LED_On)
    LED_Write                                0x000007a1   Thumb Code    16  led.o(i.LED_Write)
    Motor_Controller                         0x000007b5   Thumb Code    82  motor.o(i.Motor_Controller)
    Motor_Direction_Init                     0x0000080d   Thumb Code    58  motor.o(i.Motor_Direction_Init)
    Motor_Handle                             0x0000084d   Thumb Code    94  motor.o(i.Motor_Handle)
    Motor_Init                               0x000008ab   Thumb Code    12  motor.o(i.Motor_Init)
    Motor_PWM_Init                           0x000008b9   Thumb Code    38  motor.o(i.Motor_PWM_Init)
    Motor_Write                              0x000008e9   Thumb Code    18  motor.o(i.Motor_Write)
    PWM_Cycle_Rate                           0x00000901   Thumb Code    24  pwm.o(i.PWM_Cycle_Rate)
    PWM_Init                                 0x00000919   Thumb Code    92  pwm.o(i.PWM_Init)
    PWM_Write                                0x0000097d   Thumb Code   142  pwm.o(i.PWM_Write)
    SystemCoreClockUpdate                    0x00000a15   Thumb Code   696  system_lpc407x_8x_177x_8x.o(i.SystemCoreClockUpdate)
    SystemInit                               0x00000ce9   Thumb Code   220  system_lpc407x_8x_177x_8x.o(i.SystemInit)
    TIMER2_IRQHandler                        0x00000dd5   Thumb Code    72  ultrasonic.o(i.TIMER2_IRQHandler)
    TIMER3_IRQHandler                        0x00000e29   Thumb Code   124  ultrasonic.o(i.TIMER3_IRQHandler)
    Trimpot_Init                             0x00000eb9   Thumb Code    12  trimpot.o(i.Trimpot_Init)
    Trimpot_Read_Data                        0x00000ec9   Thumb Code    12  trimpot.o(i.Trimpot_Read_Data)
    Ultrasonic_Capture_Timer_Init            0x00000ed5   Thumb Code    84  ultrasonic.o(i.Ultrasonic_Capture_Timer_Init)
    Ultrasonic_Get_Distance                  0x00000f35   Thumb Code    26  ultrasonic.o(i.Ultrasonic_Get_Distance)
    Ultrasonic_Start_Trigger                 0x00000f5d   Thumb Code    38  ultrasonic.o(i.Ultrasonic_Start_Trigger)
    Ultrasonic_Trigger_Timer_Init            0x00000f89   Thumb Code   122  ultrasonic.o(i.Ultrasonic_Trigger_Timer_Init)
    __scatterload_copy                       0x0000104f   Thumb Code    14  handlers.o(i.__scatterload_copy)
    __scatterload_zeroinit                   0x0000105d   Thumb Code    14  handlers.o(i.__scatterload_zeroinit)
    checkObstacle                            0x0000106d   Thumb Code    38  car.o(i.checkObstacle)
    endEscape                                0x0000109d   Thumb Code    14  car.o(i.endEscape)
    fpu_init                                 0x000010b1   Thumb Code    62  system_lpc407x_8x_177x_8x.o(i.fpu_init)
    goBackward                               0x00001101   Thumb Code    44  car.o(i.goBackward)
    goForward                                0x00001131   Thumb Code    44  car.o(i.goForward)
    init                                     0x00001161   Thumb Code     8  main.o(i.init)
    main                                     0x00001169   Thumb Code    16  main.o(i.main)
    setFlags                                 0x00001179   Thumb Code    20  car.o(i.setFlags)
    startEscape                              0x0000119d   Thumb Code    14  car.o(i.startEscape)
    stopCar                                  0x000011b1   Thumb Code    42  car.o(i.stopCar)
    toggleMode                               0x000011dd   Thumb Code    36  car.o(i.toggleMode)
    turnLeft                                 0x00001205   Thumb Code    48  car.o(i.turnLeft)
    turnRight                                0x00001239   Thumb Code    50  car.o(i.turnRight)
    update                                   0x00001271   Thumb Code    30  main.o(i.update)
    updateSensorValues                       0x00001295   Thumb Code    60  car.o(i.updateSensorValues)
    update_auto                              0x000012e5   Thumb Code   118  main.o(i.update_auto)
    update_manual                            0x00001375   Thumb Code    70  main.o(i.update_manual)
    Region$$Table$$Base                      0x000013bc   Number         0  anon$$obj.o(Region$$Table)
    Region$$Table$$Limit                     0x000013dc   Number         0  anon$$obj.o(Region$$Table)
    TURN_LEFT_FLAG                           0x10000000   Data           4  car.o(.data)
    TURN_RIGHT_FLAG                          0x10000004   Data           4  car.o(.data)
    FORWARD_FLAG                             0x10000008   Data           4  car.o(.data)
    BACKWARD_FLAG                            0x1000000c   Data           4  car.o(.data)
    IS_ESCAPING                              0x10000010   Data           4  car.o(.data)
    speed                                    0x10000014   Data           4  car.o(.data)
    mode                                     0x10000018   Data           4  car.o(.data)
    active                                   0x1000001c   Data           4  car.o(.data)
    turnCount                                0x10000020   Data           4  car.o(.data)
    distance                                 0x10000024   Data           4  car.o(.data)
    LDR_Left_Value                           0x10000028   Data           4  car.o(.data)
    LDR_Right_Value                          0x1000002c   Data           4  car.o(.data)
    LDR_Difference                           0x10000030   Data           4  car.o(.data)
    isUltrasonicSensorTriggerEnded           0x10000034   Data           1  ultrasonic.o(.data)
    ultrasonicSensorEdgeCount                0x10000035   Data           1  ultrasonic.o(.data)
    ultrasonicSensorRisingTime               0x10000038   Data           4  ultrasonic.o(.data)
    ultrasonicSensorFallingTime              0x1000003c   Data           4  ultrasonic.o(.data)
    ultrasonicSensorDuration                 0x10000040   Data           4  ultrasonic.o(.data)
    ultrasonicSensorDistance                 0x10000044   Data           4  ultrasonic.o(.data)
    SystemCoreClock                          0x10000048   Data           4  system_lpc407x_8x_177x_8x.o(.data)
    PeripheralClock                          0x1000004c   Data           4  system_lpc407x_8x_177x_8x.o(.data)
    EMCClock                                 0x10000050   Data           4  system_lpc407x_8x_177x_8x.o(.data)
    USBClock                                 0x10000054   Data           4  system_lpc407x_8x_177x_8x.o(.data)
    __initial_sp                             0x10000458   Data           0  startup_lpc407x_8x_177x_8x.o(STACK)



==============================================================================

Memory Map of the image

  Image Entry point : 0x000000f9

  Load Region LR_1 (Base: 0x00000000, Size: 0x00001434, Max: 0xffffffff, ABSOLUTE)

    Execution Region ER_RO (Exec base: 0x00000000, Load base: 0x00000000, Size: 0x000013dc, Max: 0xffffffff, ABSOLUTE)

    Exec Addr    Load Addr    Size         Type   Attr      Idx    E Section Name        Object

    0x00000000   0x00000000   0x000000e4   Data   RO          764    RESET               startup_lpc407x_8x_177x_8x.o
    0x000000e4   0x000000e4   0x00000000   Code   RO          814  * .ARM.Collect$$$$00000000  mc_w.l(entry.o)
    0x000000e4   0x000000e4   0x00000004   Code   RO          825    .ARM.Collect$$$$00000001  mc_w.l(entry2.o)
    0x000000e8   0x000000e8   0x00000004   Code   RO          828    .ARM.Collect$$$$00000004  mc_w.l(entry5.o)
    0x000000ec   0x000000ec   0x00000000   Code   RO          830    .ARM.Collect$$$$00000008  mc_w.l(entry7b.o)
    0x000000ec   0x000000ec   0x00000000   Code   RO          832    .ARM.Collect$$$$0000000A  mc_w.l(entry8b.o)
    0x000000ec   0x000000ec   0x00000008   Code   RO          833    .ARM.Collect$$$$0000000B  mc_w.l(entry9a.o)
    0x000000f4   0x000000f4   0x00000000   Code   RO          835    .ARM.Collect$$$$0000000D  mc_w.l(entry10a.o)
    0x000000f4   0x000000f4   0x00000000   Code   RO          837    .ARM.Collect$$$$0000000F  mc_w.l(entry11a.o)
    0x000000f4   0x000000f4   0x00000004   Code   RO          826    .ARM.Collect$$$$00002712  mc_w.l(entry2.o)
    0x000000f8   0x000000f8   0x00000024   Code   RO          766  * .text               startup_lpc407x_8x_177x_8x.o
    0x0000011c   0x0000011c   0x000000e4   Code   RO          817    .text               mf_w.l(dmul.o)
    0x00000200   0x00000200   0x000000de   Code   RO          819    .text               mf_w.l(ddiv.o)
    0x000002de   0x000002de   0x0000001a   Code   RO          821    .text               mf_w.l(dfltui.o)
    0x000002f8   0x000002f8   0x00000000   Code   RO          841    .text               mc_w.l(iusefp.o)
    0x000002f8   0x000002f8   0x00000002   Code   RO          851    i.__scatterload_null  mc_w.l(handlers.o)
    0x000002fa   0x000002fa   0x00000002   PAD
    0x000002fc   0x000002fc   0x00000004   Code   RO          765    .ARM.__at_0x02FC    startup_lpc407x_8x_177x_8x.o
    0x00000300   0x00000300   0x00000032   Code   RO          823    .text               mf_w.l(dfixui.o)
    0x00000332   0x00000332   0x00000020   Code   RO          839    .text               mc_w.l(llushr.o)
    0x00000352   0x00000352   0x000000ba   Code   RO          842    .text               mf_w.l(depilogue.o)
    0x0000040c   0x0000040c   0x00000024   Code   RO          844    .text               mc_w.l(init.o)
    0x00000430   0x00000430   0x0000001e   Code   RO          846    .text               mc_w.l(llshl.o)
    0x0000044e   0x0000044e   0x00000002   PAD
    0x00000450   0x00000450   0x0000003c   Code   RO          535    i.ADC_Init          adc.o
    0x0000048c   0x0000048c   0x00000058   Code   RO          536    i.ADC_Read          adc.o
    0x000004e4   0x000004e4   0x00000014   Code   RO          537    i.ADC_Start         adc.o
    0x000004f8   0x000004f8   0x00000014   Code   RO          538    i.ADC_Stop          adc.o
    0x0000050c   0x0000050c   0x00000032   Code   RO          423    i.Car_Init          car.o
    0x0000053e   0x0000053e   0x00000002   PAD
    0x00000540   0x00000540   0x00000020   Code   RO          580    i.EINT0_IRQHandler  external.o
    0x00000560   0x00000560   0x00000012   Code   RO          123    i.GPIO_DIR_Write    gpio.o
    0x00000572   0x00000572   0x0000000a   Code   RO          124    i.GPIO_PIN_Read     gpio.o
    0x0000057c   0x0000057c   0x00000012   Code   RO          125    i.GPIO_PIN_Write    gpio.o
    0x0000058e   0x0000058e   0x00000002   PAD
    0x00000590   0x00000590   0x00000018   Code   RO          162    i.Joystick_Center_Pressed  joystick.o
    0x000005a8   0x000005a8   0x00000018   Code   RO          163    i.Joystick_Down_Pressed  joystick.o
    0x000005c0   0x000005c0   0x0000003c   Code   RO          164    i.Joystick_Init     joystick.o
    0x000005fc   0x000005fc   0x00000018   Code   RO          165    i.Joystick_Left_Pressed  joystick.o
    0x00000614   0x00000614   0x00000018   Code   RO          166    i.Joystick_Right_Pressed  joystick.o
    0x0000062c   0x0000062c   0x00000018   Code   RO          167    i.Joystick_Up_Pressed  joystick.o
    0x00000644   0x00000644   0x0000001c   Code   RO          625    i.LDR_Init          ldr.o
    0x00000660   0x00000660   0x0000000e   Code   RO          626    i.LDR_Left_Read_Data  ldr.o
    0x0000066e   0x0000066e   0x0000000e   Code   RO          627    i.LDR_Right_Read_Data  ldr.o
    0x0000067c   0x0000067c   0x000000b4   Code   RO          261    i.LED_Controller    led.o
    0x00000730   0x00000730   0x0000004c   Code   RO          262    i.LED_Init          led.o
    0x0000077c   0x0000077c   0x00000012   Code   RO          263    i.LED_Off           led.o
    0x0000078e   0x0000078e   0x00000012   Code   RO          264    i.LED_On            led.o
    0x000007a0   0x000007a0   0x00000014   Code   RO          265    i.LED_Write         led.o
    0x000007b4   0x000007b4   0x00000058   Code   RO          312    i.Motor_Controller  motor.o
    0x0000080c   0x0000080c   0x00000040   Code   RO          313    i.Motor_Direction_Init  motor.o
    0x0000084c   0x0000084c   0x0000005e   Code   RO          314    i.Motor_Handle      motor.o
    0x000008aa   0x000008aa   0x0000000c   Code   RO          315    i.Motor_Init        motor.o
    0x000008b6   0x000008b6   0x00000002   PAD
    0x000008b8   0x000008b8   0x00000030   Code   RO          316    i.Motor_PWM_Init    motor.o
    0x000008e8   0x000008e8   0x00000018   Code   RO          317    i.Motor_Write       motor.o
    0x00000900   0x00000900   0x00000018   Code   RO          219    i.PWM_Cycle_Rate    pwm.o
    0x00000918   0x00000918   0x00000064   Code   RO          220    i.PWM_Init          pwm.o
    0x0000097c   0x0000097c   0x00000098   Code   RO          221    i.PWM_Write         pwm.o
    0x00000a14   0x00000a14   0x000002d4   Code   RO          775    i.SystemCoreClockUpdate  system_lpc407x_8x_177x_8x.o
    0x00000ce8   0x00000ce8   0x000000ec   Code   RO          776    i.SystemInit        system_lpc407x_8x_177x_8x.o
    0x00000dd4   0x00000dd4   0x00000054   Code   RO          691    i.TIMER2_IRQHandler  ultrasonic.o
    0x00000e28   0x00000e28   0x00000090   Code   RO          692    i.TIMER3_IRQHandler  ultrasonic.o
    0x00000eb8   0x00000eb8   0x00000010   Code   RO          661    i.Trimpot_Init      trimpot.o
    0x00000ec8   0x00000ec8   0x0000000c   Code   RO          662    i.Trimpot_Read_Data  trimpot.o
    0x00000ed4   0x00000ed4   0x00000060   Code   RO          693    i.Ultrasonic_Capture_Timer_Init  ultrasonic.o
    0x00000f34   0x00000f34   0x00000028   Code   RO          694    i.Ultrasonic_Get_Distance  ultrasonic.o
    0x00000f5c   0x00000f5c   0x0000002c   Code   RO          695    i.Ultrasonic_Start_Trigger  ultrasonic.o
    0x00000f88   0x00000f88   0x00000090   Code   RO          696    i.Ultrasonic_Trigger_Timer_Init  ultrasonic.o
    0x00001018   0x00001018   0x0000001c   Code   RO          697    i.__NVIC_ClearPendingIRQ  ultrasonic.o
    0x00001034   0x00001034   0x0000001a   Code   RO          698    i.__NVIC_EnableIRQ  ultrasonic.o
    0x0000104e   0x0000104e   0x0000000e   Code   RO          850    i.__scatterload_copy  mc_w.l(handlers.o)
    0x0000105c   0x0000105c   0x0000000e   Code   RO          852    i.__scatterload_zeroinit  mc_w.l(handlers.o)
    0x0000106a   0x0000106a   0x00000002   PAD
    0x0000106c   0x0000106c   0x00000030   Code   RO          424    i.checkObstacle     car.o
    0x0000109c   0x0000109c   0x00000014   Code   RO          425    i.endEscape         car.o
    0x000010b0   0x000010b0   0x00000050   Code   RO          777    i.fpu_init          system_lpc407x_8x_177x_8x.o
    0x00001100   0x00001100   0x00000030   Code   RO          426    i.goBackward        car.o
    0x00001130   0x00001130   0x00000030   Code   RO          427    i.goForward         car.o
    0x00001160   0x00001160   0x00000008   Code   RO            4    i.init              main.o
    0x00001168   0x00001168   0x00000010   Code   RO            5    i.main              main.o
    0x00001178   0x00001178   0x00000024   Code   RO          428    i.setFlags          car.o
    0x0000119c   0x0000119c   0x00000014   Code   RO          429    i.startEscape       car.o
    0x000011b0   0x000011b0   0x0000002a   Code   RO          430    i.stopCar           car.o
    0x000011da   0x000011da   0x00000002   PAD
    0x000011dc   0x000011dc   0x00000028   Code   RO          431    i.toggleMode        car.o
    0x00001204   0x00001204   0x00000034   Code   RO          432    i.turnLeft          car.o
    0x00001238   0x00001238   0x00000038   Code   RO          433    i.turnRight         car.o
    0x00001270   0x00001270   0x00000024   Code   RO            6    i.update            main.o
    0x00001294   0x00001294   0x00000050   Code   RO          434    i.updateSensorValues  car.o
    0x000012e4   0x000012e4   0x00000090   Code   RO            7    i.update_auto       main.o
    0x00001374   0x00001374   0x00000046   Code   RO            8    i.update_manual     main.o
    0x000013ba   0x000013ba   0x00000002   PAD
    0x000013bc   0x000013bc   0x00000020   Data   RO          848    Region$$Table       anon$$obj.o


    Execution Region ER_RW (Exec base: 0x10000000, Load base: 0x000013dc, Size: 0x00000058, Max: 0xffffffff, ABSOLUTE)

    Exec Addr    Load Addr    Size         Type   Attr      Idx    E Section Name        Object

    0x10000000   0x000013dc   0x00000034   Data   RW          435    .data               car.o
    0x10000034   0x00001410   0x00000014   Data   RW          699    .data               ultrasonic.o
    0x10000048   0x00001424   0x00000010   Data   RW          778    .data               system_lpc407x_8x_177x_8x.o


    Execution Region ER_ZI (Exec base: 0x10000058, Load base: 0x00001434, Size: 0x00000400, Max: 0xffffffff, ABSOLUTE)

    Exec Addr    Load Addr    Size         Type   Attr      Idx    E Section Name        Object

    0x10000058        -       0x00000400   Zero   RW          762    STACK               startup_lpc407x_8x_177x_8x.o


==============================================================================

Image component sizes


      Code (inc. data)   RO Data    RW Data    ZI Data      Debug   Object Name

       188         32          0          0          0       2233   adc.o
       540         80          0         52          0       6395   car.o
        32         10          0          0          0        467   external.o
        46          0          0          0          0       2810   gpio.o
       180         26          0          0          0       3121   joystick.o
        56          6          0          0          0       1410   ldr.o
       312         26          0          0          0       3031   led.o
       274         32          0          0          0      29077   main.o
       330         28          0          0          0       3541   motor.o
       276         18          0          0          0       3088   pwm.o
        40         12        228          0       1024       1072   startup_lpc407x_8x_177x_8x.o
      1040         62          0         16          0       4540   system_lpc407x_8x_177x_8x.o
        28          4          0          0          0        943   trimpot.o
       606         92          0         20          0      35036   ultrasonic.o

    ----------------------------------------------------------------------
      3958        428        260         88       1024      96764   Object Totals
         0          0         32          0          0          0   (incl. Generated)
        10          0          0          0          0          0   (incl. Padding)

    ----------------------------------------------------------------------

      Code (inc. data)   RO Data    RW Data    ZI Data      Debug   Library Member Name

         0          0          0          0          0          0   entry.o
         0          0          0          0          0          0   entry10a.o
         0          0          0          0          0          0   entry11a.o
         8          4          0          0          0          0   entry2.o
         4          0          0          0          0          0   entry5.o
         0          0          0          0          0          0   entry7b.o
         0          0          0          0          0          0   entry8b.o
         8          4          0          0          0          0   entry9a.o
        30          0          0          0          0          0   handlers.o
        36          8          0          0          0         68   init.o
         0          0          0          0          0          0   iusefp.o
        30          0          0          0          0         68   llshl.o
        32          0          0          0          0         68   llushr.o
       222          0          0          0          0        100   ddiv.o
       186          0          0          0          0        176   depilogue.o
        50          0          0          0          0         76   dfixui.o
        26          0          0          0          0         76   dfltui.o
       228          0          0          0          0         96   dmul.o

    ----------------------------------------------------------------------
       866         16          0          0          0        728   Library Totals
         6          0          0          0          0          0   (incl. Padding)

    ----------------------------------------------------------------------

      Code (inc. data)   RO Data    RW Data    ZI Data      Debug   Library Name

       148         16          0          0          0        204   mc_w.l
       712          0          0          0          0        524   mf_w.l

    ----------------------------------------------------------------------
       866         16          0          0          0        728   Library Totals

    ----------------------------------------------------------------------

==============================================================================


      Code (inc. data)   RO Data    RW Data    ZI Data      Debug   

      4824        444        260         88       1024      91684   Grand Totals
      4824        444        260         88       1024      91684   ELF Image Totals
      4824        444        260         88          0          0   ROM Totals

==============================================================================

    Total RO  Size (Code + RO Data)                 5084 (   4.96kB)
    Total RW  Size (RW Data + ZI Data)              1112 (   1.09kB)
    Total ROM Size (Code + RO Data + RW Data)       5172 (   5.05kB)

==============================================================================

