Component: ARM Compiler 5.06 update 6 (build 750) Tool: armlink [4d35ed]

==============================================================================

Section Cross References

    main.o(i.init) refers to car.o(i.Car_Init) for Car_Init
    main.o(i.main) refers to main.o(i.init) for init
    main.o(i.main) refers to car.o(i.updateSensorValues) for updateSensorValues
    main.o(i.main) refers to main.o(i.update) for update
    main.o(i.update) refers to main.o(i.update_auto) for update_auto
    main.o(i.update) refers to main.o(i.update_manual) for update_manual
    main.o(i.update) refers to car.o(.data) for mode
    main.o(i.update_auto) refers to joystick.o(i.Joystick_Center_Pressed) for Joystick_Center_Pressed
    main.o(i.update_auto) refers to car.o(i.stopCar) for stopCar
    main.o(i.update_auto) refers to joystick.o(i.Joystick_Up_Pressed) for Joystick_Up_Pressed
    main.o(i.update_auto) refers to car.o(i.turnLeft) for turnLeft
    main.o(i.update_auto) refers to car.o(i.turnRight) for turnRight
    main.o(i.update_auto) refers to car.o(i.goForward) for goForward
    main.o(i.update_auto) refers to car.o(.data) for active
    main.o(i.update_manual) refers to car.o(i.isMoving) for isMoving
    main.o(i.update_manual) refers to car.o(i.startEscape) for startEscape
    main.o(i.update_manual) refers to car.o(i.endEscape) for endEscape
    main.o(i.update_manual) refers to car.o(i.turnRight) for turnRight
    main.o(i.update_manual) refers to car.o(i.turnLeft) for turnLeft
    main.o(i.update_manual) refers to car.o(i.goForward) for goForward
    main.o(i.update_manual) refers to car.o(i.goBackward) for goBackward
    main.o(i.update_manual) refers to joystick.o(i.Joystick_Center_Pressed) for Joystick_Center_Pressed
    main.o(i.update_manual) refers to car.o(i.stopCar) for stopCar
    main.o(i.update_manual) refers to joystick.o(i.Joystick_Up_Pressed) for Joystick_Up_Pressed
    main.o(i.update_manual) refers to joystick.o(i.Joystick_Down_Pressed) for Joystick_Down_Pressed
    main.o(i.update_manual) refers to joystick.o(i.Joystick_Left_Pressed) for Joystick_Left_Pressed
    main.o(i.update_manual) refers to joystick.o(i.Joystick_Right_Pressed) for Joystick_Right_Pressed
    main.o(i.update_manual) refers to car.o(.data) for IS_ESCAPING
    joystick.o(i.Joystick_Center_Pressed) refers to gpio.o(i.GPIO_PIN_Read) for GPIO_PIN_Read
    joystick.o(i.Joystick_Down_Pressed) refers to gpio.o(i.GPIO_PIN_Read) for GPIO_PIN_Read
    joystick.o(i.Joystick_Init) refers to gpio.o(i.GPIO_DIR_Write) for GPIO_DIR_Write
    joystick.o(i.Joystick_Left_Pressed) refers to gpio.o(i.GPIO_PIN_Read) for GPIO_PIN_Read
    joystick.o(i.Joystick_Right_Pressed) refers to gpio.o(i.GPIO_PIN_Read) for GPIO_PIN_Read
    joystick.o(i.Joystick_Up_Pressed) refers to gpio.o(i.GPIO_PIN_Read) for GPIO_PIN_Read
    pwm.o(i.PWM_Write) refers to dfltui.o(.text) for __aeabi_ui2d
    pwm.o(i.PWM_Write) refers to ddiv.o(.text) for __aeabi_ddiv
    pwm.o(i.PWM_Write) refers to dmul.o(.text) for __aeabi_dmul
    pwm.o(i.PWM_Write) refers to dfixui.o(.text) for __aeabi_d2uiz
    led.o(i.LED_Controller) refers to led.o(i.LED_On) for LED_On
    led.o(i.LED_Controller) refers to led.o(i.LED_Off) for LED_Off
    led.o(i.LED_Controller) refers to led.o(i.LED_Write) for LED_Write
    led.o(i.LED_Controller) refers to pwm.o(i.PWM_Cycle_Rate) for PWM_Cycle_Rate
    led.o(i.LED_Init) refers to gpio.o(i.GPIO_DIR_Write) for GPIO_DIR_Write
    led.o(i.LED_Init) refers to pwm.o(i.PWM_Init) for PWM_Init
    led.o(i.LED_Off) refers to gpio.o(i.GPIO_PIN_Write) for GPIO_PIN_Write
    led.o(i.LED_On) refers to gpio.o(i.GPIO_PIN_Write) for GPIO_PIN_Write
    led.o(i.LED_Write) refers to pwm.o(i.PWM_Write) for PWM_Write
    motor.o(i.Motor_Controller) refers to motor.o(i.Motor_Handle) for Motor_Handle
    motor.o(i.Motor_Controller) refers to motor.o(i.Motor_Write) for Motor_Write
    motor.o(i.Motor_Direction_Init) refers to gpio.o(i.GPIO_DIR_Write) for GPIO_DIR_Write
    motor.o(i.Motor_Direction_Init) refers to motor.o(i.Motor_Controller) for Motor_Controller
    motor.o(i.Motor_Handle) refers to gpio.o(i.GPIO_PIN_Write) for GPIO_PIN_Write
    motor.o(i.Motor_Init) refers to motor.o(i.Motor_PWM_Init) for Motor_PWM_Init
    motor.o(i.Motor_Init) refers to motor.o(i.Motor_Direction_Init) for Motor_Direction_Init
    motor.o(i.Motor_PWM_Init) refers to pwm.o(i.PWM_Init) for PWM_Init
    motor.o(i.Motor_Write) refers to pwm.o(i.PWM_Write) for PWM_Write
    car.o(i.Car_Init) refers to joystick.o(i.Joystick_Init) for Joystick_Init
    car.o(i.Car_Init) refers to motor.o(i.Motor_Init) for Motor_Init
    car.o(i.Car_Init) refers to led.o(i.LED_Init) for LED_Init
    car.o(i.Car_Init) refers to ultrasonic.o(i.Ultrasonic_Trigger_Timer_Init) for Ultrasonic_Trigger_Timer_Init
    car.o(i.Car_Init) refers to ultrasonic.o(i.Ultrasonic_Capture_Timer_Init) for Ultrasonic_Capture_Timer_Init
    car.o(i.Car_Init) refers to ultrasonic.o(i.Ultrasonic_Start_Trigger) for Ultrasonic_Start_Trigger
    car.o(i.Car_Init) refers to trimpot.o(i.Trimpot_Init) for Trimpot_Init
    car.o(i.Car_Init) refers to ldr.o(i.LDR_Init) for LDR_Init
    car.o(i.Car_Init) refers to external.o(i.External_Init) for External_Init
    car.o(i.Car_Init) refers to serial.o(i.Serial_Init) for Serial_Init
    car.o(i.Car_Init) refers to led.o(i.LED_Controller) for LED_Controller
    car.o(i.checkObstacle) refers to car.o(i.isMoving) for isMoving
    car.o(i.checkObstacle) refers to car.o(i.startEscape) for startEscape
    car.o(i.checkObstacle) refers to car.o(i.endEscape) for endEscape
    car.o(i.checkObstacle) refers to car.o(.data) for IS_ESCAPING
    car.o(i.endEscape) refers to car.o(i.goForward) for goForward
    car.o(i.endEscape) refers to car.o(.data) for IS_ESCAPING
    car.o(i.goBackward) refers to led.o(i.LED_Controller) for LED_Controller
    car.o(i.goBackward) refers to motor.o(i.Motor_Controller) for Motor_Controller
    car.o(i.goBackward) refers to car.o(i.setFlags) for setFlags
    car.o(i.goBackward) refers to car.o(.data) for speed
    car.o(i.goForward) refers to led.o(i.LED_Controller) for LED_Controller
    car.o(i.goForward) refers to motor.o(i.Motor_Controller) for Motor_Controller
    car.o(i.goForward) refers to car.o(i.setFlags) for setFlags
    car.o(i.goForward) refers to car.o(.data) for speed
    car.o(i.isMoving) refers to car.o(.data) for TURN_LEFT_FLAG
    car.o(i.setFlags) refers to car.o(.data) for TURN_LEFT_FLAG
    car.o(i.setMode) refers to car.o(i.stopCar) for stopCar
    car.o(i.setMode) refers to car.o(.data) for active
    car.o(i.startEscape) refers to car.o(i.goBackward) for goBackward
    car.o(i.startEscape) refers to car.o(.data) for IS_ESCAPING
    car.o(i.stopCar) refers to led.o(i.LED_Controller) for LED_Controller
    car.o(i.stopCar) refers to motor.o(i.Motor_Controller) for Motor_Controller
    car.o(i.stopCar) refers to car.o(i.setFlags) for setFlags
    car.o(i.toggleMode) refers to car.o(i.stopCar) for stopCar
    car.o(i.toggleMode) refers to car.o(.data) for mode
    car.o(i.turnLeft) refers to led.o(i.LED_Controller) for LED_Controller
    car.o(i.turnLeft) refers to motor.o(i.Motor_Controller) for Motor_Controller
    car.o(i.turnLeft) refers to car.o(i.setFlags) for setFlags
    car.o(i.turnLeft) refers to car.o(.data) for speed
    car.o(i.turnRight) refers to led.o(i.LED_Controller) for LED_Controller
    car.o(i.turnRight) refers to motor.o(i.Motor_Controller) for Motor_Controller
    car.o(i.turnRight) refers to car.o(i.setFlags) for setFlags
    car.o(i.turnRight) refers to car.o(.data) for speed
    car.o(i.updateSensorValues) refers to trimpot.o(i.Trimpot_Read_Data) for Trimpot_Read_Data
    car.o(i.updateSensorValues) refers to ultrasonic.o(i.Ultrasonic_Get_Distance) for Ultrasonic_Get_Distance
    car.o(i.updateSensorValues) refers to ldr.o(i.LDR_Left_Read_Data) for LDR_Left_Read_Data
    car.o(i.updateSensorValues) refers to ldr.o(i.LDR_Right_Read_Data) for LDR_Right_Read_Data
    car.o(i.updateSensorValues) refers to car.o(.data) for speed
    adc.o(i.ADC_Read) refers to adc.o(i.ADC_Start) for ADC_Start
    adc.o(i.ADC_Read) refers to adc.o(i.ADC_Stop) for ADC_Stop
    external.o(i.EINT0_IRQHandler) refers to car.o(i.toggleMode) for toggleMode
    ldr.o(i.LDR_Init) refers to adc.o(i.ADC_Init) for ADC_Init
    ldr.o(i.LDR_Left_Read_Data) refers to adc.o(i.ADC_Read) for ADC_Read
    ldr.o(i.LDR_Right_Read_Data) refers to adc.o(i.ADC_Read) for ADC_Read
    trimpot.o(i.Trimpot_Init) refers to adc.o(i.ADC_Init) for ADC_Init
    trimpot.o(i.Trimpot_Read_Data) refers to adc.o(i.ADC_Read) for ADC_Read
    ultrasonic.o(i.TIMER2_IRQHandler) refers to ultrasonic.o(i.__NVIC_ClearPendingIRQ) for __NVIC_ClearPendingIRQ
    ultrasonic.o(i.TIMER2_IRQHandler) refers to ultrasonic.o(i.__NVIC_EnableIRQ) for __NVIC_EnableIRQ
    ultrasonic.o(i.TIMER2_IRQHandler) refers to ultrasonic.o(.data) for isUltrasonicSensorTriggerEnded
    ultrasonic.o(i.TIMER3_IRQHandler) refers to ultrasonic.o(i.__NVIC_ClearPendingIRQ) for __NVIC_ClearPendingIRQ
    ultrasonic.o(i.TIMER3_IRQHandler) refers to ultrasonic.o(.data) for ultrasonicSensorEdgeCount
    ultrasonic.o(i.Ultrasonic_Get_Distance) refers to ultrasonic.o(.data) for ultrasonicSensorFallingTime
    ultrasonic.o(i.Ultrasonic_Trigger_Timer_Init) refers to ultrasonic.o(i.__NVIC_EnableIRQ) for __NVIC_EnableIRQ
    ultrasonic.o(i.Ultrasonic_Trigger_Timer_Init) refers to ultrasonic.o(i.__NVIC_ClearPendingIRQ) for __NVIC_ClearPendingIRQ
    serial.o(i.Serial_Write) refers to serial.o(i.Serial_WriteData) for Serial_WriteData
    serial.o(i.Serial_WriteData) refers to serial.o(.data) for serialTransmitCompleted
    serial.o(i.UART0_IRQHandler) refers to serial.o(i.Serial_ReadData) for Serial_ReadData
    serial.o(i.UART0_IRQHandler) refers to serial.o(i.Serial_Write) for Serial_Write
    serial.o(i.UART0_IRQHandler) refers to car.o(i.setMode) for setMode
    serial.o(i.UART0_IRQHandler) refers to serial.o(i.Serial_WriteData) for Serial_WriteData
    serial.o(i.UART0_IRQHandler) refers to serial.o(.data) for serialReceivedCharacter
    serial.o(i.UART0_IRQHandler) refers to car.o(.data) for mode
    esp8266.o(i.ESP8266_Init) refers to gpio.o(i.GPIO_DIR_Write) for GPIO_DIR_Write
    esp8266.o(i.ESP8266_Init) refers to gpio.o(i.GPIO_PIN_Write) for GPIO_PIN_Write
    esp8266.o(i.ESP8266_Write) refers to esp8266.o(i.ESP8266_WriteData) for ESP8266_WriteData
    esp8266.o(i.ESP8266_readResponse) refers to esp8266.o(i.ESP8266_ReadData) for ESP8266_ReadData
    esp8266.o(i.ESP8266_readResponse) refers to esp8266.o(.data) for esp8266CurrentBufferIndex
    esp8266.o(i.ESP8266_readResponse) refers to esp8266.o(.bss) for esp8266Buffer
    esp8266.o(i.ESP8266_sendCommand) refers to esp8266.o(i.ESP8266_Write) for ESP8266_Write
    esp8266.o(i.ESP8266_sendCommand) refers to esp8266.o(.bss) for esp8266Response
    esp8266.o(i.ESP8266_sendCommand) refers to esp8266.o(.data) for esp8266CurrentBufferIndex
    esp8266.o(i.ESP8266_waitResponseEnd) refers to strstr.o(.text) for strstr
    esp8266.o(i.ESP8266_waitResponseEnd) refers to esp8266.o(.data) for esp8266CurrentBufferIndex
    esp8266.o(i.ESP8266_waitResponseEnd) refers to esp8266.o(.bss) for esp8266Buffer
    esp8266.o(i.UART3_IRQHandler) refers to esp8266.o(i.ESP8266_ReadData) for ESP8266_ReadData
    esp8266.o(i.UART3_IRQHandler) refers to esp8266.o(.bss) for esp8266Buffer
    esp8266.o(i.UART3_IRQHandler) refers to esp8266.o(.data) for esp8266CurrentBufferIndex
    startup_lpc407x_8x_177x_8x.o(RESET) refers to startup_lpc407x_8x_177x_8x.o(STACK) for __initial_sp
    startup_lpc407x_8x_177x_8x.o(RESET) refers to startup_lpc407x_8x_177x_8x.o(.text) for Reset_Handler
    startup_lpc407x_8x_177x_8x.o(RESET) refers to ultrasonic.o(i.TIMER2_IRQHandler) for TIMER2_IRQHandler
    startup_lpc407x_8x_177x_8x.o(RESET) refers to ultrasonic.o(i.TIMER3_IRQHandler) for TIMER3_IRQHandler
    startup_lpc407x_8x_177x_8x.o(RESET) refers to serial.o(i.UART0_IRQHandler) for UART0_IRQHandler
    startup_lpc407x_8x_177x_8x.o(RESET) refers to esp8266.o(i.UART3_IRQHandler) for UART3_IRQHandler
    startup_lpc407x_8x_177x_8x.o(RESET) refers to external.o(i.EINT0_IRQHandler) for EINT0_IRQHandler
    startup_lpc407x_8x_177x_8x.o(.text) refers to system_lpc407x_8x_177x_8x.o(i.SystemInit) for SystemInit
    startup_lpc407x_8x_177x_8x.o(.text) refers to entry.o(.ARM.Collect$$$$00000000) for __main
    system_lpc407x_8x_177x_8x.o(i.SystemCoreClockUpdate) refers to system_lpc407x_8x_177x_8x.o(.data) for SystemCoreClock
    system_lpc407x_8x_177x_8x.o(i.SystemInit) refers to system_lpc407x_8x_177x_8x.o(i.fpu_init) for fpu_init
    system_lpc407x_8x_177x_8x.o(i.SystemInit) refers to system_lpc407x_8x_177x_8x.o(i.SystemCoreClockUpdate) for SystemCoreClockUpdate
    entry.o(.ARM.Collect$$$$00000000) refers (Special) to entry10a.o(.ARM.Collect$$$$0000000D) for __rt_final_cpp
    entry.o(.ARM.Collect$$$$00000000) refers (Special) to entry11a.o(.ARM.Collect$$$$0000000F) for __rt_final_exit
    entry.o(.ARM.Collect$$$$00000000) refers (Special) to entry7b.o(.ARM.Collect$$$$00000008) for _main_clock
    entry.o(.ARM.Collect$$$$00000000) refers (Special) to entry8b.o(.ARM.Collect$$$$0000000A) for _main_cpp_init
    entry.o(.ARM.Collect$$$$00000000) refers (Special) to entry9a.o(.ARM.Collect$$$$0000000B) for _main_init
    entry.o(.ARM.Collect$$$$00000000) refers (Special) to entry5.o(.ARM.Collect$$$$00000004) for _main_scatterload
    entry.o(.ARM.Collect$$$$00000000) refers (Special) to entry2.o(.ARM.Collect$$$$00000001) for _main_stk
    dmul.o(.text) refers (Special) to iusefp.o(.text) for __I$use$fp
    dmul.o(.text) refers to depilogue.o(.text) for _double_epilogue
    ddiv.o(.text) refers (Special) to iusefp.o(.text) for __I$use$fp
    ddiv.o(.text) refers to depilogue.o(.text) for _double_round
    dfltui.o(.text) refers (Special) to iusefp.o(.text) for __I$use$fp
    dfltui.o(.text) refers to depilogue.o(.text) for _double_epilogue
    dfixui.o(.text) refers (Special) to iusefp.o(.text) for __I$use$fp
    dfixui.o(.text) refers to llushr.o(.text) for __aeabi_llsr
    entry2.o(.ARM.Collect$$$$00000001) refers to entry2.o(.ARM.Collect$$$$00002712) for __lit__00000000
    entry2.o(.ARM.Collect$$$$00002712) refers to startup_lpc407x_8x_177x_8x.o(STACK) for __initial_sp
    entry2.o(__vectab_stack_and_reset_area) refers to startup_lpc407x_8x_177x_8x.o(STACK) for __initial_sp
    entry2.o(__vectab_stack_and_reset_area) refers to entry.o(.ARM.Collect$$$$00000000) for __main
    entry5.o(.ARM.Collect$$$$00000004) refers to init.o(.text) for __scatterload
    entry9a.o(.ARM.Collect$$$$0000000B) refers to main.o(i.main) for main
    entry9b.o(.ARM.Collect$$$$0000000C) refers to main.o(i.main) for main
    depilogue.o(.text) refers to llshl.o(.text) for __aeabi_llsl
    depilogue.o(.text) refers to llushr.o(.text) for __aeabi_llsr
    init.o(.text) refers to entry5.o(.ARM.Collect$$$$00000004) for __main_after_scatterload


==============================================================================

Removing Unused input sections from the image.

    Removing main.o(.rev16_text), (4 bytes).
    Removing main.o(.revsh_text), (4 bytes).
    Removing main.o(.rrx_text), (6 bytes).
    Removing gpio.o(.rev16_text), (4 bytes).
    Removing gpio.o(.revsh_text), (4 bytes).
    Removing gpio.o(.rrx_text), (6 bytes).
    Removing joystick.o(.rev16_text), (4 bytes).
    Removing joystick.o(.revsh_text), (4 bytes).
    Removing joystick.o(.rrx_text), (6 bytes).
    Removing pwm.o(.rev16_text), (4 bytes).
    Removing pwm.o(.revsh_text), (4 bytes).
    Removing pwm.o(.rrx_text), (6 bytes).
    Removing led.o(.rev16_text), (4 bytes).
    Removing led.o(.revsh_text), (4 bytes).
    Removing led.o(.rrx_text), (6 bytes).
    Removing motor.o(.rev16_text), (4 bytes).
    Removing motor.o(.revsh_text), (4 bytes).
    Removing motor.o(.rrx_text), (6 bytes).
    Removing timer.o(.rev16_text), (4 bytes).
    Removing timer.o(.revsh_text), (4 bytes).
    Removing timer.o(.rrx_text), (6 bytes).
    Removing wait.o(.rev16_text), (4 bytes).
    Removing wait.o(.revsh_text), (4 bytes).
    Removing wait.o(.rrx_text), (6 bytes).
    Removing wait.o(i.wait), (20 bytes).
    Removing wait.o(i.waitMicroseconds), (18 bytes).
    Removing car.o(.rev16_text), (4 bytes).
    Removing car.o(.revsh_text), (4 bytes).
    Removing car.o(.rrx_text), (6 bytes).
    Removing car.o(i.checkObstacle), (68 bytes).
    Removing adc.o(.rev16_text), (4 bytes).
    Removing adc.o(.revsh_text), (4 bytes).
    Removing adc.o(.rrx_text), (6 bytes).
    Removing adc.o(.data), (5 bytes).
    Removing external.o(.rev16_text), (4 bytes).
    Removing external.o(.revsh_text), (4 bytes).
    Removing external.o(.rrx_text), (6 bytes).
    Removing ldr.o(.rev16_text), (4 bytes).
    Removing ldr.o(.revsh_text), (4 bytes).
    Removing ldr.o(.rrx_text), (6 bytes).
    Removing trimpot.o(.rev16_text), (4 bytes).
    Removing trimpot.o(.revsh_text), (4 bytes).
    Removing trimpot.o(.rrx_text), (6 bytes).
    Removing ultrasonic.o(.rev16_text), (4 bytes).
    Removing ultrasonic.o(.revsh_text), (4 bytes).
    Removing ultrasonic.o(.rrx_text), (6 bytes).
    Removing serial.o(.rev16_text), (4 bytes).
    Removing serial.o(.revsh_text), (4 bytes).
    Removing serial.o(.rrx_text), (6 bytes).
    Removing esp8266.o(.rev16_text), (4 bytes).
    Removing esp8266.o(.revsh_text), (4 bytes).
    Removing esp8266.o(.rrx_text), (6 bytes).
    Removing esp8266.o(i.ESP8266_Init), (180 bytes).
    Removing esp8266.o(i.ESP8266_Write), (22 bytes).
    Removing esp8266.o(i.ESP8266_WriteData), (24 bytes).
    Removing esp8266.o(i.ESP8266_clearBuffer), (2 bytes).
    Removing esp8266.o(i.ESP8266_readResponse), (84 bytes).
    Removing esp8266.o(i.ESP8266_sendCommand), (60 bytes).
    Removing esp8266.o(i.ESP8266_waitResponseEnd), (208 bytes).
    Removing startup_lpc407x_8x_177x_8x.o(HEAP), (0 bytes).
    Removing system_lpc407x_8x_177x_8x.o(.rev16_text), (4 bytes).
    Removing system_lpc407x_8x_177x_8x.o(.revsh_text), (4 bytes).
    Removing system_lpc407x_8x_177x_8x.o(.rrx_text), (6 bytes).

63 unused section(s) (total 929 bytes) removed from the image.

==============================================================================

Image Symbol Table

    Local Symbols

    Symbol Name                              Value     Ov Type        Size  Object(Section)

    RESET                                    0x00000000   Section      228  startup_lpc407x_8x_177x_8x.o(RESET)
    ../clib/microlib/init/entry.s            0x00000000   Number         0  entry10b.o ABSOLUTE
    ../clib/microlib/init/entry.s            0x00000000   Number         0  entry7a.o ABSOLUTE
    ../clib/microlib/init/entry.s            0x00000000   Number         0  entry11b.o ABSOLUTE
    ../clib/microlib/init/entry.s            0x00000000   Number         0  entry11a.o ABSOLUTE
    ../clib/microlib/init/entry.s            0x00000000   Number         0  entry5.o ABSOLUTE
    ../clib/microlib/init/entry.s            0x00000000   Number         0  entry10a.o ABSOLUTE
    ../clib/microlib/init/entry.s            0x00000000   Number         0  entry9a.o ABSOLUTE
    ../clib/microlib/init/entry.s            0x00000000   Number         0  entry8b.o ABSOLUTE
    ../clib/microlib/init/entry.s            0x00000000   Number         0  entry.o ABSOLUTE
    ../clib/microlib/init/entry.s            0x00000000   Number         0  entry8a.o ABSOLUTE
    ../clib/microlib/init/entry.s            0x00000000   Number         0  entry7b.o ABSOLUTE
    ../clib/microlib/init/entry.s            0x00000000   Number         0  entry9b.o ABSOLUTE
    ../clib/microlib/init/entry.s            0x00000000   Number         0  entry2.o ABSOLUTE
    ../clib/microlib/longlong.c              0x00000000   Number         0  llushr.o ABSOLUTE
    ../clib/microlib/longlong.c              0x00000000   Number         0  llshl.o ABSOLUTE
    ../clib/microlib/string/strstr.c         0x00000000   Number         0  strstr.o ABSOLUTE
    ../clib/microlib/stubs.s                 0x00000000   Number         0  iusefp.o ABSOLUTE
    ../fplib/microlib/fpdiv.c                0x00000000   Number         0  ddiv.o ABSOLUTE
    ../fplib/microlib/fpepilogue.c           0x00000000   Number         0  depilogue.o ABSOLUTE
    ../fplib/microlib/fpfix.c                0x00000000   Number         0  dfixui.o ABSOLUTE
    ../fplib/microlib/fpflt.c                0x00000000   Number         0  dfltui.o ABSOLUTE
    ../fplib/microlib/fpmul.c                0x00000000   Number         0  dmul.o ABSOLUTE
    Library\ADC.c                            0x00000000   Number         0  adc.o ABSOLUTE
    Library\Car.c                            0x00000000   Number         0  car.o ABSOLUTE
    Library\ESP8266.c                        0x00000000   Number         0  esp8266.o ABSOLUTE
    Library\External.c                       0x00000000   Number         0  external.o ABSOLUTE
    Library\GPIO.c                           0x00000000   Number         0  gpio.o ABSOLUTE
    Library\Joystick.c                       0x00000000   Number         0  joystick.o ABSOLUTE
    Library\LDR.c                            0x00000000   Number         0  ldr.o ABSOLUTE
    Library\LED.c                            0x00000000   Number         0  led.o ABSOLUTE
    Library\Motor.c                          0x00000000   Number         0  motor.o ABSOLUTE
    Library\PWM.c                            0x00000000   Number         0  pwm.o ABSOLUTE
    Library\Serial.c                         0x00000000   Number         0  serial.o ABSOLUTE
    Library\Timer.c                          0x00000000   Number         0  timer.o ABSOLUTE
    Library\Trimpot.c                        0x00000000   Number         0  trimpot.o ABSOLUTE
    Library\Ultrasonic.c                     0x00000000   Number         0  ultrasonic.o ABSOLUTE
    Library\Wait.c                           0x00000000   Number         0  wait.o ABSOLUTE
    Library\\ADC.c                           0x00000000   Number         0  adc.o ABSOLUTE
    Library\\Car.c                           0x00000000   Number         0  car.o ABSOLUTE
    Library\\ESP8266.c                       0x00000000   Number         0  esp8266.o ABSOLUTE
    Library\\External.c                      0x00000000   Number         0  external.o ABSOLUTE
    Library\\GPIO.c                          0x00000000   Number         0  gpio.o ABSOLUTE
    Library\\Joystick.c                      0x00000000   Number         0  joystick.o ABSOLUTE
    Library\\LDR.c                           0x00000000   Number         0  ldr.o ABSOLUTE
    Library\\LED.c                           0x00000000   Number         0  led.o ABSOLUTE
    Library\\Motor.c                         0x00000000   Number         0  motor.o ABSOLUTE
    Library\\PWM.c                           0x00000000   Number         0  pwm.o ABSOLUTE
    Library\\Serial.c                        0x00000000   Number         0  serial.o ABSOLUTE
    Library\\Timer.c                         0x00000000   Number         0  timer.o ABSOLUTE
    Library\\Trimpot.c                       0x00000000   Number         0  trimpot.o ABSOLUTE
    Library\\Ultrasonic.c                    0x00000000   Number         0  ultrasonic.o ABSOLUTE
    Library\\Wait.c                          0x00000000   Number         0  wait.o ABSOLUTE
    RTE\Device\LPC4088FET208\startup_LPC407x_8x_177x_8x.s 0x00000000   Number         0  startup_lpc407x_8x_177x_8x.o ABSOLUTE
    RTE\Device\LPC4088FET208\system_LPC407x_8x_177x_8x.c 0x00000000   Number         0  system_lpc407x_8x_177x_8x.o ABSOLUTE
    RTE\\Device\\LPC4088FET208\\system_LPC407x_8x_177x_8x.c 0x00000000   Number         0  system_lpc407x_8x_177x_8x.o ABSOLUTE
    dc.s                                     0x00000000   Number         0  dc.o ABSOLUTE
    handlers.s                               0x00000000   Number         0  handlers.o ABSOLUTE
    init.s                                   0x00000000   Number         0  init.o ABSOLUTE
    main.c                                   0x00000000   Number         0  main.o ABSOLUTE
    main.c                                   0x00000000   Number         0  main.o ABSOLUTE
    .ARM.Collect$$$$00000000                 0x000000e4   Section        0  entry.o(.ARM.Collect$$$$00000000)
    .ARM.Collect$$$$00000001                 0x000000e4   Section        4  entry2.o(.ARM.Collect$$$$00000001)
    .ARM.Collect$$$$00000004                 0x000000e8   Section        4  entry5.o(.ARM.Collect$$$$00000004)
    .ARM.Collect$$$$00000008                 0x000000ec   Section        0  entry7b.o(.ARM.Collect$$$$00000008)
    .ARM.Collect$$$$0000000A                 0x000000ec   Section        0  entry8b.o(.ARM.Collect$$$$0000000A)
    .ARM.Collect$$$$0000000B                 0x000000ec   Section        8  entry9a.o(.ARM.Collect$$$$0000000B)
    .ARM.Collect$$$$0000000D                 0x000000f4   Section        0  entry10a.o(.ARM.Collect$$$$0000000D)
    .ARM.Collect$$$$0000000F                 0x000000f4   Section        0  entry11a.o(.ARM.Collect$$$$0000000F)
    .ARM.Collect$$$$00002712                 0x000000f4   Section        4  entry2.o(.ARM.Collect$$$$00002712)
    __lit__00000000                          0x000000f4   Data           4  entry2.o(.ARM.Collect$$$$00002712)
    .text                                    0x000000f8   Section       36  startup_lpc407x_8x_177x_8x.o(.text)
    $v0                                      0x000000f8   Number         0  startup_lpc407x_8x_177x_8x.o(.text)
    .text                                    0x0000011c   Section        0  dmul.o(.text)
    .text                                    0x00000200   Section        0  ddiv.o(.text)
    .text                                    0x000002de   Section        0  dfltui.o(.text)
    .text                                    0x000002f8   Section        0  iusefp.o(.text)
    i.__scatterload_null                     0x000002f8   Section        2  handlers.o(i.__scatterload_null)
    .ARM.__at_0x02FC                         0x000002fc   Section        4  startup_lpc407x_8x_177x_8x.o(.ARM.__at_0x02FC)
    .text                                    0x00000300   Section        0  dfixui.o(.text)
    .text                                    0x00000332   Section        0  llushr.o(.text)
    .text                                    0x00000352   Section        0  depilogue.o(.text)
    .text                                    0x0000040c   Section       36  init.o(.text)
    .text                                    0x00000430   Section        0  llshl.o(.text)
    i.ADC_Init                               0x00000450   Section        0  adc.o(i.ADC_Init)
    i.ADC_Read                               0x0000048c   Section        0  adc.o(i.ADC_Read)
    i.ADC_Start                              0x000004e4   Section        0  adc.o(i.ADC_Start)
    i.ADC_Stop                               0x000004f8   Section        0  adc.o(i.ADC_Stop)
    i.Car_Init                               0x0000050c   Section        0  car.o(i.Car_Init)
    i.EINT0_IRQHandler                       0x00000548   Section        0  external.o(i.EINT0_IRQHandler)
    i.ESP8266_ReadData                       0x00000568   Section        0  esp8266.o(i.ESP8266_ReadData)
    i.External_Init                          0x00000580   Section        0  external.o(i.External_Init)
    i.GPIO_DIR_Write                         0x000005cc   Section        0  gpio.o(i.GPIO_DIR_Write)
    i.GPIO_PIN_Read                          0x000005de   Section        0  gpio.o(i.GPIO_PIN_Read)
    i.GPIO_PIN_Write                         0x000005e8   Section        0  gpio.o(i.GPIO_PIN_Write)
    i.Joystick_Center_Pressed                0x000005fc   Section        0  joystick.o(i.Joystick_Center_Pressed)
    i.Joystick_Down_Pressed                  0x00000614   Section        0  joystick.o(i.Joystick_Down_Pressed)
    i.Joystick_Init                          0x0000062c   Section        0  joystick.o(i.Joystick_Init)
    i.Joystick_Left_Pressed                  0x00000668   Section        0  joystick.o(i.Joystick_Left_Pressed)
    i.Joystick_Right_Pressed                 0x00000680   Section        0  joystick.o(i.Joystick_Right_Pressed)
    i.Joystick_Up_Pressed                    0x00000698   Section        0  joystick.o(i.Joystick_Up_Pressed)
    i.LDR_Init                               0x000006b0   Section        0  ldr.o(i.LDR_Init)
    i.LDR_Left_Read_Data                     0x000006cc   Section        0  ldr.o(i.LDR_Left_Read_Data)
    i.LDR_Right_Read_Data                    0x000006da   Section        0  ldr.o(i.LDR_Right_Read_Data)
    i.LED_Controller                         0x000006e8   Section        0  led.o(i.LED_Controller)
    i.LED_Init                               0x00000794   Section        0  led.o(i.LED_Init)
    i.LED_Off                                0x000007e0   Section        0  led.o(i.LED_Off)
    i.LED_On                                 0x000007f2   Section        0  led.o(i.LED_On)
    i.LED_Write                              0x00000804   Section        0  led.o(i.LED_Write)
    i.Motor_Controller                       0x00000818   Section        0  motor.o(i.Motor_Controller)
    i.Motor_Direction_Init                   0x00000870   Section        0  motor.o(i.Motor_Direction_Init)
    i.Motor_Handle                           0x000008b0   Section        0  motor.o(i.Motor_Handle)
    i.Motor_Init                             0x0000090e   Section        0  motor.o(i.Motor_Init)
    i.Motor_PWM_Init                         0x0000091c   Section        0  motor.o(i.Motor_PWM_Init)
    i.Motor_Write                            0x0000094c   Section        0  motor.o(i.Motor_Write)
    i.PWM_Cycle_Rate                         0x0000096c   Section        0  pwm.o(i.PWM_Cycle_Rate)
    i.PWM_Init                               0x00000984   Section        0  pwm.o(i.PWM_Init)
    i.PWM_Write                              0x000009e8   Section        0  pwm.o(i.PWM_Write)
    i.Serial_Init                            0x00000a80   Section        0  serial.o(i.Serial_Init)
    i.Serial_ReadData                        0x00000b48   Section        0  serial.o(i.Serial_ReadData)
    i.Serial_Write                           0x00000b54   Section        0  serial.o(i.Serial_Write)
    i.Serial_WriteData                       0x00000b6c   Section        0  serial.o(i.Serial_WriteData)
    i.SystemCoreClockUpdate                  0x00000b80   Section        0  system_lpc407x_8x_177x_8x.o(i.SystemCoreClockUpdate)
    i.SystemInit                             0x00000e54   Section        0  system_lpc407x_8x_177x_8x.o(i.SystemInit)
    i.TIMER2_IRQHandler                      0x00000f40   Section        0  ultrasonic.o(i.TIMER2_IRQHandler)
    i.TIMER3_IRQHandler                      0x00000f94   Section        0  ultrasonic.o(i.TIMER3_IRQHandler)
    i.Trimpot_Init                           0x00001024   Section        0  trimpot.o(i.Trimpot_Init)
    i.Trimpot_Read_Data                      0x00001034   Section        0  trimpot.o(i.Trimpot_Read_Data)
    i.UART0_IRQHandler                       0x00001040   Section        0  serial.o(i.UART0_IRQHandler)
    i.UART3_IRQHandler                       0x00001138   Section        0  esp8266.o(i.UART3_IRQHandler)
    i.Ultrasonic_Capture_Timer_Init          0x0000115c   Section        0  ultrasonic.o(i.Ultrasonic_Capture_Timer_Init)
    i.Ultrasonic_Get_Distance                0x000011bc   Section        0  ultrasonic.o(i.Ultrasonic_Get_Distance)
    i.Ultrasonic_Start_Trigger               0x000011e4   Section        0  ultrasonic.o(i.Ultrasonic_Start_Trigger)
    i.Ultrasonic_Trigger_Timer_Init          0x00001210   Section        0  ultrasonic.o(i.Ultrasonic_Trigger_Timer_Init)
    i.__NVIC_ClearPendingIRQ                 0x000012a0   Section        0  ultrasonic.o(i.__NVIC_ClearPendingIRQ)
    __NVIC_ClearPendingIRQ                   0x000012a1   Thumb Code    22  ultrasonic.o(i.__NVIC_ClearPendingIRQ)
    i.__NVIC_EnableIRQ                       0x000012bc   Section        0  ultrasonic.o(i.__NVIC_EnableIRQ)
    __NVIC_EnableIRQ                         0x000012bd   Thumb Code    26  ultrasonic.o(i.__NVIC_EnableIRQ)
    i.__scatterload_copy                     0x000012d6   Section       14  handlers.o(i.__scatterload_copy)
    i.__scatterload_zeroinit                 0x000012e4   Section       14  handlers.o(i.__scatterload_zeroinit)
    i.endEscape                              0x000012f4   Section        0  car.o(i.endEscape)
    i.fpu_init                               0x00001308   Section        0  system_lpc407x_8x_177x_8x.o(i.fpu_init)
    i.goBackward                             0x00001358   Section        0  car.o(i.goBackward)
    i.goForward                              0x00001388   Section        0  car.o(i.goForward)
    i.init                                   0x000013b8   Section        0  main.o(i.init)
    i.isMoving                               0x000013c0   Section        0  car.o(i.isMoving)
    i.main                                   0x000013f4   Section        0  main.o(i.main)
    i.setFlags                               0x00001404   Section        0  car.o(i.setFlags)
    i.setMode                                0x00001428   Section        0  car.o(i.setMode)
    i.startEscape                            0x00001444   Section        0  car.o(i.startEscape)
    i.stopCar                                0x00001458   Section        0  car.o(i.stopCar)
    i.toggleMode                             0x00001484   Section        0  car.o(i.toggleMode)
    i.turnLeft                               0x000014bc   Section        0  car.o(i.turnLeft)
    i.turnRight                              0x000014f0   Section        0  car.o(i.turnRight)
    i.update                                 0x00001528   Section        0  main.o(i.update)
    i.updateSensorValues                     0x0000154c   Section        0  car.o(i.updateSensorValues)
    i.update_auto                            0x000015c4   Section        0  main.o(i.update_auto)
    i.update_manual                          0x00001638   Section        0  main.o(i.update_manual)
    .data                                    0x10000000   Section       52  car.o(.data)
    .data                                    0x10000034   Section       20  ultrasonic.o(.data)
    .data                                    0x10000048   Section        7  serial.o(.data)
    .data                                    0x1000004f   Section        3  esp8266.o(.data)
    .data                                    0x10000054   Section       16  system_lpc407x_8x_177x_8x.o(.data)
    .bss                                     0x10000064   Section      512  esp8266.o(.bss)
    STACK                                    0x10000268   Section     1024  startup_lpc407x_8x_177x_8x.o(STACK)

    Global Symbols

    Symbol Name                              Value     Ov Type        Size  Object(Section)

    BuildAttributes$$THM_ISAv4$E$P$D$K$B$S$7EM$VFPi3$EXTD16$VFPS$VFMA$PE$A:L22UL41UL21$X:L11$S22US41US21$IEEE1$IW$USESV6$~STKCKD$USESV7$~SHL$OSPACE$ROPI$EBA8$MICROLIB$REQ8$PRES8$EABIv2 0x00000000   Number         0  anon$$obj.o ABSOLUTE
    __ARM_use_no_argv                        0x00000000   Number         0  main.o ABSOLUTE
    __Vectors                                0x00000000   Data           4  startup_lpc407x_8x_177x_8x.o(RESET)
    __cpp_initialize__aeabi_                  - Undefined Weak Reference
    __cxa_finalize                            - Undefined Weak Reference
    __decompress                              - Undefined Weak Reference
    _clock_init                               - Undefined Weak Reference
    _microlib_exit                            - Undefined Weak Reference
    __main                                   0x000000e5   Thumb Code     0  entry.o(.ARM.Collect$$$$00000000)
    _main_stk                                0x000000e5   Thumb Code     0  entry2.o(.ARM.Collect$$$$00000001)
    _main_scatterload                        0x000000e9   Thumb Code     0  entry5.o(.ARM.Collect$$$$00000004)
    __main_after_scatterload                 0x000000ed   Thumb Code     0  entry5.o(.ARM.Collect$$$$00000004)
    _main_clock                              0x000000ed   Thumb Code     0  entry7b.o(.ARM.Collect$$$$00000008)
    _main_cpp_init                           0x000000ed   Thumb Code     0  entry8b.o(.ARM.Collect$$$$0000000A)
    _main_init                               0x000000ed   Thumb Code     0  entry9a.o(.ARM.Collect$$$$0000000B)
    __rt_final_cpp                           0x000000f5   Thumb Code     0  entry10a.o(.ARM.Collect$$$$0000000D)
    __rt_final_exit                          0x000000f5   Thumb Code     0  entry11a.o(.ARM.Collect$$$$0000000F)
    Reset_Handler                            0x000000f9   Thumb Code     8  startup_lpc407x_8x_177x_8x.o(.text)
    NMI_Handler                              0x00000101   Thumb Code     2  startup_lpc407x_8x_177x_8x.o(.text)
    HardFault_Handler                        0x00000103   Thumb Code     2  startup_lpc407x_8x_177x_8x.o(.text)
    MemManage_Handler                        0x00000105   Thumb Code     2  startup_lpc407x_8x_177x_8x.o(.text)
    BusFault_Handler                         0x00000107   Thumb Code     2  startup_lpc407x_8x_177x_8x.o(.text)
    UsageFault_Handler                       0x00000109   Thumb Code     2  startup_lpc407x_8x_177x_8x.o(.text)
    SVC_Handler                              0x0000010b   Thumb Code     2  startup_lpc407x_8x_177x_8x.o(.text)
    DebugMon_Handler                         0x0000010d   Thumb Code     2  startup_lpc407x_8x_177x_8x.o(.text)
    PendSV_Handler                           0x0000010f   Thumb Code     2  startup_lpc407x_8x_177x_8x.o(.text)
    SysTick_Handler                          0x00000111   Thumb Code     2  startup_lpc407x_8x_177x_8x.o(.text)
    ADC_IRQHandler                           0x00000113   Thumb Code     0  startup_lpc407x_8x_177x_8x.o(.text)
    BOD_IRQHandler                           0x00000113   Thumb Code     0  startup_lpc407x_8x_177x_8x.o(.text)
    CANActivity_IRQHandler                   0x00000113   Thumb Code     0  startup_lpc407x_8x_177x_8x.o(.text)
    CAN_IRQHandler                           0x00000113   Thumb Code     0  startup_lpc407x_8x_177x_8x.o(.text)
    DMA_IRQHandler                           0x00000113   Thumb Code     0  startup_lpc407x_8x_177x_8x.o(.text)
    EEPROM_IRQHandler                        0x00000113   Thumb Code     0  startup_lpc407x_8x_177x_8x.o(.text)
    EINT1_IRQHandler                         0x00000113   Thumb Code     0  startup_lpc407x_8x_177x_8x.o(.text)
    EINT2_IRQHandler                         0x00000113   Thumb Code     0  startup_lpc407x_8x_177x_8x.o(.text)
    EINT3_IRQHandler                         0x00000113   Thumb Code     0  startup_lpc407x_8x_177x_8x.o(.text)
    ENET_IRQHandler                          0x00000113   Thumb Code     0  startup_lpc407x_8x_177x_8x.o(.text)
    GPIO_IRQHandler                          0x00000113   Thumb Code     0  startup_lpc407x_8x_177x_8x.o(.text)
    I2C0_IRQHandler                          0x00000113   Thumb Code     0  startup_lpc407x_8x_177x_8x.o(.text)
    I2C1_IRQHandler                          0x00000113   Thumb Code     0  startup_lpc407x_8x_177x_8x.o(.text)
    I2C2_IRQHandler                          0x00000113   Thumb Code     0  startup_lpc407x_8x_177x_8x.o(.text)
    I2S_IRQHandler                           0x00000113   Thumb Code     0  startup_lpc407x_8x_177x_8x.o(.text)
    LCD_IRQHandler                           0x00000113   Thumb Code     0  startup_lpc407x_8x_177x_8x.o(.text)
    MCI_IRQHandler                           0x00000113   Thumb Code     0  startup_lpc407x_8x_177x_8x.o(.text)
    MCPWM_IRQHandler                         0x00000113   Thumb Code     0  startup_lpc407x_8x_177x_8x.o(.text)
    PLL0_IRQHandler                          0x00000113   Thumb Code     0  startup_lpc407x_8x_177x_8x.o(.text)
    PLL1_IRQHandler                          0x00000113   Thumb Code     0  startup_lpc407x_8x_177x_8x.o(.text)
    PWM0_IRQHandler                          0x00000113   Thumb Code     0  startup_lpc407x_8x_177x_8x.o(.text)
    PWM1_IRQHandler                          0x00000113   Thumb Code     0  startup_lpc407x_8x_177x_8x.o(.text)
    QEI_IRQHandler                           0x00000113   Thumb Code     0  startup_lpc407x_8x_177x_8x.o(.text)
    RTC_IRQHandler                           0x00000113   Thumb Code     0  startup_lpc407x_8x_177x_8x.o(.text)
    SSP0_IRQHandler                          0x00000113   Thumb Code     0  startup_lpc407x_8x_177x_8x.o(.text)
    SSP1_IRQHandler                          0x00000113   Thumb Code     0  startup_lpc407x_8x_177x_8x.o(.text)
    SSP2_IRQHandler                          0x00000113   Thumb Code     0  startup_lpc407x_8x_177x_8x.o(.text)
    TIMER0_IRQHandler                        0x00000113   Thumb Code     0  startup_lpc407x_8x_177x_8x.o(.text)
    TIMER1_IRQHandler                        0x00000113   Thumb Code     0  startup_lpc407x_8x_177x_8x.o(.text)
    UART1_IRQHandler                         0x00000113   Thumb Code     0  startup_lpc407x_8x_177x_8x.o(.text)
    UART2_IRQHandler                         0x00000113   Thumb Code     0  startup_lpc407x_8x_177x_8x.o(.text)
    UART4_IRQHandler                         0x00000113   Thumb Code     0  startup_lpc407x_8x_177x_8x.o(.text)
    USBActivity_IRQHandler                   0x00000113   Thumb Code     0  startup_lpc407x_8x_177x_8x.o(.text)
    USB_IRQHandler                           0x00000113   Thumb Code     0  startup_lpc407x_8x_177x_8x.o(.text)
    WDT_IRQHandler                           0x00000113   Thumb Code     0  startup_lpc407x_8x_177x_8x.o(.text)
    __aeabi_dmul                             0x0000011d   Thumb Code   228  dmul.o(.text)
    __aeabi_ddiv                             0x00000201   Thumb Code   222  ddiv.o(.text)
    __aeabi_ui2d                             0x000002df   Thumb Code    26  dfltui.o(.text)
    __I$use$fp                               0x000002f9   Thumb Code     0  iusefp.o(.text)
    __scatterload_null                       0x000002f9   Thumb Code     2  handlers.o(i.__scatterload_null)
    __aeabi_d2uiz                            0x00000301   Thumb Code    50  dfixui.o(.text)
    __aeabi_llsr                             0x00000333   Thumb Code    32  llushr.o(.text)
    _ll_ushift_r                             0x00000333   Thumb Code     0  llushr.o(.text)
    _double_round                            0x00000353   Thumb Code    30  depilogue.o(.text)
    _double_epilogue                         0x00000371   Thumb Code   156  depilogue.o(.text)
    __scatterload                            0x0000040d   Thumb Code    28  init.o(.text)
    __scatterload_rt2                        0x0000040d   Thumb Code     0  init.o(.text)
    __aeabi_llsl                             0x00000431   Thumb Code    30  llshl.o(.text)
    _ll_shift_l                              0x00000431   Thumb Code     0  llshl.o(.text)
    ADC_Init                                 0x00000451   Thumb Code    46  adc.o(i.ADC_Init)
    ADC_Read                                 0x0000048d   Thumb Code    82  adc.o(i.ADC_Read)
    ADC_Start                                0x000004e5   Thumb Code    14  adc.o(i.ADC_Start)
    ADC_Stop                                 0x000004f9   Thumb Code    14  adc.o(i.ADC_Stop)
    Car_Init                                 0x0000050d   Thumb Code    58  car.o(i.Car_Init)
    EINT0_IRQHandler                         0x00000549   Thumb Code    22  external.o(i.EINT0_IRQHandler)
    ESP8266_ReadData                         0x00000569   Thumb Code    20  esp8266.o(i.ESP8266_ReadData)
    External_Init                            0x00000581   Thumb Code    64  external.o(i.External_Init)
    GPIO_DIR_Write                           0x000005cd   Thumb Code    18  gpio.o(i.GPIO_DIR_Write)
    GPIO_PIN_Read                            0x000005df   Thumb Code    10  gpio.o(i.GPIO_PIN_Read)
    GPIO_PIN_Write                           0x000005e9   Thumb Code    18  gpio.o(i.GPIO_PIN_Write)
    Joystick_Center_Pressed                  0x000005fd   Thumb Code    20  joystick.o(i.Joystick_Center_Pressed)
    Joystick_Down_Pressed                    0x00000615   Thumb Code    20  joystick.o(i.Joystick_Down_Pressed)
    Joystick_Init                            0x0000062d   Thumb Code    54  joystick.o(i.Joystick_Init)
    Joystick_Left_Pressed                    0x00000669   Thumb Code    20  joystick.o(i.Joystick_Left_Pressed)
    Joystick_Right_Pressed                   0x00000681   Thumb Code    20  joystick.o(i.Joystick_Right_Pressed)
    Joystick_Up_Pressed                      0x00000699   Thumb Code    20  joystick.o(i.Joystick_Up_Pressed)
    LDR_Init                                 0x000006b1   Thumb Code    22  ldr.o(i.LDR_Init)
    LDR_Left_Read_Data                       0x000006cd   Thumb Code    14  ldr.o(i.LDR_Left_Read_Data)
    LDR_Right_Read_Data                      0x000006db   Thumb Code    14  ldr.o(i.LDR_Right_Read_Data)
    LED_Controller                           0x000006e9   Thumb Code   164  led.o(i.LED_Controller)
    LED_Init                                 0x00000795   Thumb Code    62  led.o(i.LED_Init)
    LED_Off                                  0x000007e1   Thumb Code    18  led.o(i.LED_Off)
    LED_On                                   0x000007f3   Thumb Code    18  led.o(i.LED_On)
    LED_Write                                0x00000805   Thumb Code    16  led.o(i.LED_Write)
    Motor_Controller                         0x00000819   Thumb Code    82  motor.o(i.Motor_Controller)
    Motor_Direction_Init                     0x00000871   Thumb Code    58  motor.o(i.Motor_Direction_Init)
    Motor_Handle                             0x000008b1   Thumb Code    94  motor.o(i.Motor_Handle)
    Motor_Init                               0x0000090f   Thumb Code    12  motor.o(i.Motor_Init)
    Motor_PWM_Init                           0x0000091d   Thumb Code    38  motor.o(i.Motor_PWM_Init)
    Motor_Write                              0x0000094d   Thumb Code    28  motor.o(i.Motor_Write)
    PWM_Cycle_Rate                           0x0000096d   Thumb Code    24  pwm.o(i.PWM_Cycle_Rate)
    PWM_Init                                 0x00000985   Thumb Code    92  pwm.o(i.PWM_Init)
    PWM_Write                                0x000009e9   Thumb Code   142  pwm.o(i.PWM_Write)
    Serial_Init                              0x00000a81   Thumb Code   178  serial.o(i.Serial_Init)
    Serial_ReadData                          0x00000b49   Thumb Code     6  serial.o(i.Serial_ReadData)
    Serial_Write                             0x00000b55   Thumb Code    22  serial.o(i.Serial_Write)
    Serial_WriteData                         0x00000b6d   Thumb Code    12  serial.o(i.Serial_WriteData)
    SystemCoreClockUpdate                    0x00000b81   Thumb Code   696  system_lpc407x_8x_177x_8x.o(i.SystemCoreClockUpdate)
    SystemInit                               0x00000e55   Thumb Code   220  system_lpc407x_8x_177x_8x.o(i.SystemInit)
    TIMER2_IRQHandler                        0x00000f41   Thumb Code    72  ultrasonic.o(i.TIMER2_IRQHandler)
    TIMER3_IRQHandler                        0x00000f95   Thumb Code   124  ultrasonic.o(i.TIMER3_IRQHandler)
    Trimpot_Init                             0x00001025   Thumb Code    12  trimpot.o(i.Trimpot_Init)
    Trimpot_Read_Data                        0x00001035   Thumb Code    12  trimpot.o(i.Trimpot_Read_Data)
    UART0_IRQHandler                         0x00001041   Thumb Code   170  serial.o(i.UART0_IRQHandler)
    UART3_IRQHandler                         0x00001139   Thumb Code    28  esp8266.o(i.UART3_IRQHandler)
    Ultrasonic_Capture_Timer_Init            0x0000115d   Thumb Code    84  ultrasonic.o(i.Ultrasonic_Capture_Timer_Init)
    Ultrasonic_Get_Distance                  0x000011bd   Thumb Code    26  ultrasonic.o(i.Ultrasonic_Get_Distance)
    Ultrasonic_Start_Trigger                 0x000011e5   Thumb Code    38  ultrasonic.o(i.Ultrasonic_Start_Trigger)
    Ultrasonic_Trigger_Timer_Init            0x00001211   Thumb Code   122  ultrasonic.o(i.Ultrasonic_Trigger_Timer_Init)
    __scatterload_copy                       0x000012d7   Thumb Code    14  handlers.o(i.__scatterload_copy)
    __scatterload_zeroinit                   0x000012e5   Thumb Code    14  handlers.o(i.__scatterload_zeroinit)
    endEscape                                0x000012f5   Thumb Code    14  car.o(i.endEscape)
    fpu_init                                 0x00001309   Thumb Code    62  system_lpc407x_8x_177x_8x.o(i.fpu_init)
    goBackward                               0x00001359   Thumb Code    44  car.o(i.goBackward)
    goForward                                0x00001389   Thumb Code    44  car.o(i.goForward)
    init                                     0x000013b9   Thumb Code     8  main.o(i.init)
    isMoving                                 0x000013c1   Thumb Code    34  car.o(i.isMoving)
    main                                     0x000013f5   Thumb Code    16  main.o(i.main)
    setFlags                                 0x00001405   Thumb Code    20  car.o(i.setFlags)
    setMode                                  0x00001429   Thumb Code    20  car.o(i.setMode)
    startEscape                              0x00001445   Thumb Code    14  car.o(i.startEscape)
    stopCar                                  0x00001459   Thumb Code    42  car.o(i.stopCar)
    toggleMode                               0x00001485   Thumb Code    48  car.o(i.toggleMode)
    turnLeft                                 0x000014bd   Thumb Code    48  car.o(i.turnLeft)
    turnRight                                0x000014f1   Thumb Code    50  car.o(i.turnRight)
    update                                   0x00001529   Thumb Code    30  main.o(i.update)
    updateSensorValues                       0x0000154d   Thumb Code    94  car.o(i.updateSensorValues)
    update_auto                              0x000015c5   Thumb Code    94  main.o(i.update_auto)
    update_manual                            0x00001639   Thumb Code   188  main.o(i.update_manual)
    Region$$Table$$Base                      0x0000170c   Number         0  anon$$obj.o(Region$$Table)
    Region$$Table$$Limit                     0x0000172c   Number         0  anon$$obj.o(Region$$Table)
    TURN_LEFT_FLAG                           0x10000000   Data           4  car.o(.data)
    TURN_RIGHT_FLAG                          0x10000004   Data           4  car.o(.data)
    FORWARD_FLAG                             0x10000008   Data           4  car.o(.data)
    BACKWARD_FLAG                            0x1000000c   Data           4  car.o(.data)
    IS_ESCAPING                              0x10000010   Data           4  car.o(.data)
    speed                                    0x10000014   Data           4  car.o(.data)
    mode                                     0x10000018   Data           4  car.o(.data)
    active                                   0x1000001c   Data           4  car.o(.data)
    turnCount                                0x10000020   Data           4  car.o(.data)
    distance                                 0x10000024   Data           4  car.o(.data)
    LDR_Left_Value                           0x10000028   Data           4  car.o(.data)
    LDR_Right_Value                          0x1000002c   Data           4  car.o(.data)
    LDR_Difference                           0x10000030   Data           4  car.o(.data)
    isUltrasonicSensorTriggerEnded           0x10000034   Data           1  ultrasonic.o(.data)
    ultrasonicSensorEdgeCount                0x10000035   Data           1  ultrasonic.o(.data)
    ultrasonicSensorRisingTime               0x10000038   Data           4  ultrasonic.o(.data)
    ultrasonicSensorFallingTime              0x1000003c   Data           4  ultrasonic.o(.data)
    ultrasonicSensorDuration                 0x10000040   Data           4  ultrasonic.o(.data)
    ultrasonicSensorDistance                 0x10000044   Data           4  ultrasonic.o(.data)
    serialTransmitData                       0x10000048   Data           4  serial.o(.data)
    serialTransmitCompleted                  0x1000004c   Data           1  serial.o(.data)
    serialReceivedCharacter                  0x1000004d   Data           1  serial.o(.data)
    serialLastCharacter                      0x1000004e   Data           1  serial.o(.data)
    esp8266CurrentBufferIndex                0x1000004f   Data           1  esp8266.o(.data)
    esp8266ResponseStartIndex                0x10000050   Data           1  esp8266.o(.data)
    esp8266ResponseCurrentIndex              0x10000051   Data           1  esp8266.o(.data)
    SystemCoreClock                          0x10000054   Data           4  system_lpc407x_8x_177x_8x.o(.data)
    PeripheralClock                          0x10000058   Data           4  system_lpc407x_8x_177x_8x.o(.data)
    EMCClock                                 0x1000005c   Data           4  system_lpc407x_8x_177x_8x.o(.data)
    USBClock                                 0x10000060   Data           4  system_lpc407x_8x_177x_8x.o(.data)
    esp8266Buffer                            0x10000064   Data         256  esp8266.o(.bss)
    esp8266Response                          0x10000164   Data         256  esp8266.o(.bss)
    __initial_sp                             0x10000668   Data           0  startup_lpc407x_8x_177x_8x.o(STACK)



==============================================================================

Memory Map of the image

  Image Entry point : 0x000000f9

  Load Region LR_1 (Base: 0x00000000, Size: 0x00001790, Max: 0xffffffff, ABSOLUTE)

    Execution Region ER_RO (Exec base: 0x00000000, Load base: 0x00000000, Size: 0x0000172c, Max: 0xffffffff, ABSOLUTE)

    Exec Addr    Load Addr    Size         Type   Attr      Idx    E Section Name        Object

    0x00000000   0x00000000   0x000000e4   Data   RO          935    RESET               startup_lpc407x_8x_177x_8x.o
    0x000000e4   0x000000e4   0x00000000   Code   RO          985  * .ARM.Collect$$$$00000000  mc_w.l(entry.o)
    0x000000e4   0x000000e4   0x00000004   Code   RO          998    .ARM.Collect$$$$00000001  mc_w.l(entry2.o)
    0x000000e8   0x000000e8   0x00000004   Code   RO         1001    .ARM.Collect$$$$00000004  mc_w.l(entry5.o)
    0x000000ec   0x000000ec   0x00000000   Code   RO         1003    .ARM.Collect$$$$00000008  mc_w.l(entry7b.o)
    0x000000ec   0x000000ec   0x00000000   Code   RO         1005    .ARM.Collect$$$$0000000A  mc_w.l(entry8b.o)
    0x000000ec   0x000000ec   0x00000008   Code   RO         1006    .ARM.Collect$$$$0000000B  mc_w.l(entry9a.o)
    0x000000f4   0x000000f4   0x00000000   Code   RO         1008    .ARM.Collect$$$$0000000D  mc_w.l(entry10a.o)
    0x000000f4   0x000000f4   0x00000000   Code   RO         1010    .ARM.Collect$$$$0000000F  mc_w.l(entry11a.o)
    0x000000f4   0x000000f4   0x00000004   Code   RO          999    .ARM.Collect$$$$00002712  mc_w.l(entry2.o)
    0x000000f8   0x000000f8   0x00000024   Code   RO          937  * .text               startup_lpc407x_8x_177x_8x.o
    0x0000011c   0x0000011c   0x000000e4   Code   RO          990    .text               mf_w.l(dmul.o)
    0x00000200   0x00000200   0x000000de   Code   RO          992    .text               mf_w.l(ddiv.o)
    0x000002de   0x000002de   0x0000001a   Code   RO          994    .text               mf_w.l(dfltui.o)
    0x000002f8   0x000002f8   0x00000000   Code   RO         1014    .text               mc_w.l(iusefp.o)
    0x000002f8   0x000002f8   0x00000002   Code   RO         1024    i.__scatterload_null  mc_w.l(handlers.o)
    0x000002fa   0x000002fa   0x00000002   PAD
    0x000002fc   0x000002fc   0x00000004   Code   RO          936    .ARM.__at_0x02FC    startup_lpc407x_8x_177x_8x.o
    0x00000300   0x00000300   0x00000032   Code   RO          996    .text               mf_w.l(dfixui.o)
    0x00000332   0x00000332   0x00000020   Code   RO         1012    .text               mc_w.l(llushr.o)
    0x00000352   0x00000352   0x000000ba   Code   RO         1015    .text               mf_w.l(depilogue.o)
    0x0000040c   0x0000040c   0x00000024   Code   RO         1017    .text               mc_w.l(init.o)
    0x00000430   0x00000430   0x0000001e   Code   RO         1019    .text               mc_w.l(llshl.o)
    0x0000044e   0x0000044e   0x00000002   PAD
    0x00000450   0x00000450   0x0000003c   Code   RO          572    i.ADC_Init          adc.o
    0x0000048c   0x0000048c   0x00000058   Code   RO          573    i.ADC_Read          adc.o
    0x000004e4   0x000004e4   0x00000014   Code   RO          574    i.ADC_Start         adc.o
    0x000004f8   0x000004f8   0x00000014   Code   RO          575    i.ADC_Stop          adc.o
    0x0000050c   0x0000050c   0x0000003a   Code   RO          441    i.Car_Init          car.o
    0x00000546   0x00000546   0x00000002   PAD
    0x00000548   0x00000548   0x00000020   Code   RO          617    i.EINT0_IRQHandler  external.o
    0x00000568   0x00000568   0x00000018   Code   RO          858    i.ESP8266_ReadData  esp8266.o
    0x00000580   0x00000580   0x0000004c   Code   RO          618    i.External_Init     external.o
    0x000005cc   0x000005cc   0x00000012   Code   RO          141    i.GPIO_DIR_Write    gpio.o
    0x000005de   0x000005de   0x0000000a   Code   RO          142    i.GPIO_PIN_Read     gpio.o
    0x000005e8   0x000005e8   0x00000012   Code   RO          143    i.GPIO_PIN_Write    gpio.o
    0x000005fa   0x000005fa   0x00000002   PAD
    0x000005fc   0x000005fc   0x00000018   Code   RO          180    i.Joystick_Center_Pressed  joystick.o
    0x00000614   0x00000614   0x00000018   Code   RO          181    i.Joystick_Down_Pressed  joystick.o
    0x0000062c   0x0000062c   0x0000003c   Code   RO          182    i.Joystick_Init     joystick.o
    0x00000668   0x00000668   0x00000018   Code   RO          183    i.Joystick_Left_Pressed  joystick.o
    0x00000680   0x00000680   0x00000018   Code   RO          184    i.Joystick_Right_Pressed  joystick.o
    0x00000698   0x00000698   0x00000018   Code   RO          185    i.Joystick_Up_Pressed  joystick.o
    0x000006b0   0x000006b0   0x0000001c   Code   RO          659    i.LDR_Init          ldr.o
    0x000006cc   0x000006cc   0x0000000e   Code   RO          660    i.LDR_Left_Read_Data  ldr.o
    0x000006da   0x000006da   0x0000000e   Code   RO          661    i.LDR_Right_Read_Data  ldr.o
    0x000006e8   0x000006e8   0x000000ac   Code   RO          279    i.LED_Controller    led.o
    0x00000794   0x00000794   0x0000004c   Code   RO          280    i.LED_Init          led.o
    0x000007e0   0x000007e0   0x00000012   Code   RO          281    i.LED_Off           led.o
    0x000007f2   0x000007f2   0x00000012   Code   RO          282    i.LED_On            led.o
    0x00000804   0x00000804   0x00000014   Code   RO          283    i.LED_Write         led.o
    0x00000818   0x00000818   0x00000058   Code   RO          330    i.Motor_Controller  motor.o
    0x00000870   0x00000870   0x00000040   Code   RO          331    i.Motor_Direction_Init  motor.o
    0x000008b0   0x000008b0   0x0000005e   Code   RO          332    i.Motor_Handle      motor.o
    0x0000090e   0x0000090e   0x0000000c   Code   RO          333    i.Motor_Init        motor.o
    0x0000091a   0x0000091a   0x00000002   PAD
    0x0000091c   0x0000091c   0x00000030   Code   RO          334    i.Motor_PWM_Init    motor.o
    0x0000094c   0x0000094c   0x00000020   Code   RO          335    i.Motor_Write       motor.o
    0x0000096c   0x0000096c   0x00000018   Code   RO          237    i.PWM_Cycle_Rate    pwm.o
    0x00000984   0x00000984   0x00000064   Code   RO          238    i.PWM_Init          pwm.o
    0x000009e8   0x000009e8   0x00000098   Code   RO          239    i.PWM_Write         pwm.o
    0x00000a80   0x00000a80   0x000000c8   Code   RO          799    i.Serial_Init       serial.o
    0x00000b48   0x00000b48   0x0000000c   Code   RO          800    i.Serial_ReadData   serial.o
    0x00000b54   0x00000b54   0x00000016   Code   RO          801    i.Serial_Write      serial.o
    0x00000b6a   0x00000b6a   0x00000002   PAD
    0x00000b6c   0x00000b6c   0x00000014   Code   RO          802    i.Serial_WriteData  serial.o
    0x00000b80   0x00000b80   0x000002d4   Code   RO          946    i.SystemCoreClockUpdate  system_lpc407x_8x_177x_8x.o
    0x00000e54   0x00000e54   0x000000ec   Code   RO          947    i.SystemInit        system_lpc407x_8x_177x_8x.o
    0x00000f40   0x00000f40   0x00000054   Code   RO          725    i.TIMER2_IRQHandler  ultrasonic.o
    0x00000f94   0x00000f94   0x00000090   Code   RO          726    i.TIMER3_IRQHandler  ultrasonic.o
    0x00001024   0x00001024   0x00000010   Code   RO          695    i.Trimpot_Init      trimpot.o
    0x00001034   0x00001034   0x0000000c   Code   RO          696    i.Trimpot_Read_Data  trimpot.o
    0x00001040   0x00001040   0x000000f8   Code   RO          803    i.UART0_IRQHandler  serial.o
    0x00001138   0x00001138   0x00000024   Code   RO          865    i.UART3_IRQHandler  esp8266.o
    0x0000115c   0x0000115c   0x00000060   Code   RO          727    i.Ultrasonic_Capture_Timer_Init  ultrasonic.o
    0x000011bc   0x000011bc   0x00000028   Code   RO          728    i.Ultrasonic_Get_Distance  ultrasonic.o
    0x000011e4   0x000011e4   0x0000002c   Code   RO          729    i.Ultrasonic_Start_Trigger  ultrasonic.o
    0x00001210   0x00001210   0x00000090   Code   RO          730    i.Ultrasonic_Trigger_Timer_Init  ultrasonic.o
    0x000012a0   0x000012a0   0x0000001c   Code   RO          731    i.__NVIC_ClearPendingIRQ  ultrasonic.o
    0x000012bc   0x000012bc   0x0000001a   Code   RO          732    i.__NVIC_EnableIRQ  ultrasonic.o
    0x000012d6   0x000012d6   0x0000000e   Code   RO         1023    i.__scatterload_copy  mc_w.l(handlers.o)
    0x000012e4   0x000012e4   0x0000000e   Code   RO         1025    i.__scatterload_zeroinit  mc_w.l(handlers.o)
    0x000012f2   0x000012f2   0x00000002   PAD
    0x000012f4   0x000012f4   0x00000014   Code   RO          443    i.endEscape         car.o
    0x00001308   0x00001308   0x00000050   Code   RO          948    i.fpu_init          system_lpc407x_8x_177x_8x.o
    0x00001358   0x00001358   0x00000030   Code   RO          444    i.goBackward        car.o
    0x00001388   0x00001388   0x00000030   Code   RO          445    i.goForward         car.o
    0x000013b8   0x000013b8   0x00000008   Code   RO            4    i.init              main.o
    0x000013c0   0x000013c0   0x00000034   Code   RO          446    i.isMoving          car.o
    0x000013f4   0x000013f4   0x00000010   Code   RO            5    i.main              main.o
    0x00001404   0x00001404   0x00000024   Code   RO          447    i.setFlags          car.o
    0x00001428   0x00001428   0x0000001c   Code   RO          448    i.setMode           car.o
    0x00001444   0x00001444   0x00000014   Code   RO          449    i.startEscape       car.o
    0x00001458   0x00001458   0x0000002a   Code   RO          450    i.stopCar           car.o
    0x00001482   0x00001482   0x00000002   PAD
    0x00001484   0x00001484   0x00000038   Code   RO          451    i.toggleMode        car.o
    0x000014bc   0x000014bc   0x00000034   Code   RO          452    i.turnLeft          car.o
    0x000014f0   0x000014f0   0x00000038   Code   RO          453    i.turnRight         car.o
    0x00001528   0x00001528   0x00000024   Code   RO            6    i.update            main.o
    0x0000154c   0x0000154c   0x00000078   Code   RO          454    i.updateSensorValues  car.o
    0x000015c4   0x000015c4   0x00000074   Code   RO            7    i.update_auto       main.o
    0x00001638   0x00001638   0x000000d4   Code   RO            8    i.update_manual     main.o
    0x0000170c   0x0000170c   0x00000020   Data   RO         1021    Region$$Table       anon$$obj.o


    Execution Region ER_RW (Exec base: 0x10000000, Load base: 0x0000172c, Size: 0x00000064, Max: 0xffffffff, ABSOLUTE)

    Exec Addr    Load Addr    Size         Type   Attr      Idx    E Section Name        Object

    0x10000000   0x0000172c   0x00000034   Data   RW          455    .data               car.o
    0x10000034   0x00001760   0x00000014   Data   RW          733    .data               ultrasonic.o
    0x10000048   0x00001774   0x00000007   Data   RW          804    .data               serial.o
    0x1000004f   0x0000177b   0x00000003   Data   RW          867    .data               esp8266.o
    0x10000052   0x0000177e   0x00000002   PAD
    0x10000054   0x00001780   0x00000010   Data   RW          949    .data               system_lpc407x_8x_177x_8x.o


    Execution Region ER_ZI (Exec base: 0x10000064, Load base: 0x00001790, Size: 0x00000604, Max: 0xffffffff, ABSOLUTE)

    Exec Addr    Load Addr    Size         Type   Attr      Idx    E Section Name        Object

    0x10000064        -       0x00000200   Zero   RW          866    .bss                esp8266.o
    0x10000264   0x00001790   0x00000004   PAD
    0x10000268        -       0x00000400   Zero   RW          933    STACK               startup_lpc407x_8x_177x_8x.o


==============================================================================

Image component sizes


      Code (inc. data)   RO Data    RW Data    ZI Data      Debug   Object Name

       188         32          0          0          0       2233   adc.o
       636        106          0         52          0       7032   car.o
        60         12          0          3        512       1710   esp8266.o
       108         22          0          0          0      31226   external.o
        46          0          0          0          0       2810   gpio.o
       180         26          0          0          0       3121   joystick.o
        56          6          0          0          0       1410   ldr.o
       304         26          0          0          0       3031   led.o
       388         52          0          0          0      29153   main.o
       338         26          0          0          0       3541   motor.o
       276         18          0          0          0       3088   pwm.o
       502        114          0          7          0      33433   serial.o
        40         12        228          0       1024       1072   startup_lpc407x_8x_177x_8x.o
      1040         62          0         16          0       4540   system_lpc407x_8x_177x_8x.o
        28          4          0          0          0        943   trimpot.o
       606         92          0         20          0      35036   ultrasonic.o

    ----------------------------------------------------------------------
      4806        610        260        100       1540     163379   Object Totals
         0          0         32          0          0          0   (incl. Generated)
        10          0          0          2          4          0   (incl. Padding)

    ----------------------------------------------------------------------

      Code (inc. data)   RO Data    RW Data    ZI Data      Debug   Library Member Name

         0          0          0          0          0          0   entry.o
         0          0          0          0          0          0   entry10a.o
         0          0          0          0          0          0   entry11a.o
         8          4          0          0          0          0   entry2.o
         4          0          0          0          0          0   entry5.o
         0          0          0          0          0          0   entry7b.o
         0          0          0          0          0          0   entry8b.o
         8          4          0          0          0          0   entry9a.o
        30          0          0          0          0          0   handlers.o
        36          8          0          0          0         68   init.o
         0          0          0          0          0          0   iusefp.o
        30          0          0          0          0         68   llshl.o
        32          0          0          0          0         68   llushr.o
       222          0          0          0          0        100   ddiv.o
       186          0          0          0          0        176   depilogue.o
        50          0          0          0          0         76   dfixui.o
        26          0          0          0          0         76   dfltui.o
       228          0          0          0          0         96   dmul.o

    ----------------------------------------------------------------------
       866         16          0          0          0        728   Library Totals
         6          0          0          0          0          0   (incl. Padding)

    ----------------------------------------------------------------------

      Code (inc. data)   RO Data    RW Data    ZI Data      Debug   Library Name

       148         16          0          0          0        204   mc_w.l
       712          0          0          0          0        524   mf_w.l

    ----------------------------------------------------------------------
       866         16          0          0          0        728   Library Totals

    ----------------------------------------------------------------------

==============================================================================


      Code (inc. data)   RO Data    RW Data    ZI Data      Debug   

      5672        626        260        100       1540     157499   Grand Totals
      5672        626        260        100       1540     157499   ELF Image Totals
      5672        626        260        100          0          0   ROM Totals

==============================================================================

    Total RO  Size (Code + RO Data)                 5932 (   5.79kB)
    Total RW  Size (RW Data + ZI Data)              1640 (   1.60kB)
    Total ROM Size (Code + RO Data + RW Data)       6032 (   5.89kB)

==============================================================================

